Archive member included to satisfy reference by file (symbol)

/home/jared/SER486-EmbeddedC/Final_Project/lib_projd.a(alarm.o)
                              obj/Release/main.o (alarm_send)
/home/jared/SER486-EmbeddedC/Final_Project/lib_projd.a(config.o)
                              obj/Release/temputil.o (config_set_modified)
/home/jared/SER486-EmbeddedC/Final_Project/lib_projd.a(delay.o)
                              obj/Release/main.o (delay_isdone)
/home/jared/SER486-EmbeddedC/Final_Project/lib_projd.a(Dhcp.o)
                              obj/Release/main.o (dhcp_getLocalIp)
/home/jared/SER486-EmbeddedC/Final_Project/lib_projd.a(eeprom.o)
                              /home/jared/SER486-EmbeddedC/Final_Project/lib_projd.a(config.o) (eeprom_writebuf)
/home/jared/SER486-EmbeddedC/Final_Project/lib_projd.a(led.o)
                              obj/Release/main.o (led_init)
/home/jared/SER486-EmbeddedC/Final_Project/lib_projd.a(log.o)
                              obj/Release/main.o (log_init)
/home/jared/SER486-EmbeddedC/Final_Project/lib_projd.a(ntp.o)
                              obj/Release/main.o (ntp_sync_network_time)
/home/jared/SER486-EmbeddedC/Final_Project/lib_projd.a(rtc.o)
                              obj/Release/main.o (rtc_init)
/home/jared/SER486-EmbeddedC/Final_Project/lib_projd.a(signature.o)
                              obj/Release/main.o (signature_set)
/home/jared/SER486-EmbeddedC/Final_Project/lib_projd.a(socket.o)
                              /home/jared/SER486-EmbeddedC/Final_Project/lib_projd.a(alarm.o) (udpsocket_open_multicast)
/home/jared/SER486-EmbeddedC/Final_Project/lib_projd.a(spi.o)
                              obj/Release/main.o (spi_init)
/home/jared/SER486-EmbeddedC/Final_Project/lib_projd.a(str.o)
                              /home/jared/SER486-EmbeddedC/Final_Project/lib_projd.a(Dhcp.o) (mem_cpy)
/home/jared/SER486-EmbeddedC/Final_Project/lib_projd.a(temp.o)
                              obj/Release/main.o (temp_init)
/home/jared/SER486-EmbeddedC/Final_Project/lib_projd.a(tempfsm.o)
                              obj/Release/main.o (tempfsm_init)
/home/jared/SER486-EmbeddedC/Final_Project/lib_projd.a(timer1.o)
                              /home/jared/SER486-EmbeddedC/Final_Project/lib_projd.a(rtc.o) (timer1_init)
/home/jared/SER486-EmbeddedC/Final_Project/lib_projd.a(uart.o)
                              obj/Release/main.o (uart_init)
/home/jared/SER486-EmbeddedC/Final_Project/lib_projd.a(util.o)
                              /home/jared/SER486-EmbeddedC/Final_Project/lib_projd.a(signature.o) (str_cmp)
/home/jared/SER486-EmbeddedC/Final_Project/lib_projd.a(vpd.o)
                              obj/Release/httpfsm.o (vpd)
/home/jared/SER486-EmbeddedC/Final_Project/lib_projd.a(w5x00.o)
                              obj/Release/main.o (W5x_config)
/home/jared/SER486-EmbeddedC/Final_Project/lib_projd.a(wdt.o)
                              obj/Release/main.o (wdt_init)
/home/jared/SER486-EmbeddedC/Final_Project/lib_projd.a(serial.o)
                              /home/jared/SER486-EmbeddedC/Final_Project/lib_projd.a(uart.o) (serial_init)
/usr/lib/gcc/avr/5.4.0/avr5/libgcc.a(_mulsi3.o)
                              /home/jared/SER486-EmbeddedC/Final_Project/lib_projd.a(rtc.o) (__mulsi3)
/usr/lib/gcc/avr/5.4.0/avr5/libgcc.a(_udivmodhi4.o)
                              /home/jared/SER486-EmbeddedC/Final_Project/lib_projd.a(rtc.o) (__udivmodhi4)
/usr/lib/gcc/avr/5.4.0/avr5/libgcc.a(_divmodhi4.o)
                              /home/jared/SER486-EmbeddedC/Final_Project/lib_projd.a(log.o) (__divmodhi4)
/usr/lib/gcc/avr/5.4.0/avr5/libgcc.a(_udivmodsi4.o)
                              /home/jared/SER486-EmbeddedC/Final_Project/lib_projd.a(Dhcp.o) (__udivmodsi4)
/usr/lib/gcc/avr/5.4.0/avr5/libgcc.a(_divmodsi4.o)
                              /home/jared/SER486-EmbeddedC/Final_Project/lib_projd.a(socket.o) (__divmodsi4)
/usr/lib/gcc/avr/5.4.0/avr5/libgcc.a(_negsi2.o)
                              /usr/lib/gcc/avr/5.4.0/avr5/libgcc.a(_divmodsi4.o) (__negsi2)
/usr/lib/gcc/avr/5.4.0/avr5/libgcc.a(_exit.o)
                              /usr/lib/gcc/avr/5.4.0/../../../avr/lib/avr5/crtatmega328p.o (exit)
/usr/lib/gcc/avr/5.4.0/avr5/libgcc.a(_tablejump2.o)
                              obj/Release/httpfsm.o (__tablejump2__)
/usr/lib/gcc/avr/5.4.0/avr5/libgcc.a(_copy_data.o)
                              obj/Release/httpfsm.o (__do_copy_data)
/usr/lib/gcc/avr/5.4.0/avr5/libgcc.a(_clear_bss.o)
                              obj/Release/httpfsm.o (__do_clear_bss)
/usr/lib/gcc/avr/5.4.0/avr5/libgcc.a(_bswapsi2.o)
                              /home/jared/SER486-EmbeddedC/Final_Project/lib_projd.a(Dhcp.o) (__bswapsi2)
/usr/lib/gcc/avr/5.4.0/avr5/libgcc.a(_umulhisi3.o)
                              /home/jared/SER486-EmbeddedC/Final_Project/lib_projd.a(rtc.o) (__umulhisi3)
/usr/lib/gcc/avr/5.4.0/avr5/libgcc.a(_muluhisi3.o)
[...]
Memory Configuration

Name             Origin             Length             Attributes
text             0x0000000000000000 0x0000000000020000 xr
data             0x0000000000800060 0x000000000000ffa0 rw !x
eeprom           0x0000000000810000 0x0000000000010000 rw !x
fuse             0x0000000000820000 0x0000000000000003 rw !x
lock             0x0000000000830000 0x0000000000000400 rw !x
signature        0x0000000000840000 0x0000000000000400 rw !x
user_signatures  0x0000000000850000 0x0000000000000400 rw !x
*default*        0x0000000000000000 0xffffffffffffffff

Linker script and memory map

Address of section .data set to 0x800100
LOAD /usr/lib/gcc/avr/5.4.0/../../../avr/lib/avr5/crtatmega328p.o
LOAD obj/Release/httpfsm.o
LOAD obj/Release/main.o
LOAD obj/Release/temputil.o
LOAD /home/jared/SER486-EmbeddedC/Final_Project/lib_projd.a
LOAD /usr/lib/gcc/avr/5.4.0/avr5/libgcc.a
LOAD /usr/lib/gcc/avr/5.4.0/../../../avr/lib/avr5/libm.a
START GROUP
LOAD /usr/lib/gcc/avr/5.4.0/avr5/libgcc.a
LOAD /usr/lib/gcc/avr/5.4.0/../../../avr/lib/avr5/libm.a
LOAD /usr/lib/gcc/avr/5.4.0/../../../avr/lib/avr5/libc.a
LOAD /usr/lib/gcc/avr/5.4.0/../../../avr/lib/avr5/libatmega328p.a
END GROUP
                0x0000000000020000                __TEXT_REGION_LENGTH__ = DEFINED (__TEXT_REGION_LENGTH__)?__TEXT_REGION_LENGTH__:0x20000
                0x000000000000ffa0                __DATA_REGION_LENGTH__ = DEFINED (__DATA_REGION_LENGTH__)?__DATA_REGION_LENGTH__:0xffa0
                0x0000000000010000                __EEPROM_REGION_LENGTH__ = DEFINED (__EEPROM_REGION_LENGTH__)?__EEPROM_REGION_LENGTH__:0x10000
                [0x0000000000000003]                __FUSE_REGION_LENGTH__ = DEFINED (__FUSE_REGION_LENGTH__)?__FUSE_REGION_LENGTH__:0x400
                0x0000000000000400                __LOCK_REGION_LENGTH__ = DEFINED (__LOCK_REGION_LENGTH__)?__LOCK_REGION_LENGTH__:0x400
                0x0000000000000400                __SIGNATURE_REGION_LENGTH__ = DEFINED (__SIGNATURE_REGION_LENGTH__)?__SIGNATURE_REGION_LENGTH__:0x400
                0x0000000000000400                __USER_SIGNATURE_REGION_LENGTH__ = DEFINED (__USER_SIGNATURE_REGION_LENGTH__)?__USER_SIGNATURE_REGION_LENGTH__:0x400

.hash
 *(.hash)

.dynsym
 *(.dynsym)

.dynstr
 *(.dynstr)

.gnu.version
 *(.gnu.version)

.gnu.version_d
 *(.gnu.version_d)

.gnu.version_r
 *(.gnu.version_r)

.rel.init
 *(.rel.init)

.rela.init
 *(.rela.init)

.rel.text
 *(.rel.text)
 *(.rel.text.*)
 *(.rel.gnu.linkonce.t*)

.rela.text
 *(.rela.text)
 *(.rela.text.*)
 *(.rela.gnu.linkonce.t*)

.rel.fini
 *(.rel.fini)

.rela.fini
 *(.rela.fini)

.rel.rodata
 *(.rel.rodata)
 *(.rel.rodata.*)
 *(.rel.gnu.linkonce.r*)

.rela.rodata
 *(.rela.rodata)
 *(.rela.rodata.*)
 *(.rela.gnu.linkonce.r*)

.rel.data
 *(.rel.data)
 *(.rel.data.*)
 *(.rel.gnu.linkonce.d*)

.rela.data
 *(.rela.data)
 *(.rela.data.*)
 *(.rela.gnu.linkonce.d*)

.rel.ctors
 *(.rel.ctors)

.rela.ctors
 *(.rela.ctors)

.rel.dtors
 *(.rel.dtors)

.rela.dtors
 *(.rela.dtors)

.rel.got
 *(.rel.got)

.rela.got
 *(.rela.got)

.rel.bss
 *(.rel.bss)

.rela.bss
 *(.rela.bss)

.rel.plt
 *(.rel.plt)

.rela.plt
 *(.rela.plt)

.text           0x0000000000000000     0x4f02
 *(.vectors)
 .vectors       0x0000000000000000       0x68 /usr/lib/gcc/avr/5.4.0/../../../avr/lib/avr5/crtatmega328p.o
                0x0000000000000000                __vectors
                0x0000000000000000                __vector_default
 *(.vectors)
 *(.progmem.gcc*)
 .progmem.gcc_sw_table
                0x0000000000000068       0x14 obj/Release/httpfsm.o
 .progmem.gcc_sw_table
                0x000000000000007c       0x12 /home/jared/SER486-EmbeddedC/Final_Project/lib_projd.a(tempfsm.o)
                0x000000000000008e                . = ALIGN (0x2)
                0x000000000000008e                __trampolines_start = .
 *(.trampolines)
 .trampolines   0x000000000000008e        0x0 linker stubs
 *(.trampolines*)
                0x000000000000008e                __trampolines_end = .
 *libprintf_flt.a:*(.progmem.data)
 *libc.a:*(.progmem.data)
 *(.progmem*)
                0x000000000000008e                . = ALIGN (0x2)
 *(.jumptables)
 *(.jumptables*)
 *(.lowtext)
 *(.lowtext*)
                0x000000000000008e                __ctors_start = .
 *(.ctors)
                0x000000000000008e                __ctors_end = .
                0x000000000000008e                __dtors_start = .
 *(.dtors)
                0x000000000000008e                __dtors_end = .
 SORT(*)(.ctors)
 SORT(*)(.dtors)
 *(.init0)
 .init0         0x000000000000008e        0x0 /usr/lib/gcc/avr/5.4.0/../../../avr/lib/avr5/crtatmega328p.o
                0x000000000000008e                __init
 *(.init0)
 *(.init1)
 *(.init1)
 *(.init2)
 .init2         0x000000000000008e        0xc /usr/lib/gcc/avr/5.4.0/../../../avr/lib/avr5/crtatmega328p.o
 *(.init2)
 *(.init3)
 *(.init3)
 *(.init4)
 .init4         0x000000000000009a       0x16 /usr/lib/gcc/avr/5.4.0/avr5/libgcc.a(_copy_data.o)
                0x000000000000009a                __do_copy_data
 .init4         0x00000000000000b0       0x10 /usr/lib/gcc/avr/5.4.0/avr5/libgcc.a(_clear_bss.o)
                0x00000000000000b0                __do_clear_bss
 *(.init4)
 *(.init5)
 *(.init5)
 *(.init6)
 *(.init6)
 *(.init7)
 *(.init7)
 *(.init8)
 *(.init8)
 *(.init9)
 .init9         0x00000000000000c0        0x8 /usr/lib/gcc/avr/5.4.0/../../../avr/lib/avr5/crtatmega328p.o
 *(.init9)
 *(.text)
 .text          0x00000000000000c8        0x4 /usr/lib/gcc/avr/5.4.0/../../../avr/lib/avr5/crtatmega328p.o
                0x00000000000000c8                __vector_1
                0x00000000000000c8                __vector_24
                0x00000000000000c8                __vector_12
                0x00000000000000c8                __bad_interrupt
                0x00000000000000c8                __vector_3
                0x00000000000000c8                __vector_23
                0x00000000000000c8                __vector_25
                0x00000000000000c8                __vector_13
                0x00000000000000c8                __vector_17
                0x00000000000000c8                __vector_7
                0x00000000000000c8                __vector_5
                0x00000000000000c8                __vector_4
                0x00000000000000c8                __vector_9
                0x00000000000000c8                __vector_2
                0x00000000000000c8                __vector_21
                0x00000000000000c8                __vector_15
                0x00000000000000c8                __vector_8
                0x00000000000000c8                __vector_10
                0x00000000000000c8                __vector_16
                0x00000000000000c8                __vector_20
 .text          0x00000000000000cc      0x696 obj/Release/httpfsm.o
                0x000000000000015c                httpfsm_update
                0x0000000000000750                httpfsm_init
                0x000000000000075a                httpfsm_reset
 .text          0x0000000000000762        0x0 obj/Release/main.o
 .text          0x0000000000000762       0xc4 obj/Release/temputil.o
                0x0000000000000762                update_tcrit_hi
                0x000000000000078c                update_twarn_hi
                0x00000000000007c4                update_tcrit_lo
                0x00000000000007ee                update_twarn_lo
 .text          0x0000000000000826      0x18c /home/jared/SER486-EmbeddedC/Final_Project/lib_projd.a(alarm.o)
                0x0000000000000826                alarm_init
                0x0000000000000828                alarm_send
 .text          0x00000000000009b2       0xf0 /home/jared/SER486-EmbeddedC/Final_Project/lib_projd.a(config.o)
                0x00000000000009b2                config_set_modified
                0x00000000000009ba                config_is_data_valid
                0x00000000000009fa                config_write_defaults
                0x0000000000000a14                config_init
                0x0000000000000a4a                config_update
                0x0000000000000a7a                config_update_noisr
 .text          0x0000000000000aa2      0x19e /home/jared/SER486-EmbeddedC/Final_Project/lib_projd.a(delay.o)
                0x0000000000000aa2                __vector_14
                0x0000000000000b44                delay_init
                0x0000000000000b68                delay_get
                0x0000000000000b88                delay_isdone
                0x0000000000000bba                delay_set
                0x0000000000000c0e                millis
 .text          0x0000000000000c40      0xbfc /home/jared/SER486-EmbeddedC/Final_Project/lib_projd.a(Dhcp.o)
                0x0000000000000c40                dhcp_getLocalIp
                0x0000000000000c46                dhcp_getSubnetMask
                0x0000000000000c4c                dhcp_getGatewayIp
                0x0000000000000c52                dhcp_getDhcpServerIp
                0x0000000000000c58                dhcp_getDnsServerIp
                0x0000000000000c5e                _ZN9DhcpClass16reset_DHCP_leaseEv
                0x0000000000000c6a                _ZN9DhcpClass12presend_DHCPEv
                0x0000000000000c6c                _ZN9DhcpClass17parseDHCPResponseEmRm
                0x00000000000010a2                _ZN9DhcpClass10getLocalIpEv
                0x00000000000010a6                _ZN9DhcpClass13getSubnetMaskEv
                0x00000000000010aa                _ZN9DhcpClass12getGatewayIpEv
                0x00000000000010ae                _ZN9DhcpClass15getDhcpServerIpEv
                0x00000000000010b2                _ZN9DhcpClass14getDnsServerIpEv
                0x00000000000010b6                _ZN9DhcpClass9printByteEPch
                0x00000000000010e0                _ZN9DhcpClass17send_DHCP_MESSAGEEhj
                0x000000000000135c                _ZN9DhcpClass18request_DHCP_leaseEv
                0x0000000000001658                _ZN9DhcpClass13beginWithDHCPEPhmm
                0x00000000000016d6                dhcp_start
                0x00000000000016fa                _ZN9DhcpClass10checkLeaseEv
                0x0000000000001834                dhcp_checkLease
 .text          0x000000000000183c      0x12c /home/jared/SER486-EmbeddedC/Final_Project/lib_projd.a(eeprom.o)
                0x000000000000183c                eeprom_startwrite
                0x0000000000001842                __vector_22
                0x00000000000018ce                eeprom_writebuf
                0x0000000000001908                eeprom_writebuf_noisr
                0x0000000000001936                eeprom_readbuf
                0x0000000000001960                eeprom_isbusy
 .text          0x0000000000001968       0xfc /home/jared/SER486-EmbeddedC/Final_Project/lib_projd.a(led.o)
                0x0000000000001968                led_init
                0x000000000000197a                led_on
                0x000000000000197e                led_off
                0x0000000000001982                led_set_blink
                0x00000000000019a6                led_update
                0x0000000000001a5a                led_is_on
 .text          0x0000000000001a64      0x43c /home/jared/SER486-EmbeddedC/Final_Project/lib_projd.a(log.o)
                0x0000000000001a64                log_is_data_valid
                0x0000000000001ab0                log_init
                0x0000000000001c3a                log_update
                0x0000000000001ca6                log_update_noisr
                0x0000000000001d0a                log_add_record
                0x0000000000001dac                log_clear
                0x0000000000001de6                log_get_num_entries
                0x0000000000001e18                log_get_record
 .text          0x0000000000001ea0      0x1be /home/jared/SER486-EmbeddedC/Final_Project/lib_projd.a(ntp.o)
                0x0000000000001ea0                ntp_sync_network_time
 .text          0x000000000000205e      0x5d8 /home/jared/SER486-EmbeddedC/Final_Project/lib_projd.a(rtc.o)
                0x000000000000205e                rtc_init
                0x0000000000002062                rtc_get_date
                0x0000000000002066                rtc_set_date
                0x000000000000207a                is_leapyear
                0x00000000000020ae                rtc_set_by_datestr
                0x0000000000002378                get_month
                0x0000000000002408                rtc_num2datestr
                0x000000000000260e                rtc_get_date_string
 .text          0x0000000000002636       0xea /home/jared/SER486-EmbeddedC/Final_Project/lib_projd.a(signature.o)
                0x0000000000002636                signature_set
                0x00000000000026fe                check_for_test_start
 .text          0x0000000000002720      0xb78 /home/jared/SER486-EmbeddedC/Final_Project/lib_projd.a(socket.o)
                0x0000000000002720                udpsocket_open_multicast
                0x00000000000027a6                udpsocket_is_open
                0x00000000000027b6                socket_is_active
                0x00000000000027d2                socket_is_listening
                0x00000000000027e2                socket_is_established
                0x00000000000027f2                socket_is_closed
                0x0000000000002800                udpsocket_is_closed
                0x0000000000002804                socket_close
                0x000000000000286a                udpsocket_open
                0x0000000000002872                socket_open
                0x000000000000287a                udpsocket_close
                0x000000000000287e                socket_listen
                0x000000000000289c                socket_connect
                0x0000000000002904                socket_disconnect
                0x000000000000290a                socket_send
                0x0000000000002996                socket_recv
                0x0000000000002a0a                socket_recv_available
                0x0000000000002a0e                udpsocket_recv_available
                0x0000000000002a12                socket_peek
                0x0000000000002a22                udpsocket_sendto
                0x0000000000002ac6                udpsocket_recv_data
                0x0000000000002b08                udpsocket_recvfrom
                0x0000000000002c5a                socket_igmpsend
                0x0000000000002cb8                udpsocket_add_to_datagram
                0x0000000000002cfe                socket_writestr
                0x0000000000002d1e                socket_writechar
                0x0000000000002d40                socket_writequotedstring
                0x0000000000002d66                socket_writedate
                0x0000000000002d80                socket_writehex8
                0x0000000000002dbc                socket_write_macaddress
                0x0000000000002e0e                socket_writehex16
                0x0000000000002e28                socket_writedec32
                0x0000000000002f4e                udpsocket_start_datagram
                0x0000000000002f98                udpsocket_send_datagram
                0x0000000000002fd4                socket_received_line
                0x0000000000003030                socket_is_blank_line
                0x0000000000003074                socket_recv_compare
                0x0000000000003120                socket_flush_line
                0x00000000000031b2                socket_recv_int
 .text          0x0000000000003298       0x5c /home/jared/SER486-EmbeddedC/Final_Project/lib_projd.a(spi.o)
                0x0000000000003298                spi_init
                0x00000000000032bc                spi_is_locked
                0x00000000000032c2                spi_begin_transfer
                0x00000000000032de                spi_transfer
                0x00000000000032ec                spi_end_transfer
 .text          0x00000000000032f4      0x144 /home/jared/SER486-EmbeddedC/Final_Project/lib_projd.a(str.o)
                0x00000000000032f4                mem_cpy
                0x000000000000330c                mem_set
                0x0000000000003320                mem_cmp
                0x000000000000334e                str_cpy
                0x0000000000003362                str_len
                0x0000000000003374                str_writeudec16
 .text          0x0000000000003438       0x6e /home/jared/SER486-EmbeddedC/Final_Project/lib_projd.a(temp.o)
                0x0000000000003438                temp_init
                0x0000000000003446                temp_is_data_ready
                0x000000000000345c                temp_start
                0x0000000000003468                temp_get
 .text          0x00000000000034a6      0x170 /home/jared/SER486-EmbeddedC/Final_Project/lib_projd.a(tempfsm.o)
                0x00000000000034a6                tempfsm_init
                0x00000000000034a8                tempfsm_update
                0x000000000000360c                tempfsm_reset
 .text          0x0000000000003616       0x9a /home/jared/SER486-EmbeddedC/Final_Project/lib_projd.a(timer1.o)
                0x0000000000003616                __vector_11
                0x0000000000003660                timer1_init
                0x0000000000003680                timer1_get
                0x0000000000003698                timer1_clear
 .text          0x00000000000036b0      0x23c /home/jared/SER486-EmbeddedC/Final_Project/lib_projd.a(uart.o)
                0x00000000000036b0                uart_init
                0x00000000000036b8                uart_writechar
                0x00000000000036bc                uart_writestr
                0x00000000000036d4                uart_writehex8
                0x0000000000003706                uart_writehex16
                0x0000000000003718                uart_writedec32
                0x0000000000003840                uart_is_connected
                0x0000000000003844                uart_is_packet_available
                0x0000000000003848                uart_readpacket
                0x00000000000038a8                uart_writeip
 .text          0x00000000000038ec      0x214 /home/jared/SER486-EmbeddedC/Final_Project/lib_projd.a(util.o)
                0x00000000000038ec                str_cmp
                0x0000000000003922                update_checksum
                0x000000000000394a                random_seed
                0x0000000000003980                random
                0x0000000000003a82                strtoi
 .text          0x0000000000003b00       0xc6 /home/jared/SER486-EmbeddedC/Final_Project/lib_projd.a(vpd.o)
                0x0000000000003b00                vpd_is_data_valid
                0x0000000000003b40                vpd_write_defaults
                0x0000000000003b94                vpd_init
 .text          0x0000000000003bc6      0xbfe /home/jared/SER486-EmbeddedC/Final_Project/lib_projd.a(w5x00.o)
                0x0000000000003bc6                W5x_writebuf
                0x0000000000003ccc                W5x_write
                0x0000000000003cee                W5x_config
                0x0000000000003e8a                W5x_readbuf
                0x0000000000003f94                W5x_read
                0x0000000000003fb6                W5x_readSn
                0x0000000000003fc6                W5x_writeSn
                0x0000000000003fdc                W5x_readbufSn
                0x0000000000003ff2                W5x_writebufSn
                0x0000000000004008                W5x_read_data
                0x000000000000408e                W5x_writeMR
                0x0000000000004098                W5x_readMR
                0x00000000000040a0                isW5100
                0x0000000000004116                isW5500
                0x000000000000418c                W5x_init
                0x000000000000419a                W5x_writebufGAR
                0x00000000000041a8                W5x_readbufGAR
                0x00000000000041b6                W5x_writebufSUBR
                0x00000000000041c4                W5x_readbufSUBR
                0x00000000000041d2                W5x_writebufSHAR
                0x00000000000041e0                W5x_readbufSHAR
                0x00000000000041ee                W5x_writebufSIPR
                0x00000000000041fc                W5x_readbufSIPR
                0x000000000000420a                W5x_writeIR
                0x0000000000004214                W5x_readIR
                0x000000000000421c                W5x_writeRTR
                0x0000000000004236                W5x_readRTR
                0x0000000000004260                W5x_writebufUIPR
                0x000000000000426e                W5x_readbufUIPR
                0x000000000000427c                W5x_writeUPORT
                0x0000000000004296                W5x_readUPORT
                0x00000000000042c0                W5x_writeSnMR
                0x00000000000042ca                W5x_readSnMR
                0x00000000000042d2                W5x_writeSnCR
                0x00000000000042dc                W5x_readSnCR
                0x00000000000042e4                W5x_execCmdSn
                0x00000000000042fa                W5x_writeSnIR
                0x0000000000004304                W5x_readSnIR
                0x000000000000430c                W5x_writeSnSR
                0x0000000000004316                W5x_readSnSR
                0x000000000000431e                W5x_writeSnPORT
                0x0000000000004340                W5x_readSnPORT
                0x0000000000004370                W5x_writeSnDHAR
                0x000000000000437e                W5x_readSnDHAR
                0x000000000000438c                W5x_writeSnDIPR
                0x000000000000439a                W5x_readSnDIPR
                0x00000000000043a8                W5x_writeSnDPORT
                0x00000000000043ca                W5x_readSnDPORT
                0x00000000000043fa                W5x_writeSnMSSR
                0x000000000000441c                W5x_readSnMSSR
                0x000000000000444c                W5x_writeSnTX_FSR
                0x000000000000446e                W5x_readSnTX_FSR
                0x000000000000449e                W5x_getTXFreeSize
                0x00000000000044d6                W5x_writeSnTX_RD
                0x00000000000044f8                W5x_readSnTX_RD
                0x0000000000004528                W5x_writeSnTX_WR
                0x000000000000454a                W5x_send_data_processing_offset
                0x00000000000045e0                W5x_send_data_processing
                0x00000000000045ec                W5x_readSnTX_WR
                0x000000000000461c                W5x_writeSnRX_RSR
                0x000000000000463e                W5x_readSnRX_RSR
                0x000000000000466e                W5x_getRXReceivedSize
                0x00000000000046a6                W5x_writeSnRX_RD
                0x00000000000046c8                W5x_readSnRX_RD
                0x00000000000046f8                W5x_recv_data_processing_offset
                0x0000000000004762                W5x_recv_data_processing
                0x0000000000004772                W5x_writeSnRX_WR
                0x0000000000004794                W5x_readSnRX_WR
 .text          0x00000000000047c4       0x46 /home/jared/SER486-EmbeddedC/Final_Project/lib_projd.a(wdt.o)
                0x00000000000047c4                __vector_6
                0x00000000000047e2                wdt_init
                0x00000000000047fa                wdt_reset
                0x00000000000047fe                wdt_force_restart
 .text          0x000000000000480a      0x43c /home/jared/SER486-EmbeddedC/Final_Project/lib_projd.a(serial.o)
                0x000000000000480a                serial_init
                0x0000000000004830                __vector_18
                0x0000000000004a80                __vector_19
                0x0000000000004ae6                serial_rxchars
                0x0000000000004af4                serial_popchar
                0x0000000000004b3e                serial_isconnected
                0x0000000000004b8c                serial_is_packet_ready
                0x0000000000004b92                serial_writechar
                0x0000000000004bf2                serial_writestr
                0x0000000000004c1c                serial_writestr_P
 .text          0x0000000000004c46        0x0 /usr/lib/gcc/avr/5.4.0/avr5/libgcc.a(_mulsi3.o)
 .text          0x0000000000004c46        0x0 /usr/lib/gcc/avr/5.4.0/avr5/libgcc.a(_udivmodhi4.o)
 .text          0x0000000000004c46        0x0 /usr/lib/gcc/avr/5.4.0/avr5/libgcc.a(_divmodhi4.o)
 .text          0x0000000000004c46        0x0 /usr/lib/gcc/avr/5.4.0/avr5/libgcc.a(_udivmodsi4.o)
 .text          0x0000000000004c46        0x0 /usr/lib/gcc/avr/5.4.0/avr5/libgcc.a(_divmodsi4.o)
 .text          0x0000000000004c46        0x0 /usr/lib/gcc/avr/5.4.0/avr5/libgcc.a(_negsi2.o)
 .text          0x0000000000004c46        0x0 /usr/lib/gcc/avr/5.4.0/avr5/libgcc.a(_exit.o)
 .text          0x0000000000004c46        0x0 /usr/lib/gcc/avr/5.4.0/avr5/libgcc.a(_tablejump2.o)
 .text          0x0000000000004c46        0x0 /usr/lib/gcc/avr/5.4.0/avr5/libgcc.a(_copy_data.o)
 .text          0x0000000000004c46        0x0 /usr/lib/gcc/avr/5.4.0/avr5/libgcc.a(_clear_bss.o)
 .text          0x0000000000004c46        0x0 /usr/lib/gcc/avr/5.4.0/avr5/libgcc.a(_bswapsi2.o)
 .text          0x0000000000004c46        0x0 /usr/lib/gcc/avr/5.4.0/avr5/libgcc.a(_umulhisi3.o)
 .text          0x0000000000004c46        0x0 /usr/lib/gcc/avr/5.4.0/avr5/libgcc.a(_muluhisi3.o)
                0x0000000000004c46                . = ALIGN (0x2)
 *(.text.*)
 .text.startup  0x0000000000004c46      0x178 obj/Release/main.o
                0x0000000000004c46                main
 .text.libgcc.mul
                0x0000000000004dbe       0x20 /usr/lib/gcc/avr/5.4.0/avr5/libgcc.a(_mulsi3.o)
                0x0000000000004dbe                __mulsi3
 .text.libgcc.div
                0x0000000000004dde        0x0 /usr/lib/gcc/avr/5.4.0/avr5/libgcc.a(_mulsi3.o)
 .text.libgcc   0x0000000000004dde        0x0 /usr/lib/gcc/avr/5.4.0/avr5/libgcc.a(_mulsi3.o)
 .text.libgcc.prologue
                0x0000000000004dde        0x0 /usr/lib/gcc/avr/5.4.0/avr5/libgcc.a(_mulsi3.o)
 .text.libgcc.builtins
                0x0000000000004dde        0x0 /usr/lib/gcc/avr/5.4.0/avr5/libgcc.a(_mulsi3.o)
 .text.libgcc.fmul
                0x0000000000004dde        0x0 /usr/lib/gcc/avr/5.4.0/avr5/libgcc.a(_mulsi3.o)
 .text.libgcc.fixed
                0x0000000000004dde        0x0 /usr/lib/gcc/avr/5.4.0/avr5/libgcc.a(_mulsi3.o)
 .text.libgcc.mul
                0x0000000000004dde        0x0 /usr/lib/gcc/avr/5.4.0/avr5/libgcc.a(_udivmodhi4.o)
 .text.libgcc.div
                0x0000000000004dde       0x28 /usr/lib/gcc/avr/5.4.0/avr5/libgcc.a(_udivmodhi4.o)
                0x0000000000004dde                __udivmodhi4
 .text.libgcc   0x0000000000004e06        0x0 /usr/lib/gcc/avr/5.4.0/avr5/libgcc.a(_udivmodhi4.o)
 .text.libgcc.prologue
                0x0000000000004e06        0x0 /usr/lib/gcc/avr/5.4.0/avr5/libgcc.a(_udivmodhi4.o)
 .text.libgcc.builtins
                0x0000000000004e06        0x0 /usr/lib/gcc/avr/5.4.0/avr5/libgcc.a(_udivmodhi4.o)
 .text.libgcc.fmul
                0x0000000000004e06        0x0 /usr/lib/gcc/avr/5.4.0/avr5/libgcc.a(_udivmodhi4.o)
 .text.libgcc.fixed
                0x0000000000004e06        0x0 /usr/lib/gcc/avr/5.4.0/avr5/libgcc.a(_udivmodhi4.o)
 .text.libgcc.mul
                0x0000000000004e06        0x0 /usr/lib/gcc/avr/5.4.0/avr5/libgcc.a(_divmodhi4.o)
 .text.libgcc.div
                0x0000000000004e06       0x28 /usr/lib/gcc/avr/5.4.0/avr5/libgcc.a(_divmodhi4.o)
                0x0000000000004e06                __divmodhi4
                0x0000000000004e06                _div
 .text.libgcc   0x0000000000004e2e        0x0 /usr/lib/gcc/avr/5.4.0/avr5/libgcc.a(_divmodhi4.o)
 .text.libgcc.prologue
                0x0000000000004e2e        0x0 /usr/lib/gcc/avr/5.4.0/avr5/libgcc.a(_divmodhi4.o)
 .text.libgcc.builtins
                0x0000000000004e2e        0x0 /usr/lib/gcc/avr/5.4.0/avr5/libgcc.a(_divmodhi4.o)
 .text.libgcc.fmul
                0x0000000000004e2e        0x0 /usr/lib/gcc/avr/5.4.0/avr5/libgcc.a(_divmodhi4.o)
 .text.libgcc.fixed
                0x0000000000004e2e        0x0 /usr/lib/gcc/avr/5.4.0/avr5/libgcc.a(_divmodhi4.o)
 .text.libgcc.mul
                0x0000000000004e2e        0x0 /usr/lib/gcc/avr/5.4.0/avr5/libgcc.a(_udivmodsi4.o)
 .text.libgcc.div
                0x0000000000004e2e       0x44 /usr/lib/gcc/avr/5.4.0/avr5/libgcc.a(_udivmodsi4.o)
                0x0000000000004e2e                __udivmodsi4
 .text.libgcc   0x0000000000004e72        0x0 /usr/lib/gcc/avr/5.4.0/avr5/libgcc.a(_udivmodsi4.o)
 .text.libgcc.prologue
                0x0000000000004e72        0x0 /usr/lib/gcc/avr/5.4.0/avr5/libgcc.a(_udivmodsi4.o)
 .text.libgcc.builtins
                0x0000000000004e72        0x0 /usr/lib/gcc/avr/5.4.0/avr5/libgcc.a(_udivmodsi4.o)
 .text.libgcc.fmul
                0x0000000000004e72        0x0 /usr/lib/gcc/avr/5.4.0/avr5/libgcc.a(_udivmodsi4.o)
 .text.libgcc.fixed
                0x0000000000004e72        0x0 /usr/lib/gcc/avr/5.4.0/avr5/libgcc.a(_udivmodsi4.o)
 .text.libgcc.mul
                0x0000000000004e72        0x0 /usr/lib/gcc/avr/5.4.0/avr5/libgcc.a(_divmodsi4.o)
 .text.libgcc.div
                0x0000000000004e72       0x2e /usr/lib/gcc/avr/5.4.0/avr5/libgcc.a(_divmodsi4.o)
                0x0000000000004e72                __divmodsi4
 .text.libgcc   0x0000000000004ea0        0x0 /usr/lib/gcc/avr/5.4.0/avr5/libgcc.a(_divmodsi4.o)
 .text.libgcc.prologue
                0x0000000000004ea0        0x0 /usr/lib/gcc/avr/5.4.0/avr5/libgcc.a(_divmodsi4.o)
 .text.libgcc.builtins
                0x0000000000004ea0        0x0 /usr/lib/gcc/avr/5.4.0/avr5/libgcc.a(_divmodsi4.o)
 .text.libgcc.fmul
                0x0000000000004ea0        0x0 /usr/lib/gcc/avr/5.4.0/avr5/libgcc.a(_divmodsi4.o)
 .text.libgcc.fixed
                0x0000000000004ea0        0x0 /usr/lib/gcc/avr/5.4.0/avr5/libgcc.a(_divmodsi4.o)
 .text.libgcc.mul
                0x0000000000004ea0        0x0 /usr/lib/gcc/avr/5.4.0/avr5/libgcc.a(_negsi2.o)
 .text.libgcc.div
                0x0000000000004ea0       0x10 /usr/lib/gcc/avr/5.4.0/avr5/libgcc.a(_negsi2.o)
                0x0000000000004ea0                __negsi2
 .text.libgcc   0x0000000000004eb0        0x0 /usr/lib/gcc/avr/5.4.0/avr5/libgcc.a(_negsi2.o)
 .text.libgcc.prologue
                0x0000000000004eb0        0x0 /usr/lib/gcc/avr/5.4.0/avr5/libgcc.a(_negsi2.o)
 .text.libgcc.builtins
                0x0000000000004eb0        0x0 /usr/lib/gcc/avr/5.4.0/avr5/libgcc.a(_negsi2.o)
 .text.libgcc.fmul
                0x0000000000004eb0        0x0 /usr/lib/gcc/avr/5.4.0/avr5/libgcc.a(_negsi2.o)
 .text.libgcc.fixed
                0x0000000000004eb0        0x0 /usr/lib/gcc/avr/5.4.0/avr5/libgcc.a(_negsi2.o)
 .text.libgcc.mul
                0x0000000000004eb0        0x0 /usr/lib/gcc/avr/5.4.0/avr5/libgcc.a(_exit.o)
 .text.libgcc.div
                0x0000000000004eb0        0x0 /usr/lib/gcc/avr/5.4.0/avr5/libgcc.a(_exit.o)
 .text.libgcc   0x0000000000004eb0        0x0 /usr/lib/gcc/avr/5.4.0/avr5/libgcc.a(_exit.o)
 .text.libgcc.prologue
                0x0000000000004eb0        0x0 /usr/lib/gcc/avr/5.4.0/avr5/libgcc.a(_exit.o)
 .text.libgcc.builtins
                0x0000000000004eb0        0x0 /usr/lib/gcc/avr/5.4.0/avr5/libgcc.a(_exit.o)
 .text.libgcc.fmul
                0x0000000000004eb0        0x0 /usr/lib/gcc/avr/5.4.0/avr5/libgcc.a(_exit.o)
 .text.libgcc.fixed
                0x0000000000004eb0        0x0 /usr/lib/gcc/avr/5.4.0/avr5/libgcc.a(_exit.o)
 .text.libgcc.mul
                0x0000000000004eb0        0x0 /usr/lib/gcc/avr/5.4.0/avr5/libgcc.a(_tablejump2.o)
 .text.libgcc.div
                0x0000000000004eb0        0x0 /usr/lib/gcc/avr/5.4.0/avr5/libgcc.a(_tablejump2.o)
 .text.libgcc   0x0000000000004eb0        0xc /usr/lib/gcc/avr/5.4.0/avr5/libgcc.a(_tablejump2.o)
                0x0000000000004eb0                __tablejump2__
 .text.libgcc.prologue
                0x0000000000004ebc        0x0 /usr/lib/gcc/avr/5.4.0/avr5/libgcc.a(_tablejump2.o)
 .text.libgcc.builtins
                0x0000000000004ebc        0x0 /usr/lib/gcc/avr/5.4.0/avr5/libgcc.a(_tablejump2.o)
 .text.libgcc.fmul
                0x0000000000004ebc        0x0 /usr/lib/gcc/avr/5.4.0/avr5/libgcc.a(_tablejump2.o)
 .text.libgcc.fixed
                0x0000000000004ebc        0x0 /usr/lib/gcc/avr/5.4.0/avr5/libgcc.a(_tablejump2.o)
 .text.libgcc.mul
                0x0000000000004ebc        0x0 /usr/lib/gcc/avr/5.4.0/avr5/libgcc.a(_copy_data.o)
 .text.libgcc.div
                0x0000000000004ebc        0x0 /usr/lib/gcc/avr/5.4.0/avr5/libgcc.a(_copy_data.o)
 .text.libgcc   0x0000000000004ebc        0x0 /usr/lib/gcc/avr/5.4.0/avr5/libgcc.a(_copy_data.o)
 .text.libgcc.prologue
                0x0000000000004ebc        0x0 /usr/lib/gcc/avr/5.4.0/avr5/libgcc.a(_copy_data.o)
 .text.libgcc.builtins
                0x0000000000004ebc        0x0 /usr/lib/gcc/avr/5.4.0/avr5/libgcc.a(_copy_data.o)
 .text.libgcc.fmul
                0x0000000000004ebc        0x0 /usr/lib/gcc/avr/5.4.0/avr5/libgcc.a(_copy_data.o)
 .text.libgcc.fixed
                0x0000000000004ebc        0x0 /usr/lib/gcc/avr/5.4.0/avr5/libgcc.a(_copy_data.o)
 .text.libgcc.mul
                0x0000000000004ebc        0x0 /usr/lib/gcc/avr/5.4.0/avr5/libgcc.a(_clear_bss.o)
 .text.libgcc.div
                0x0000000000004ebc        0x0 /usr/lib/gcc/avr/5.4.0/avr5/libgcc.a(_clear_bss.o)
 .text.libgcc   0x0000000000004ebc        0x0 /usr/lib/gcc/avr/5.4.0/avr5/libgcc.a(_clear_bss.o)
 .text.libgcc.prologue
                0x0000000000004ebc        0x0 /usr/lib/gcc/avr/5.4.0/avr5/libgcc.a(_clear_bss.o)
 .text.libgcc.builtins
                0x0000000000004ebc        0x0 /usr/lib/gcc/avr/5.4.0/avr5/libgcc.a(_clear_bss.o)
 .text.libgcc.fmul
                0x0000000000004ebc        0x0 /usr/lib/gcc/avr/5.4.0/avr5/libgcc.a(_clear_bss.o)
 .text.libgcc.fixed
                0x0000000000004ebc        0x0 /usr/lib/gcc/avr/5.4.0/avr5/libgcc.a(_clear_bss.o)
 .text.libgcc.mul
                0x0000000000004ebc        0x0 /usr/lib/gcc/avr/5.4.0/avr5/libgcc.a(_bswapsi2.o)
 .text.libgcc.div
                0x0000000000004ebc        0x0 /usr/lib/gcc/avr/5.4.0/avr5/libgcc.a(_bswapsi2.o)
 .text.libgcc   0x0000000000004ebc        0x0 /usr/lib/gcc/avr/5.4.0/avr5/libgcc.a(_bswapsi2.o)
 .text.libgcc.prologue
                0x0000000000004ebc        0x0 /usr/lib/gcc/avr/5.4.0/avr5/libgcc.a(_bswapsi2.o)
 .text.libgcc.builtins
                0x0000000000004ebc        0xe /usr/lib/gcc/avr/5.4.0/avr5/libgcc.a(_bswapsi2.o)
                0x0000000000004ebc                __bswapsi2
 .text.libgcc.fmul
                0x0000000000004eca        0x0 /usr/lib/gcc/avr/5.4.0/avr5/libgcc.a(_bswapsi2.o)
 .text.libgcc.fixed
                0x0000000000004eca        0x0 /usr/lib/gcc/avr/5.4.0/avr5/libgcc.a(_bswapsi2.o)
 .text.libgcc.mul
                0x0000000000004eca       0x1e /usr/lib/gcc/avr/5.4.0/avr5/libgcc.a(_umulhisi3.o)
                0x0000000000004eca                __umulhisi3
 .text.libgcc.div
                0x0000000000004ee8        0x0 /usr/lib/gcc/avr/5.4.0/avr5/libgcc.a(_umulhisi3.o)
 .text.libgcc   0x0000000000004ee8        0x0 /usr/lib/gcc/avr/5.4.0/avr5/libgcc.a(_umulhisi3.o)
 .text.libgcc.prologue
                0x0000000000004ee8        0x0 /usr/lib/gcc/avr/5.4.0/avr5/libgcc.a(_umulhisi3.o)
 .text.libgcc.builtins
                0x0000000000004ee8        0x0 /usr/lib/gcc/avr/5.4.0/avr5/libgcc.a(_umulhisi3.o)
 .text.libgcc.fmul
                0x0000000000004ee8        0x0 /usr/lib/gcc/avr/5.4.0/avr5/libgcc.a(_umulhisi3.o)
 .text.libgcc.fixed
                0x0000000000004ee8        0x0 /usr/lib/gcc/avr/5.4.0/avr5/libgcc.a(_umulhisi3.o)
 .text.libgcc.mul
                0x0000000000004ee8       0x16 /usr/lib/gcc/avr/5.4.0/avr5/libgcc.a(_muluhisi3.o)
                0x0000000000004ee8                __muluhisi3
 .text.libgcc.div
                0x0000000000004efe        0x0 /usr/lib/gcc/avr/5.4.0/avr5/libgcc.a(_muluhisi3.o)
 .text.libgcc   0x0000000000004efe        0x0 /usr/lib/gcc/avr/5.4.0/avr5/libgcc.a(_muluhisi3.o)
 .text.libgcc.prologue
                0x0000000000004efe        0x0 /usr/lib/gcc/avr/5.4.0/avr5/libgcc.a(_muluhisi3.o)
 .text.libgcc.builtins
                0x0000000000004efe        0x0 /usr/lib/gcc/avr/5.4.0/avr5/libgcc.a(_muluhisi3.o)
 .text.libgcc.fmul
                0x0000000000004efe        0x0 /usr/lib/gcc/avr/5.4.0/avr5/libgcc.a(_muluhisi3.o)
 .text.libgcc.fixed
                0x0000000000004efe        0x0 /usr/lib/gcc/avr/5.4.0/avr5/libgcc.a(_muluhisi3.o)
                0x0000000000004efe                . = ALIGN (0x2)
 *(.fini9)
 .fini9         0x0000000000004efe        0x0 /usr/lib/gcc/avr/5.4.0/avr5/libgcc.a(_exit.o)
                0x0000000000004efe                exit
                0x0000000000004efe                _exit
 *(.fini9)
 *(.fini8)
 *(.fini8)
 *(.fini7)
 *(.fini7)
 *(.fini6)
 *(.fini6)
 *(.fini5)
 *(.fini5)
 *(.fini4)
 *(.fini4)
 *(.fini3)
 *(.fini3)
 *(.fini2)
 *(.fini2)
 *(.fini1)
 *(.fini1)
 *(.fini0)
 .fini0         0x0000000000004efe        0x4 /usr/lib/gcc/avr/5.4.0/avr5/libgcc.a(_exit.o)
 *(.fini0)
                0x0000000000004f02                _etext = .

.siminfo        0x0000000000004f02       0x28
 .siminfo       0x0000000000004f02       0x28 /home/jared/SER486-EmbeddedC/Final_Project/lib_projd.a(uart.o)
                0x0000000000004f02                siminfo_serial_out
                0x0000000000004f0d                siminfo_serial_in
                0x0000000000004f18                siminfo_cpufrequency
                0x0000000000004f1e                siminfo_device

.data           0x0000000000800100      0x344 load address 0x0000000000004f2a
                0x0000000000800100                PROVIDE (__data_start, .)
 *(.data)
 .data          0x0000000000800100        0x0 /usr/lib/gcc/avr/5.4.0/../../../avr/lib/avr5/crtatmega328p.o
 .data          0x0000000000800100        0x0 obj/Release/httpfsm.o
 .data          0x0000000000800100        0x2 obj/Release/main.o
                0x0000000000800100                current_temperature
 .data          0x0000000000800102        0x0 obj/Release/temputil.o
 .data          0x0000000000800102        0x0 /home/jared/SER486-EmbeddedC/Final_Project/lib_projd.a(alarm.o)
 .data          0x0000000000800102       0x12 /home/jared/SER486-EmbeddedC/Final_Project/lib_projd.a(config.o)
 .data          0x0000000000800114        0x0 /home/jared/SER486-EmbeddedC/Final_Project/lib_projd.a(delay.o)
 .data          0x0000000000800114        0x0 /home/jared/SER486-EmbeddedC/Final_Project/lib_projd.a(Dhcp.o)
 .data          0x0000000000800114        0x0 /home/jared/SER486-EmbeddedC/Final_Project/lib_projd.a(eeprom.o)
 .data          0x0000000000800114        0x0 /home/jared/SER486-EmbeddedC/Final_Project/lib_projd.a(led.o)
 .data          0x0000000000800114        0x0 /home/jared/SER486-EmbeddedC/Final_Project/lib_projd.a(log.o)
 .data          0x0000000000800114        0x0 /home/jared/SER486-EmbeddedC/Final_Project/lib_projd.a(ntp.o)
 .data          0x0000000000800114       0x14 /home/jared/SER486-EmbeddedC/Final_Project/lib_projd.a(rtc.o)
 .data          0x0000000000800128        0x0 /home/jared/SER486-EmbeddedC/Final_Project/lib_projd.a(signature.o)
 .data          0x0000000000800128        0x0 /home/jared/SER486-EmbeddedC/Final_Project/lib_projd.a(socket.o)
 .data          0x0000000000800128        0x0 /home/jared/SER486-EmbeddedC/Final_Project/lib_projd.a(spi.o)
 .data          0x0000000000800128        0x0 /home/jared/SER486-EmbeddedC/Final_Project/lib_projd.a(str.o)
 .data          0x0000000000800128        0x0 /home/jared/SER486-EmbeddedC/Final_Project/lib_projd.a(temp.o)
 .data          0x0000000000800128        0x0 /home/jared/SER486-EmbeddedC/Final_Project/lib_projd.a(tempfsm.o)
 .data          0x0000000000800128        0x0 /home/jared/SER486-EmbeddedC/Final_Project/lib_projd.a(timer1.o)
 .data          0x0000000000800128        0x0 /home/jared/SER486-EmbeddedC/Final_Project/lib_projd.a(uart.o)
 .data          0x0000000000800128        0x8 /home/jared/SER486-EmbeddedC/Final_Project/lib_projd.a(util.o)
 .data          0x0000000000800130        0x0 /home/jared/SER486-EmbeddedC/Final_Project/lib_projd.a(vpd.o)
 .data          0x0000000000800130        0x0 /home/jared/SER486-EmbeddedC/Final_Project/lib_projd.a(w5x00.o)
 .data          0x0000000000800130        0x0 /home/jared/SER486-EmbeddedC/Final_Project/lib_projd.a(wdt.o)
 .data          0x0000000000800130        0x0 /home/jared/SER486-EmbeddedC/Final_Project/lib_projd.a(serial.o)
 .data          0x0000000000800130        0x0 /usr/lib/gcc/avr/5.4.0/avr5/libgcc.a(_mulsi3.o)
 .data          0x0000000000800130        0x0 /usr/lib/gcc/avr/5.4.0/avr5/libgcc.a(_udivmodhi4.o)
 .data          0x0000000000800130        0x0 /usr/lib/gcc/avr/5.4.0/avr5/libgcc.a(_divmodhi4.o)
 .data          0x0000000000800130        0x0 /usr/lib/gcc/avr/5.4.0/avr5/libgcc.a(_udivmodsi4.o)
 .data          0x0000000000800130        0x0 /usr/lib/gcc/avr/5.4.0/avr5/libgcc.a(_divmodsi4.o)
 .data          0x0000000000800130        0x0 /usr/lib/gcc/avr/5.4.0/avr5/libgcc.a(_negsi2.o)
 .data          0x0000000000800130        0x0 /usr/lib/gcc/avr/5.4.0/avr5/libgcc.a(_exit.o)
 .data          0x0000000000800130        0x0 /usr/lib/gcc/avr/5.4.0/avr5/libgcc.a(_tablejump2.o)
 .data          0x0000000000800130        0x0 /usr/lib/gcc/avr/5.4.0/avr5/libgcc.a(_copy_data.o)
 .data          0x0000000000800130        0x0 /usr/lib/gcc/avr/5.4.0/avr5/libgcc.a(_clear_bss.o)
 .data          0x0000000000800130        0x0 /usr/lib/gcc/avr/5.4.0/avr5/libgcc.a(_bswapsi2.o)
 .data          0x0000000000800130        0x0 /usr/lib/gcc/avr/5.4.0/avr5/libgcc.a(_umulhisi3.o)
 .data          0x0000000000800130        0x0 /usr/lib/gcc/avr/5.4.0/avr5/libgcc.a(_muluhisi3.o)
 *(.data*)
 *(.rodata)
 .rodata        0x0000000000800130        0x4 /home/jared/SER486-EmbeddedC/Final_Project/lib_projd.a(alarm.o)
 .rodata        0x0000000000800134        0x4 /home/jared/SER486-EmbeddedC/Final_Project/lib_projd.a(Dhcp.o)
 .rodata        0x0000000000800138        0x4 /home/jared/SER486-EmbeddedC/Final_Project/lib_projd.a(ntp.o)
 .rodata        0x000000000080013c        0xc /home/jared/SER486-EmbeddedC/Final_Project/lib_projd.a(rtc.o)
 .rodata        0x0000000000800148        0x6 /home/jared/SER486-EmbeddedC/Final_Project/lib_projd.a(socket.o)
 .rodata        0x000000000080014e       0x37 /home/jared/SER486-EmbeddedC/Final_Project/lib_projd.a(vpd.o)
 .rodata        0x0000000000800185       0x10 /home/jared/SER486-EmbeddedC/Final_Project/lib_projd.a(w5x00.o)
 *(.rodata*)
 .rodata.str1.1
                0x0000000000800195      0x21d obj/Release/httpfsm.o
                                        0x22a (size before relaxing)
 .rodata.str1.1
                0x00000000008003b2       0x1c obj/Release/main.o
 .rodata.str1.1
                0x00000000008003ce        0xa /home/jared/SER486-EmbeddedC/Final_Project/lib_projd.a(alarm.o)
                                          0xf (size before relaxing)
 .rodata.str1.1
                0x00000000008003d8        0x7 /home/jared/SER486-EmbeddedC/Final_Project/lib_projd.a(Dhcp.o)
 .rodata.str1.1
                0x00000000008003df       0x13 /home/jared/SER486-EmbeddedC/Final_Project/lib_projd.a(ntp.o)
 .rodata.str1.1
                0x00000000008003f2       0x14 /home/jared/SER486-EmbeddedC/Final_Project/lib_projd.a(rtc.o)
 .rodata.str1.1
                0x0000000000800406       0x3a /home/jared/SER486-EmbeddedC/Final_Project/lib_projd.a(signature.o)
 .rodata.str1.1
                0x0000000000800440        0x4 /home/jared/SER486-EmbeddedC/Final_Project/lib_projd.a(tempfsm.o)
                                          0x6 (size before relaxing)
 .rodata.str1.1
                0x0000000000800444        0x3 /home/jared/SER486-EmbeddedC/Final_Project/lib_projd.a(uart.o)
 *(.gnu.linkonce.d*)
                0x0000000000800448                . = ALIGN (0x2)
                0x0000000000800448                _edata = .
                0x0000000000800448                PROVIDE (__data_end, .)

.bss            0x0000000000800444      0x203
                0x0000000000800444                PROVIDE (__bss_start, .)
 *(.bss)
 .bss           0x0000000000800444        0x0 /usr/lib/gcc/avr/5.4.0/../../../avr/lib/avr5/crtatmega328p.o
 .bss           0x0000000000800444        0x6 obj/Release/httpfsm.o
 .bss           0x000000000080044a        0x0 obj/Release/main.o
 .bss           0x000000000080044a        0x0 obj/Release/temputil.o
 .bss           0x000000000080044a        0x0 /home/jared/SER486-EmbeddedC/Final_Project/lib_projd.a(alarm.o)
 .bss           0x000000000080044a        0x1 /home/jared/SER486-EmbeddedC/Final_Project/lib_projd.a(config.o)
 .bss           0x000000000080044b        0xe /home/jared/SER486-EmbeddedC/Final_Project/lib_projd.a(delay.o)
 .bss           0x0000000000800459       0x43 /home/jared/SER486-EmbeddedC/Final_Project/lib_projd.a(Dhcp.o)
 .bss           0x000000000080049c        0x0 /home/jared/SER486-EmbeddedC/Final_Project/lib_projd.a(eeprom.o)
 .bss           0x000000000080049c        0x5 /home/jared/SER486-EmbeddedC/Final_Project/lib_projd.a(led.o)
 .bss           0x00000000008004a1       0x83 /home/jared/SER486-EmbeddedC/Final_Project/lib_projd.a(log.o)
 .bss           0x0000000000800524        0x0 /home/jared/SER486-EmbeddedC/Final_Project/lib_projd.a(ntp.o)
 .bss           0x0000000000800524        0x0 /home/jared/SER486-EmbeddedC/Final_Project/lib_projd.a(rtc.o)
 .bss           0x0000000000800524        0x0 /home/jared/SER486-EmbeddedC/Final_Project/lib_projd.a(signature.o)
 .bss           0x0000000000800524        0x2 /home/jared/SER486-EmbeddedC/Final_Project/lib_projd.a(socket.o)
 .bss           0x0000000000800526        0x1 /home/jared/SER486-EmbeddedC/Final_Project/lib_projd.a(spi.o)
 .bss           0x0000000000800527        0x0 /home/jared/SER486-EmbeddedC/Final_Project/lib_projd.a(str.o)
 .bss           0x0000000000800527        0x0 /home/jared/SER486-EmbeddedC/Final_Project/lib_projd.a(temp.o)
 .bss           0x0000000000800527        0x2 /home/jared/SER486-EmbeddedC/Final_Project/lib_projd.a(tempfsm.o)
 .bss           0x0000000000800529        0x4 /home/jared/SER486-EmbeddedC/Final_Project/lib_projd.a(timer1.o)
 .bss           0x000000000080052d        0x0 /home/jared/SER486-EmbeddedC/Final_Project/lib_projd.a(uart.o)
 .bss           0x000000000080052d        0x0 /home/jared/SER486-EmbeddedC/Final_Project/lib_projd.a(util.o)
 .bss           0x000000000080052d        0x0 /home/jared/SER486-EmbeddedC/Final_Project/lib_projd.a(vpd.o)
 .bss           0x000000000080052d        0x1 /home/jared/SER486-EmbeddedC/Final_Project/lib_projd.a(w5x00.o)
 .bss           0x000000000080052e        0x0 /home/jared/SER486-EmbeddedC/Final_Project/lib_projd.a(wdt.o)
 .bss           0x000000000080052e        0x7 /home/jared/SER486-EmbeddedC/Final_Project/lib_projd.a(serial.o)
                0x000000000080052e                txtail
                0x000000000080052f                txhead
                0x0000000000800530                rxtail
                0x0000000000800531                rxhead
 .bss           0x0000000000800535        0x0 /usr/lib/gcc/avr/5.4.0/avr5/libgcc.a(_mulsi3.o)
 .bss           0x0000000000800535        0x0 /usr/lib/gcc/avr/5.4.0/avr5/libgcc.a(_udivmodhi4.o)
 .bss           0x0000000000800535        0x0 /usr/lib/gcc/avr/5.4.0/avr5/libgcc.a(_divmodhi4.o)
 .bss           0x0000000000800535        0x0 /usr/lib/gcc/avr/5.4.0/avr5/libgcc.a(_udivmodsi4.o)
 .bss           0x0000000000800535        0x0 /usr/lib/gcc/avr/5.4.0/avr5/libgcc.a(_divmodsi4.o)
 .bss           0x0000000000800535        0x0 /usr/lib/gcc/avr/5.4.0/avr5/libgcc.a(_negsi2.o)
 .bss           0x0000000000800535        0x0 /usr/lib/gcc/avr/5.4.0/avr5/libgcc.a(_exit.o)
 .bss           0x0000000000800535        0x0 /usr/lib/gcc/avr/5.4.0/avr5/libgcc.a(_tablejump2.o)
 .bss           0x0000000000800535        0x0 /usr/lib/gcc/avr/5.4.0/avr5/libgcc.a(_copy_data.o)
 .bss           0x0000000000800535        0x0 /usr/lib/gcc/avr/5.4.0/avr5/libgcc.a(_clear_bss.o)
 .bss           0x0000000000800535        0x0 /usr/lib/gcc/avr/5.4.0/avr5/libgcc.a(_bswapsi2.o)
 .bss           0x0000000000800535        0x0 /usr/lib/gcc/avr/5.4.0/avr5/libgcc.a(_umulhisi3.o)
 .bss           0x0000000000800535        0x0 /usr/lib/gcc/avr/5.4.0/avr5/libgcc.a(_muluhisi3.o)
 *(.bss*)
 *(COMMON)
 COMMON         0x0000000000800535       0x12 /home/jared/SER486-EmbeddedC/Final_Project/lib_projd.a(config.o)
                0x0000000000800535                config
 COMMON         0x0000000000800547       0x45 /home/jared/SER486-EmbeddedC/Final_Project/lib_projd.a(eeprom.o)
                0x0000000000800547                write_busy
                0x0000000000800548                writeaddr
                0x000000000080054a                writesize
                0x000000000080054b                writebuf
                0x000000000080058b                bufidx
 COMMON         0x000000000080058c        0x4 /home/jared/SER486-EmbeddedC/Final_Project/lib_projd.a(rtc.o)
                0x000000000080058c                rtc_base
 COMMON         0x0000000000800590       0x37 /home/jared/SER486-EmbeddedC/Final_Project/lib_projd.a(vpd.o)
                0x0000000000800590                vpd
 COMMON         0x00000000008005c7       0x80 /home/jared/SER486-EmbeddedC/Final_Project/lib_projd.a(serial.o)
                0x00000000008005c7                rxbuf
                0x0000000000800607                txbuf
                0x0000000000800647                PROVIDE (__bss_end, .)
                0x0000000000004f2a                __data_load_start = LOADADDR (.data)
                0x000000000000526e                __data_load_end = (__data_load_start + SIZEOF (.data))

.noinit         0x0000000000800647        0x0
                [!provide]                        PROVIDE (__noinit_start, .)
 *(.noinit*)
                [!provide]                        PROVIDE (__noinit_end, .)
                0x0000000000800647                _end = .
                [!provide]                        PROVIDE (__heap_start, .)

.eeprom         0x0000000000810000        0x0
 *(.eeprom*)
                0x0000000000810000                __eeprom_end = .

.fuse
 *(.fuse)
 *(.lfuse)
 *(.hfuse)
 *(.efuse)

.lock
 *(.lock*)

.signature
 *(.signature*)

.user_signatures
 *(.user_signatures*)

.stab
 *(.stab)

.stabstr
 *(.stabstr)

.stab.excl
 *(.stab.excl)

.stab.exclstr
 *(.stab.exclstr)

.stab.index
 *(.stab.index)

.stab.indexstr
 *(.stab.indexstr)

.comment        0x0000000000000000       0x11
 *(.comment)
 .comment       0x0000000000000000       0x11 obj/Release/httpfsm.o
                                         0x12 (size before relaxing)
 .comment       0x0000000000000011       0x12 obj/Release/main.o
 .comment       0x0000000000000011       0x12 obj/Release/temputil.o
 .comment       0x0000000000000011       0x12 /home/jared/SER486-EmbeddedC/Final_Project/lib_projd.a(alarm.o)
 .comment       0x0000000000000011       0x12 /home/jared/SER486-EmbeddedC/Final_Project/lib_projd.a(config.o)
 .comment       0x0000000000000011       0x12 /home/jared/SER486-EmbeddedC/Final_Project/lib_projd.a(delay.o)
 .comment       0x0000000000000011       0x12 /home/jared/SER486-EmbeddedC/Final_Project/lib_projd.a(Dhcp.o)
 .comment       0x0000000000000011       0x12 /home/jared/SER486-EmbeddedC/Final_Project/lib_projd.a(eeprom.o)
 .comment       0x0000000000000011       0x12 /home/jared/SER486-EmbeddedC/Final_Project/lib_projd.a(led.o)
 .comment       0x0000000000000011       0x12 /home/jared/SER486-EmbeddedC/Final_Project/lib_projd.a(log.o)
 .comment       0x0000000000000011       0x12 /home/jared/SER486-EmbeddedC/Final_Project/lib_projd.a(ntp.o)
 .comment       0x0000000000000011       0x12 /home/jared/SER486-EmbeddedC/Final_Project/lib_projd.a(rtc.o)
 .comment       0x0000000000000011       0x12 /home/jared/SER486-EmbeddedC/Final_Project/lib_projd.a(signature.o)
 .comment       0x0000000000000011       0x12 /home/jared/SER486-EmbeddedC/Final_Project/lib_projd.a(socket.o)
 .comment       0x0000000000000011       0x12 /home/jared/SER486-EmbeddedC/Final_Project/lib_projd.a(spi.o)
 .comment       0x0000000000000011       0x12 /home/jared/SER486-EmbeddedC/Final_Project/lib_projd.a(str.o)
 .comment       0x0000000000000011       0x12 /home/jared/SER486-EmbeddedC/Final_Project/lib_projd.a(temp.o)
 .comment       0x0000000000000011       0x12 /home/jared/SER486-EmbeddedC/Final_Project/lib_projd.a(tempfsm.o)
 .comment       0x0000000000000011       0x12 /home/jared/SER486-EmbeddedC/Final_Project/lib_projd.a(timer1.o)
 .comment       0x0000000000000011       0x12 /home/jared/SER486-EmbeddedC/Final_Project/lib_projd.a(uart.o)
 .comment       0x0000000000000011       0x12 /home/jared/SER486-EmbeddedC/Final_Project/lib_projd.a(util.o)
 .comment       0x0000000000000011       0x12 /home/jared/SER486-EmbeddedC/Final_Project/lib_projd.a(vpd.o)
 .comment       0x0000000000000011       0x12 /home/jared/SER486-EmbeddedC/Final_Project/lib_projd.a(w5x00.o)
 .comment       0x0000000000000011       0x12 /home/jared/SER486-EmbeddedC/Final_Project/lib_projd.a(wdt.o)
 .comment       0x0000000000000011       0x12 /home/jared/SER486-EmbeddedC/Final_Project/lib_projd.a(serial.o)

.note.gnu.avr.deviceinfo
                0x0000000000000000       0x40
 .note.gnu.avr.deviceinfo
                0x0000000000000000       0x40 /usr/lib/gcc/avr/5.4.0/../../../avr/lib/avr5/crtatmega328p.o

.note.gnu.build-id
 *(.note.gnu.build-id)

.debug
 *(.debug)

.line
 *(.line)

.debug_srcinfo
 *(.debug_srcinfo)

.debug_sfnames
 *(.debug_sfnames)

.debug_aranges
 *(.debug_aranges)

.debug_pubnames
 *(.debug_pubnames)

.debug_info     0x0000000000000000      0x5f4
 *(.debug_info .gnu.linkonce.wi.*)
 .debug_info    0x0000000000000000      0x5f4 /usr/lib/gcc/avr/5.4.0/../../../avr/lib/avr5/crtatmega328p.o

.debug_abbrev   0x0000000000000000      0x5a2
 *(.debug_abbrev)
 .debug_abbrev  0x0000000000000000      0x5a2 /usr/lib/gcc/avr/5.4.0/../../../avr/lib/avr5/crtatmega328p.o

.debug_line     0x0000000000000000       0x1a
 *(.debug_line .debug_line.* .debug_line_end)
 .debug_line    0x0000000000000000       0x1a /usr/lib/gcc/avr/5.4.0/../../../avr/lib/avr5/crtatmega328p.o

.debug_frame
 *(.debug_frame)

.debug_str      0x0000000000000000      0x208
 *(.debug_str)
 .debug_str     0x0000000000000000      0x208 /usr/lib/gcc/avr/5.4.0/../../../avr/lib/avr5/crtatmega328p.o

.debug_loc
 *(.debug_loc)

.debug_macinfo
 *(.debug_macinfo)

.debug_weaknames
 *(.debug_weaknames)

.debug_funcnames
 *(.debug_funcnames)

.debug_typenames
 *(.debug_typenames)

.debug_varnames
 *(.debug_varnames)

.debug_pubtypes
 *(.debug_pubtypes)

.debug_ranges
 *(.debug_ranges)

.debug_macro
 *(.debug_macro)
OUTPUT(bin/Release/Final_Project.elf elf32-avr)
LOAD linker stubs

Cross Reference Table

Symbol                                            File
W5x_config                                        /home/jared/SER486-EmbeddedC/Final_Project/lib_projd.a(w5x00.o)
                                                  obj/Release/main.o
W5x_execCmdSn                                     /home/jared/SER486-EmbeddedC/Final_Project/lib_projd.a(w5x00.o)
                                                  /home/jared/SER486-EmbeddedC/Final_Project/lib_projd.a(socket.o)
W5x_getRXReceivedSize                             /home/jared/SER486-EmbeddedC/Final_Project/lib_projd.a(w5x00.o)
                                                  /home/jared/SER486-EmbeddedC/Final_Project/lib_projd.a(socket.o)
W5x_getTXFreeSize                                 /home/jared/SER486-EmbeddedC/Final_Project/lib_projd.a(w5x00.o)
                                                  /home/jared/SER486-EmbeddedC/Final_Project/lib_projd.a(socket.o)
W5x_init                                          /home/jared/SER486-EmbeddedC/Final_Project/lib_projd.a(w5x00.o)
                                                  obj/Release/main.o
W5x_read                                          /home/jared/SER486-EmbeddedC/Final_Project/lib_projd.a(w5x00.o)
W5x_readIR                                        /home/jared/SER486-EmbeddedC/Final_Project/lib_projd.a(w5x00.o)
W5x_readMR                                        /home/jared/SER486-EmbeddedC/Final_Project/lib_projd.a(w5x00.o)
W5x_readRTR                                       /home/jared/SER486-EmbeddedC/Final_Project/lib_projd.a(w5x00.o)
W5x_readSn                                        /home/jared/SER486-EmbeddedC/Final_Project/lib_projd.a(w5x00.o)
W5x_readSnCR                                      /home/jared/SER486-EmbeddedC/Final_Project/lib_projd.a(w5x00.o)
W5x_readSnDHAR                                    /home/jared/SER486-EmbeddedC/Final_Project/lib_projd.a(w5x00.o)
W5x_readSnDIPR                                    /home/jared/SER486-EmbeddedC/Final_Project/lib_projd.a(w5x00.o)
W5x_readSnDPORT                                   /home/jared/SER486-EmbeddedC/Final_Project/lib_projd.a(w5x00.o)
W5x_readSnIR                                      /home/jared/SER486-EmbeddedC/Final_Project/lib_projd.a(w5x00.o)
                                                  /home/jared/SER486-EmbeddedC/Final_Project/lib_projd.a(socket.o)
W5x_readSnMR                                      /home/jared/SER486-EmbeddedC/Final_Project/lib_projd.a(w5x00.o)
                                                  /home/jared/SER486-EmbeddedC/Final_Project/lib_projd.a(socket.o)
W5x_readSnMSSR                                    /home/jared/SER486-EmbeddedC/Final_Project/lib_projd.a(w5x00.o)
W5x_readSnPORT                                    /home/jared/SER486-EmbeddedC/Final_Project/lib_projd.a(w5x00.o)
W5x_readSnRX_RD                                   /home/jared/SER486-EmbeddedC/Final_Project/lib_projd.a(w5x00.o)
                                                  /home/jared/SER486-EmbeddedC/Final_Project/lib_projd.a(socket.o)
W5x_readSnRX_RSR                                  /home/jared/SER486-EmbeddedC/Final_Project/lib_projd.a(w5x00.o)
W5x_readSnRX_WR                                   /home/jared/SER486-EmbeddedC/Final_Project/lib_projd.a(w5x00.o)
W5x_readSnSR                                      /home/jared/SER486-EmbeddedC/Final_Project/lib_projd.a(w5x00.o)
                                                  /home/jared/SER486-EmbeddedC/Final_Project/lib_projd.a(socket.o)
W5x_readSnTX_FSR                                  /home/jared/SER486-EmbeddedC/Final_Project/lib_projd.a(w5x00.o)
W5x_readSnTX_RD                                   /home/jared/SER486-EmbeddedC/Final_Project/lib_projd.a(w5x00.o)
W5x_readSnTX_WR                                   /home/jared/SER486-EmbeddedC/Final_Project/lib_projd.a(w5x00.o)
W5x_readUPORT                                     /home/jared/SER486-EmbeddedC/Final_Project/lib_projd.a(w5x00.o)
W5x_read_data                                     /home/jared/SER486-EmbeddedC/Final_Project/lib_projd.a(w5x00.o)
                                                  /home/jared/SER486-EmbeddedC/Final_Project/lib_projd.a(socket.o)
W5x_readbuf                                       /home/jared/SER486-EmbeddedC/Final_Project/lib_projd.a(w5x00.o)
W5x_readbufGAR                                    /home/jared/SER486-EmbeddedC/Final_Project/lib_projd.a(w5x00.o)
W5x_readbufSHAR                                   /home/jared/SER486-EmbeddedC/Final_Project/lib_projd.a(w5x00.o)
W5x_readbufSIPR                                   /home/jared/SER486-EmbeddedC/Final_Project/lib_projd.a(w5x00.o)
W5x_readbufSUBR                                   /home/jared/SER486-EmbeddedC/Final_Project/lib_projd.a(w5x00.o)
W5x_readbufSn                                     /home/jared/SER486-EmbeddedC/Final_Project/lib_projd.a(w5x00.o)
W5x_readbufUIPR                                   /home/jared/SER486-EmbeddedC/Final_Project/lib_projd.a(w5x00.o)
W5x_recv_data_processing                          /home/jared/SER486-EmbeddedC/Final_Project/lib_projd.a(w5x00.o)
                                                  /home/jared/SER486-EmbeddedC/Final_Project/lib_projd.a(socket.o)
W5x_recv_data_processing_offset                   /home/jared/SER486-EmbeddedC/Final_Project/lib_projd.a(w5x00.o)
                                                  /home/jared/SER486-EmbeddedC/Final_Project/lib_projd.a(socket.o)
W5x_send_data_processing                          /home/jared/SER486-EmbeddedC/Final_Project/lib_projd.a(w5x00.o)
                                                  /home/jared/SER486-EmbeddedC/Final_Project/lib_projd.a(socket.o)
W5x_send_data_processing_offset                   /home/jared/SER486-EmbeddedC/Final_Project/lib_projd.a(w5x00.o)
                                                  /home/jared/SER486-EmbeddedC/Final_Project/lib_projd.a(socket.o)
W5x_write                                         /home/jared/SER486-EmbeddedC/Final_Project/lib_projd.a(w5x00.o)
W5x_writeIR                                       /home/jared/SER486-EmbeddedC/Final_Project/lib_projd.a(w5x00.o)
W5x_writeMR                                       /home/jared/SER486-EmbeddedC/Final_Project/lib_projd.a(w5x00.o)
W5x_writeRTR                                      /home/jared/SER486-EmbeddedC/Final_Project/lib_projd.a(w5x00.o)
W5x_writeSn                                       /home/jared/SER486-EmbeddedC/Final_Project/lib_projd.a(w5x00.o)
W5x_writeSnCR                                     /home/jared/SER486-EmbeddedC/Final_Project/lib_projd.a(w5x00.o)
W5x_writeSnDHAR                                   /home/jared/SER486-EmbeddedC/Final_Project/lib_projd.a(w5x00.o)
                                                  /home/jared/SER486-EmbeddedC/Final_Project/lib_projd.a(socket.o)
W5x_writeSnDIPR                                   /home/jared/SER486-EmbeddedC/Final_Project/lib_projd.a(w5x00.o)
                                                  /home/jared/SER486-EmbeddedC/Final_Project/lib_projd.a(socket.o)
W5x_writeSnDPORT                                  /home/jared/SER486-EmbeddedC/Final_Project/lib_projd.a(w5x00.o)
                                                  /home/jared/SER486-EmbeddedC/Final_Project/lib_projd.a(socket.o)
W5x_writeSnIR                                     /home/jared/SER486-EmbeddedC/Final_Project/lib_projd.a(w5x00.o)
                                                  /home/jared/SER486-EmbeddedC/Final_Project/lib_projd.a(socket.o)
W5x_writeSnMR                                     /home/jared/SER486-EmbeddedC/Final_Project/lib_projd.a(w5x00.o)
                                                  /home/jared/SER486-EmbeddedC/Final_Project/lib_projd.a(socket.o)
W5x_writeSnMSSR                                   /home/jared/SER486-EmbeddedC/Final_Project/lib_projd.a(w5x00.o)
W5x_writeSnPORT                                   /home/jared/SER486-EmbeddedC/Final_Project/lib_projd.a(w5x00.o)
                                                  /home/jared/SER486-EmbeddedC/Final_Project/lib_projd.a(socket.o)
W5x_writeSnRX_RD                                  /home/jared/SER486-EmbeddedC/Final_Project/lib_projd.a(w5x00.o)
                                                  /home/jared/SER486-EmbeddedC/Final_Project/lib_projd.a(socket.o)
W5x_writeSnRX_RSR                                 /home/jared/SER486-EmbeddedC/Final_Project/lib_projd.a(w5x00.o)
W5x_writeSnRX_WR                                  /home/jared/SER486-EmbeddedC/Final_Project/lib_projd.a(w5x00.o)
W5x_writeSnSR                                     /home/jared/SER486-EmbeddedC/Final_Project/lib_projd.a(w5x00.o)
W5x_writeSnTX_FSR                                 /home/jared/SER486-EmbeddedC/Final_Project/lib_projd.a(w5x00.o)
W5x_writeSnTX_RD                                  /home/jared/SER486-EmbeddedC/Final_Project/lib_projd.a(w5x00.o)
W5x_writeSnTX_WR                                  /home/jared/SER486-EmbeddedC/Final_Project/lib_projd.a(w5x00.o)
W5x_writeUPORT                                    /home/jared/SER486-EmbeddedC/Final_Project/lib_projd.a(w5x00.o)
W5x_writebuf                                      /home/jared/SER486-EmbeddedC/Final_Project/lib_projd.a(w5x00.o)
W5x_writebufGAR                                   /home/jared/SER486-EmbeddedC/Final_Project/lib_projd.a(w5x00.o)
W5x_writebufSHAR                                  /home/jared/SER486-EmbeddedC/Final_Project/lib_projd.a(w5x00.o)
W5x_writebufSIPR                                  /home/jared/SER486-EmbeddedC/Final_Project/lib_projd.a(w5x00.o)
W5x_writebufSUBR                                  /home/jared/SER486-EmbeddedC/Final_Project/lib_projd.a(w5x00.o)
W5x_writebufSn                                    /home/jared/SER486-EmbeddedC/Final_Project/lib_projd.a(w5x00.o)
W5x_writebufUIPR                                  /home/jared/SER486-EmbeddedC/Final_Project/lib_projd.a(w5x00.o)
_ZN9DhcpClass10checkLeaseEv                       /home/jared/SER486-EmbeddedC/Final_Project/lib_projd.a(Dhcp.o)
_ZN9DhcpClass10getLocalIpEv                       /home/jared/SER486-EmbeddedC/Final_Project/lib_projd.a(Dhcp.o)
_ZN9DhcpClass12getGatewayIpEv                     /home/jared/SER486-EmbeddedC/Final_Project/lib_projd.a(Dhcp.o)
_ZN9DhcpClass12presend_DHCPEv                     /home/jared/SER486-EmbeddedC/Final_Project/lib_projd.a(Dhcp.o)
_ZN9DhcpClass13beginWithDHCPEPhmm                 /home/jared/SER486-EmbeddedC/Final_Project/lib_projd.a(Dhcp.o)
_ZN9DhcpClass13getSubnetMaskEv                    /home/jared/SER486-EmbeddedC/Final_Project/lib_projd.a(Dhcp.o)
_ZN9DhcpClass14getDnsServerIpEv                   /home/jared/SER486-EmbeddedC/Final_Project/lib_projd.a(Dhcp.o)
_ZN9DhcpClass15getDhcpServerIpEv                  /home/jared/SER486-EmbeddedC/Final_Project/lib_projd.a(Dhcp.o)
_ZN9DhcpClass16reset_DHCP_leaseEv                 /home/jared/SER486-EmbeddedC/Final_Project/lib_projd.a(Dhcp.o)
_ZN9DhcpClass17parseDHCPResponseEmRm              /home/jared/SER486-EmbeddedC/Final_Project/lib_projd.a(Dhcp.o)
_ZN9DhcpClass17send_DHCP_MESSAGEEhj               /home/jared/SER486-EmbeddedC/Final_Project/lib_projd.a(Dhcp.o)
_ZN9DhcpClass18request_DHCP_leaseEv               /home/jared/SER486-EmbeddedC/Final_Project/lib_projd.a(Dhcp.o)
_ZN9DhcpClass9printByteEPch                       /home/jared/SER486-EmbeddedC/Final_Project/lib_projd.a(Dhcp.o)
__FUSE_REGION_LENGTH__                            /usr/lib/gcc/avr/5.4.0/../../../avr/lib/avr5/crtatmega328p.o
__bad_interrupt                                   /usr/lib/gcc/avr/5.4.0/../../../avr/lib/avr5/crtatmega328p.o
__bss_end                                         /usr/lib/gcc/avr/5.4.0/avr5/libgcc.a(_clear_bss.o)
__bss_start                                       /usr/lib/gcc/avr/5.4.0/avr5/libgcc.a(_clear_bss.o)
__bswapsi2                                        /usr/lib/gcc/avr/5.4.0/avr5/libgcc.a(_bswapsi2.o)
                                                  /home/jared/SER486-EmbeddedC/Final_Project/lib_projd.a(Dhcp.o)
__data_end                                        /usr/lib/gcc/avr/5.4.0/avr5/libgcc.a(_copy_data.o)
__data_load_start                                 /usr/lib/gcc/avr/5.4.0/avr5/libgcc.a(_copy_data.o)
__data_start                                      /usr/lib/gcc/avr/5.4.0/avr5/libgcc.a(_copy_data.o)
__divmodhi4                                       /usr/lib/gcc/avr/5.4.0/avr5/libgcc.a(_divmodhi4.o)
                                                  /home/jared/SER486-EmbeddedC/Final_Project/lib_projd.a(log.o)
__divmodsi4                                       /usr/lib/gcc/avr/5.4.0/avr5/libgcc.a(_divmodsi4.o)
                                                  /home/jared/SER486-EmbeddedC/Final_Project/lib_projd.a(uart.o)
                                                  /home/jared/SER486-EmbeddedC/Final_Project/lib_projd.a(temp.o)
                                                  /home/jared/SER486-EmbeddedC/Final_Project/lib_projd.a(socket.o)
__do_clear_bss                                    /usr/lib/gcc/avr/5.4.0/avr5/libgcc.a(_clear_bss.o)
                                                  /home/jared/SER486-EmbeddedC/Final_Project/lib_projd.a(serial.o)
                                                  /home/jared/SER486-EmbeddedC/Final_Project/lib_projd.a(w5x00.o)
                                                  /home/jared/SER486-EmbeddedC/Final_Project/lib_projd.a(vpd.o)
                                                  /home/jared/SER486-EmbeddedC/Final_Project/lib_projd.a(timer1.o)
                                                  /home/jared/SER486-EmbeddedC/Final_Project/lib_projd.a(tempfsm.o)
                                                  /home/jared/SER486-EmbeddedC/Final_Project/lib_projd.a(spi.o)
                                                  /home/jared/SER486-EmbeddedC/Final_Project/lib_projd.a(socket.o)
                                                  /home/jared/SER486-EmbeddedC/Final_Project/lib_projd.a(rtc.o)
                                                  /home/jared/SER486-EmbeddedC/Final_Project/lib_projd.a(log.o)
                                                  /home/jared/SER486-EmbeddedC/Final_Project/lib_projd.a(led.o)
                                                  /home/jared/SER486-EmbeddedC/Final_Project/lib_projd.a(eeprom.o)
                                                  /home/jared/SER486-EmbeddedC/Final_Project/lib_projd.a(Dhcp.o)
                                                  /home/jared/SER486-EmbeddedC/Final_Project/lib_projd.a(delay.o)
                                                  /home/jared/SER486-EmbeddedC/Final_Project/lib_projd.a(config.o)
                                                  obj/Release/httpfsm.o
__do_copy_data                                    /usr/lib/gcc/avr/5.4.0/avr5/libgcc.a(_copy_data.o)
                                                  /home/jared/SER486-EmbeddedC/Final_Project/lib_projd.a(w5x00.o)
                                                  /home/jared/SER486-EmbeddedC/Final_Project/lib_projd.a(vpd.o)
                                                  /home/jared/SER486-EmbeddedC/Final_Project/lib_projd.a(util.o)
                                                  /home/jared/SER486-EmbeddedC/Final_Project/lib_projd.a(uart.o)
                                                  /home/jared/SER486-EmbeddedC/Final_Project/lib_projd.a(tempfsm.o)
                                                  /home/jared/SER486-EmbeddedC/Final_Project/lib_projd.a(socket.o)
                                                  /home/jared/SER486-EmbeddedC/Final_Project/lib_projd.a(signature.o)
                                                  /home/jared/SER486-EmbeddedC/Final_Project/lib_projd.a(rtc.o)
                                                  /home/jared/SER486-EmbeddedC/Final_Project/lib_projd.a(ntp.o)
                                                  /home/jared/SER486-EmbeddedC/Final_Project/lib_projd.a(Dhcp.o)
                                                  /home/jared/SER486-EmbeddedC/Final_Project/lib_projd.a(config.o)
                                                  /home/jared/SER486-EmbeddedC/Final_Project/lib_projd.a(alarm.o)
                                                  obj/Release/main.o
                                                  obj/Release/httpfsm.o
__heap_end                                        /usr/lib/gcc/avr/5.4.0/../../../avr/lib/avr5/crtatmega328p.o
__init                                            /usr/lib/gcc/avr/5.4.0/../../../avr/lib/avr5/crtatmega328p.o
__mulsi3                                          /usr/lib/gcc/avr/5.4.0/avr5/libgcc.a(_mulsi3.o)
                                                  /home/jared/SER486-EmbeddedC/Final_Project/lib_projd.a(rtc.o)
__muluhisi3                                       /usr/lib/gcc/avr/5.4.0/avr5/libgcc.a(_muluhisi3.o)
                                                  /usr/lib/gcc/avr/5.4.0/avr5/libgcc.a(_mulsi3.o)
                                                  /home/jared/SER486-EmbeddedC/Final_Project/lib_projd.a(util.o)
                                                  /home/jared/SER486-EmbeddedC/Final_Project/lib_projd.a(uart.o)
                                                  /home/jared/SER486-EmbeddedC/Final_Project/lib_projd.a(temp.o)
                                                  /home/jared/SER486-EmbeddedC/Final_Project/lib_projd.a(socket.o)
                                                  /home/jared/SER486-EmbeddedC/Final_Project/lib_projd.a(rtc.o)
__negsi2                                          /usr/lib/gcc/avr/5.4.0/avr5/libgcc.a(_negsi2.o)
                                                  /usr/lib/gcc/avr/5.4.0/avr5/libgcc.a(_divmodsi4.o)
__stack                                           /usr/lib/gcc/avr/5.4.0/../../../avr/lib/avr5/crtatmega328p.o
__tablejump2__                                    /usr/lib/gcc/avr/5.4.0/avr5/libgcc.a(_tablejump2.o)
                                                  /home/jared/SER486-EmbeddedC/Final_Project/lib_projd.a(tempfsm.o)
                                                  obj/Release/httpfsm.o
__udivmodhi4                                      /usr/lib/gcc/avr/5.4.0/avr5/libgcc.a(_udivmodhi4.o)
                                                  /usr/lib/gcc/avr/5.4.0/avr5/libgcc.a(_divmodhi4.o)
                                                  /home/jared/SER486-EmbeddedC/Final_Project/lib_projd.a(str.o)
                                                  /home/jared/SER486-EmbeddedC/Final_Project/lib_projd.a(rtc.o)
__udivmodsi4                                      /usr/lib/gcc/avr/5.4.0/avr5/libgcc.a(_udivmodsi4.o)
                                                  /usr/lib/gcc/avr/5.4.0/avr5/libgcc.a(_divmodsi4.o)
                                                  /home/jared/SER486-EmbeddedC/Final_Project/lib_projd.a(util.o)
                                                  /home/jared/SER486-EmbeddedC/Final_Project/lib_projd.a(rtc.o)
                                                  /home/jared/SER486-EmbeddedC/Final_Project/lib_projd.a(Dhcp.o)
__umulhisi3                                       /usr/lib/gcc/avr/5.4.0/avr5/libgcc.a(_umulhisi3.o)
                                                  /usr/lib/gcc/avr/5.4.0/avr5/libgcc.a(_muluhisi3.o)
                                                  /home/jared/SER486-EmbeddedC/Final_Project/lib_projd.a(rtc.o)
__vector_1                                        /usr/lib/gcc/avr/5.4.0/../../../avr/lib/avr5/crtatmega328p.o
__vector_10                                       /usr/lib/gcc/avr/5.4.0/../../../avr/lib/avr5/crtatmega328p.o
__vector_11                                       /home/jared/SER486-EmbeddedC/Final_Project/lib_projd.a(timer1.o)
                                                  /usr/lib/gcc/avr/5.4.0/../../../avr/lib/avr5/crtatmega328p.o
__vector_12                                       /usr/lib/gcc/avr/5.4.0/../../../avr/lib/avr5/crtatmega328p.o
__vector_13                                       /usr/lib/gcc/avr/5.4.0/../../../avr/lib/avr5/crtatmega328p.o
__vector_14                                       /home/jared/SER486-EmbeddedC/Final_Project/lib_projd.a(delay.o)
                                                  /usr/lib/gcc/avr/5.4.0/../../../avr/lib/avr5/crtatmega328p.o
__vector_15                                       /usr/lib/gcc/avr/5.4.0/../../../avr/lib/avr5/crtatmega328p.o
__vector_16                                       /usr/lib/gcc/avr/5.4.0/../../../avr/lib/avr5/crtatmega328p.o
__vector_17                                       /usr/lib/gcc/avr/5.4.0/../../../avr/lib/avr5/crtatmega328p.o
__vector_18                                       /home/jared/SER486-EmbeddedC/Final_Project/lib_projd.a(serial.o)
                                                  /usr/lib/gcc/avr/5.4.0/../../../avr/lib/avr5/crtatmega328p.o
__vector_19                                       /home/jared/SER486-EmbeddedC/Final_Project/lib_projd.a(serial.o)
                                                  /usr/lib/gcc/avr/5.4.0/../../../avr/lib/avr5/crtatmega328p.o
__vector_2                                        /usr/lib/gcc/avr/5.4.0/../../../avr/lib/avr5/crtatmega328p.o
__vector_20                                       /usr/lib/gcc/avr/5.4.0/../../../avr/lib/avr5/crtatmega328p.o
__vector_21                                       /usr/lib/gcc/avr/5.4.0/../../../avr/lib/avr5/crtatmega328p.o
__vector_22                                       /home/jared/SER486-EmbeddedC/Final_Project/lib_projd.a(eeprom.o)
                                                  /usr/lib/gcc/avr/5.4.0/../../../avr/lib/avr5/crtatmega328p.o
__vector_23                                       /usr/lib/gcc/avr/5.4.0/../../../avr/lib/avr5/crtatmega328p.o
__vector_24                                       /usr/lib/gcc/avr/5.4.0/../../../avr/lib/avr5/crtatmega328p.o
__vector_25                                       /usr/lib/gcc/avr/5.4.0/../../../avr/lib/avr5/crtatmega328p.o
__vector_3                                        /usr/lib/gcc/avr/5.4.0/../../../avr/lib/avr5/crtatmega328p.o
__vector_4                                        /usr/lib/gcc/avr/5.4.0/../../../avr/lib/avr5/crtatmega328p.o
__vector_5                                        /usr/lib/gcc/avr/5.4.0/../../../avr/lib/avr5/crtatmega328p.o
__vector_6                                        /home/jared/SER486-EmbeddedC/Final_Project/lib_projd.a(wdt.o)
                                                  /usr/lib/gcc/avr/5.4.0/../../../avr/lib/avr5/crtatmega328p.o
__vector_7                                        /usr/lib/gcc/avr/5.4.0/../../../avr/lib/avr5/crtatmega328p.o
__vector_8                                        /usr/lib/gcc/avr/5.4.0/../../../avr/lib/avr5/crtatmega328p.o
__vector_9                                        /usr/lib/gcc/avr/5.4.0/../../../avr/lib/avr5/crtatmega328p.o
__vector_default                                  /usr/lib/gcc/avr/5.4.0/../../../avr/lib/avr5/crtatmega328p.o
__vectors                                         /usr/lib/gcc/avr/5.4.0/../../../avr/lib/avr5/crtatmega328p.o
_div                                              /usr/lib/gcc/avr/5.4.0/avr5/libgcc.a(_divmodhi4.o)
_exit                                             /usr/lib/gcc/avr/5.4.0/avr5/libgcc.a(_exit.o)
alarm_init                                        /home/jared/SER486-EmbeddedC/Final_Project/lib_projd.a(alarm.o)
alarm_send                                        /home/jared/SER486-EmbeddedC/Final_Project/lib_projd.a(alarm.o)
                                                  /home/jared/SER486-EmbeddedC/Final_Project/lib_projd.a(tempfsm.o)
                                                  /home/jared/SER486-EmbeddedC/Final_Project/lib_projd.a(signature.o)
                                                  obj/Release/main.o
bufidx                                            /home/jared/SER486-EmbeddedC/Final_Project/lib_projd.a(eeprom.o)
check_for_test_start                              /home/jared/SER486-EmbeddedC/Final_Project/lib_projd.a(signature.o)
                                                  obj/Release/main.o
config                                            /home/jared/SER486-EmbeddedC/Final_Project/lib_projd.a(config.o)
                                                  obj/Release/temputil.o
                                                  obj/Release/main.o
                                                  obj/Release/httpfsm.o
config_init                                       /home/jared/SER486-EmbeddedC/Final_Project/lib_projd.a(config.o)
                                                  obj/Release/main.o
config_is_data_valid                              /home/jared/SER486-EmbeddedC/Final_Project/lib_projd.a(config.o)
config_set_modified                               /home/jared/SER486-EmbeddedC/Final_Project/lib_projd.a(config.o)
                                                  obj/Release/temputil.o
config_update                                     /home/jared/SER486-EmbeddedC/Final_Project/lib_projd.a(config.o)
                                                  obj/Release/temputil.o
                                                  obj/Release/main.o
config_update_noisr                               /home/jared/SER486-EmbeddedC/Final_Project/lib_projd.a(config.o)
                                                  /home/jared/SER486-EmbeddedC/Final_Project/lib_projd.a(wdt.o)
config_write_defaults                             /home/jared/SER486-EmbeddedC/Final_Project/lib_projd.a(config.o)
current_temperature                               obj/Release/main.o
delay_get                                         /home/jared/SER486-EmbeddedC/Final_Project/lib_projd.a(delay.o)
delay_init                                        /home/jared/SER486-EmbeddedC/Final_Project/lib_projd.a(delay.o)
delay_isdone                                      /home/jared/SER486-EmbeddedC/Final_Project/lib_projd.a(delay.o)
                                                  /home/jared/SER486-EmbeddedC/Final_Project/lib_projd.a(led.o)
                                                  obj/Release/main.o
delay_set                                         /home/jared/SER486-EmbeddedC/Final_Project/lib_projd.a(delay.o)
                                                  /home/jared/SER486-EmbeddedC/Final_Project/lib_projd.a(led.o)
                                                  obj/Release/main.o
dhcp_checkLease                                   /home/jared/SER486-EmbeddedC/Final_Project/lib_projd.a(Dhcp.o)
dhcp_getDhcpServerIp                              /home/jared/SER486-EmbeddedC/Final_Project/lib_projd.a(Dhcp.o)
dhcp_getDnsServerIp                               /home/jared/SER486-EmbeddedC/Final_Project/lib_projd.a(Dhcp.o)
dhcp_getGatewayIp                                 /home/jared/SER486-EmbeddedC/Final_Project/lib_projd.a(Dhcp.o)
                                                  obj/Release/main.o
dhcp_getLocalIp                                   /home/jared/SER486-EmbeddedC/Final_Project/lib_projd.a(Dhcp.o)
                                                  obj/Release/main.o
dhcp_getSubnetMask                                /home/jared/SER486-EmbeddedC/Final_Project/lib_projd.a(Dhcp.o)
                                                  obj/Release/main.o
dhcp_start                                        /home/jared/SER486-EmbeddedC/Final_Project/lib_projd.a(Dhcp.o)
                                                  obj/Release/main.o
eeprom_isbusy                                     /home/jared/SER486-EmbeddedC/Final_Project/lib_projd.a(eeprom.o)
                                                  /home/jared/SER486-EmbeddedC/Final_Project/lib_projd.a(vpd.o)
                                                  /home/jared/SER486-EmbeddedC/Final_Project/lib_projd.a(log.o)
                                                  /home/jared/SER486-EmbeddedC/Final_Project/lib_projd.a(config.o)
                                                  obj/Release/main.o
eeprom_readbuf                                    /home/jared/SER486-EmbeddedC/Final_Project/lib_projd.a(eeprom.o)
                                                  /home/jared/SER486-EmbeddedC/Final_Project/lib_projd.a(vpd.o)
                                                  /home/jared/SER486-EmbeddedC/Final_Project/lib_projd.a(log.o)
                                                  /home/jared/SER486-EmbeddedC/Final_Project/lib_projd.a(config.o)
eeprom_startwrite                                 /home/jared/SER486-EmbeddedC/Final_Project/lib_projd.a(eeprom.o)
eeprom_writebuf                                   /home/jared/SER486-EmbeddedC/Final_Project/lib_projd.a(eeprom.o)
                                                  /home/jared/SER486-EmbeddedC/Final_Project/lib_projd.a(vpd.o)
                                                  /home/jared/SER486-EmbeddedC/Final_Project/lib_projd.a(log.o)
                                                  /home/jared/SER486-EmbeddedC/Final_Project/lib_projd.a(config.o)
eeprom_writebuf_noisr                             /home/jared/SER486-EmbeddedC/Final_Project/lib_projd.a(eeprom.o)
                                                  /home/jared/SER486-EmbeddedC/Final_Project/lib_projd.a(log.o)
                                                  /home/jared/SER486-EmbeddedC/Final_Project/lib_projd.a(config.o)
exit                                              /usr/lib/gcc/avr/5.4.0/avr5/libgcc.a(_exit.o)
                                                  /usr/lib/gcc/avr/5.4.0/../../../avr/lib/avr5/crtatmega328p.o
get_month                                         /home/jared/SER486-EmbeddedC/Final_Project/lib_projd.a(rtc.o)
httpfsm_init                                      obj/Release/httpfsm.o
                                                  obj/Release/main.o
httpfsm_reset                                     obj/Release/httpfsm.o
httpfsm_update                                    obj/Release/httpfsm.o
                                                  obj/Release/main.o
isW5100                                           /home/jared/SER486-EmbeddedC/Final_Project/lib_projd.a(w5x00.o)
isW5500                                           /home/jared/SER486-EmbeddedC/Final_Project/lib_projd.a(w5x00.o)
is_leapyear                                       /home/jared/SER486-EmbeddedC/Final_Project/lib_projd.a(rtc.o)
led_init                                          /home/jared/SER486-EmbeddedC/Final_Project/lib_projd.a(led.o)
                                                  obj/Release/main.o
led_is_on                                         /home/jared/SER486-EmbeddedC/Final_Project/lib_projd.a(led.o)
led_off                                           /home/jared/SER486-EmbeddedC/Final_Project/lib_projd.a(led.o)
led_on                                            /home/jared/SER486-EmbeddedC/Final_Project/lib_projd.a(led.o)
                                                  /home/jared/SER486-EmbeddedC/Final_Project/lib_projd.a(wdt.o)
led_set_blink                                     /home/jared/SER486-EmbeddedC/Final_Project/lib_projd.a(led.o)
                                                  /home/jared/SER486-EmbeddedC/Final_Project/lib_projd.a(tempfsm.o)
led_update                                        /home/jared/SER486-EmbeddedC/Final_Project/lib_projd.a(led.o)
                                                  obj/Release/main.o
log_add_record                                    /home/jared/SER486-EmbeddedC/Final_Project/lib_projd.a(log.o)
                                                  /home/jared/SER486-EmbeddedC/Final_Project/lib_projd.a(wdt.o)
                                                  /home/jared/SER486-EmbeddedC/Final_Project/lib_projd.a(tempfsm.o)
                                                  obj/Release/main.o
log_clear                                         /home/jared/SER486-EmbeddedC/Final_Project/lib_projd.a(log.o)
                                                  obj/Release/main.o
                                                  obj/Release/httpfsm.o
log_get_num_entries                               /home/jared/SER486-EmbeddedC/Final_Project/lib_projd.a(log.o)
                                                  obj/Release/httpfsm.o
log_get_record                                    /home/jared/SER486-EmbeddedC/Final_Project/lib_projd.a(log.o)
                                                  obj/Release/httpfsm.o
log_init                                          /home/jared/SER486-EmbeddedC/Final_Project/lib_projd.a(log.o)
                                                  obj/Release/main.o
log_is_data_valid                                 /home/jared/SER486-EmbeddedC/Final_Project/lib_projd.a(log.o)
log_update                                        /home/jared/SER486-EmbeddedC/Final_Project/lib_projd.a(log.o)
                                                  obj/Release/main.o
log_update_noisr                                  /home/jared/SER486-EmbeddedC/Final_Project/lib_projd.a(log.o)
                                                  /home/jared/SER486-EmbeddedC/Final_Project/lib_projd.a(wdt.o)
main                                              obj/Release/main.o
                                                  /usr/lib/gcc/avr/5.4.0/../../../avr/lib/avr5/crtatmega328p.o
mem_cmp                                           /home/jared/SER486-EmbeddedC/Final_Project/lib_projd.a(str.o)
                                                  /home/jared/SER486-EmbeddedC/Final_Project/lib_projd.a(Dhcp.o)
mem_cpy                                           /home/jared/SER486-EmbeddedC/Final_Project/lib_projd.a(str.o)
                                                  /home/jared/SER486-EmbeddedC/Final_Project/lib_projd.a(signature.o)
                                                  /home/jared/SER486-EmbeddedC/Final_Project/lib_projd.a(Dhcp.o)
mem_set                                           /home/jared/SER486-EmbeddedC/Final_Project/lib_projd.a(str.o)
                                                  /home/jared/SER486-EmbeddedC/Final_Project/lib_projd.a(Dhcp.o)
millis                                            /home/jared/SER486-EmbeddedC/Final_Project/lib_projd.a(delay.o)
                                                  /home/jared/SER486-EmbeddedC/Final_Project/lib_projd.a(w5x00.o)
                                                  /home/jared/SER486-EmbeddedC/Final_Project/lib_projd.a(ntp.o)
                                                  /home/jared/SER486-EmbeddedC/Final_Project/lib_projd.a(Dhcp.o)
                                                  /home/jared/SER486-EmbeddedC/Final_Project/lib_projd.a(alarm.o)
ntp_sync_network_time                             /home/jared/SER486-EmbeddedC/Final_Project/lib_projd.a(ntp.o)
                                                  obj/Release/main.o
random                                            /home/jared/SER486-EmbeddedC/Final_Project/lib_projd.a(util.o)
                                                  /home/jared/SER486-EmbeddedC/Final_Project/lib_projd.a(Dhcp.o)
random_seed                                       /home/jared/SER486-EmbeddedC/Final_Project/lib_projd.a(util.o)
rtc_base                                          /home/jared/SER486-EmbeddedC/Final_Project/lib_projd.a(rtc.o)
rtc_get_date                                      /home/jared/SER486-EmbeddedC/Final_Project/lib_projd.a(rtc.o)
                                                  /home/jared/SER486-EmbeddedC/Final_Project/lib_projd.a(log.o)
rtc_get_date_string                               /home/jared/SER486-EmbeddedC/Final_Project/lib_projd.a(rtc.o)
                                                  /home/jared/SER486-EmbeddedC/Final_Project/lib_projd.a(ntp.o)
                                                  /home/jared/SER486-EmbeddedC/Final_Project/lib_projd.a(alarm.o)
rtc_init                                          /home/jared/SER486-EmbeddedC/Final_Project/lib_projd.a(rtc.o)
                                                  obj/Release/main.o
rtc_num2datestr                                   /home/jared/SER486-EmbeddedC/Final_Project/lib_projd.a(rtc.o)
                                                  /home/jared/SER486-EmbeddedC/Final_Project/lib_projd.a(socket.o)
                                                  /home/jared/SER486-EmbeddedC/Final_Project/lib_projd.a(ntp.o)
                                                  obj/Release/httpfsm.o
rtc_set_by_datestr                                /home/jared/SER486-EmbeddedC/Final_Project/lib_projd.a(rtc.o)
                                                  /home/jared/SER486-EmbeddedC/Final_Project/lib_projd.a(ntp.o)
rtc_set_date                                      /home/jared/SER486-EmbeddedC/Final_Project/lib_projd.a(rtc.o)
rxbuf                                             /home/jared/SER486-EmbeddedC/Final_Project/lib_projd.a(serial.o)
rxhead                                            /home/jared/SER486-EmbeddedC/Final_Project/lib_projd.a(serial.o)
rxtail                                            /home/jared/SER486-EmbeddedC/Final_Project/lib_projd.a(serial.o)
serial_init                                       /home/jared/SER486-EmbeddedC/Final_Project/lib_projd.a(serial.o)
                                                  /home/jared/SER486-EmbeddedC/Final_Project/lib_projd.a(uart.o)
serial_is_packet_ready                            /home/jared/SER486-EmbeddedC/Final_Project/lib_projd.a(serial.o)
                                                  /home/jared/SER486-EmbeddedC/Final_Project/lib_projd.a(uart.o)
serial_isconnected                                /home/jared/SER486-EmbeddedC/Final_Project/lib_projd.a(serial.o)
                                                  /home/jared/SER486-EmbeddedC/Final_Project/lib_projd.a(uart.o)
serial_popchar                                    /home/jared/SER486-EmbeddedC/Final_Project/lib_projd.a(serial.o)
                                                  /home/jared/SER486-EmbeddedC/Final_Project/lib_projd.a(uart.o)
                                                  /home/jared/SER486-EmbeddedC/Final_Project/lib_projd.a(signature.o)
serial_rxchars                                    /home/jared/SER486-EmbeddedC/Final_Project/lib_projd.a(serial.o)
                                                  /home/jared/SER486-EmbeddedC/Final_Project/lib_projd.a(uart.o)
                                                  /home/jared/SER486-EmbeddedC/Final_Project/lib_projd.a(signature.o)
serial_writechar                                  /home/jared/SER486-EmbeddedC/Final_Project/lib_projd.a(serial.o)
                                                  /home/jared/SER486-EmbeddedC/Final_Project/lib_projd.a(uart.o)
serial_writestr                                   /home/jared/SER486-EmbeddedC/Final_Project/lib_projd.a(serial.o)
serial_writestr_P                                 /home/jared/SER486-EmbeddedC/Final_Project/lib_projd.a(serial.o)
signature_set                                     /home/jared/SER486-EmbeddedC/Final_Project/lib_projd.a(signature.o)
                                                  obj/Release/main.o