Archive member included to satisfy reference by file (symbol)

/home/jared/SER486-EmbeddedC/Final_Project/lib_projd.a(alarm.o)
                              obj/Debug/main.o (alarm_send)
/home/jared/SER486-EmbeddedC/Final_Project/lib_projd.a(config.o)
                              obj/Debug/temputil.o (config_set_modified)
/home/jared/SER486-EmbeddedC/Final_Project/lib_projd.a(delay.o)
                              obj/Debug/main.o (delay_isdone)
/home/jared/SER486-EmbeddedC/Final_Project/lib_projd.a(Dhcp.o)
                              obj/Debug/main.o (dhcp_getLocalIp)
/home/jared/SER486-EmbeddedC/Final_Project/lib_projd.a(eeprom.o)
                              /home/jared/SER486-EmbeddedC/Final_Project/lib_projd.a(config.o) (eeprom_writebuf)
/home/jared/SER486-EmbeddedC/Final_Project/lib_projd.a(led.o)
                              obj/Debug/main.o (led_init)
/home/jared/SER486-EmbeddedC/Final_Project/lib_projd.a(log.o)
                              obj/Debug/main.o (log_init)
/home/jared/SER486-EmbeddedC/Final_Project/lib_projd.a(ntp.o)
                              obj/Debug/main.o (ntp_sync_network_time)
/home/jared/SER486-EmbeddedC/Final_Project/lib_projd.a(rtc.o)
                              obj/Debug/main.o (rtc_init)
/home/jared/SER486-EmbeddedC/Final_Project/lib_projd.a(signature.o)
                              obj/Debug/main.o (signature_set)
/home/jared/SER486-EmbeddedC/Final_Project/lib_projd.a(socket.o)
                              /home/jared/SER486-EmbeddedC/Final_Project/lib_projd.a(alarm.o) (udpsocket_open_multicast)
/home/jared/SER486-EmbeddedC/Final_Project/lib_projd.a(spi.o)
                              obj/Debug/main.o (spi_init)
/home/jared/SER486-EmbeddedC/Final_Project/lib_projd.a(str.o)
                              /home/jared/SER486-EmbeddedC/Final_Project/lib_projd.a(Dhcp.o) (mem_cpy)
/home/jared/SER486-EmbeddedC/Final_Project/lib_projd.a(temp.o)
                              obj/Debug/main.o (temp_init)
/home/jared/SER486-EmbeddedC/Final_Project/lib_projd.a(tempfsm.o)
                              obj/Debug/main.o (tempfsm_init)
/home/jared/SER486-EmbeddedC/Final_Project/lib_projd.a(timer1.o)
                              /home/jared/SER486-EmbeddedC/Final_Project/lib_projd.a(rtc.o) (timer1_init)
/home/jared/SER486-EmbeddedC/Final_Project/lib_projd.a(uart.o)
                              obj/Debug/main.o (uart_init)
/home/jared/SER486-EmbeddedC/Final_Project/lib_projd.a(util.o)
                              /home/jared/SER486-EmbeddedC/Final_Project/lib_projd.a(signature.o) (str_cmp)
/home/jared/SER486-EmbeddedC/Final_Project/lib_projd.a(vpd.o)
                              obj/Debug/httpfsm.o (vpd)
/home/jared/SER486-EmbeddedC/Final_Project/lib_projd.a(w5x00.o)
                              obj/Debug/main.o (W5x_config)
/home/jared/SER486-EmbeddedC/Final_Project/lib_projd.a(wdt.o)
                              obj/Debug/main.o (wdt_init)
/home/jared/SER486-EmbeddedC/Final_Project/lib_projd.a(serial.o)
                              /home/jared/SER486-EmbeddedC/Final_Project/lib_projd.a(uart.o) (serial_init)
/usr/lib/gcc/avr/5.4.0/avr5/libgcc.a(_mulsi3.o)
                              /home/jared/SER486-EmbeddedC/Final_Project/lib_projd.a(rtc.o) (__mulsi3)
/usr/lib/gcc/avr/5.4.0/avr5/libgcc.a(_udivmodhi4.o)
                              /home/jared/SER486-EmbeddedC/Final_Project/lib_projd.a(rtc.o) (__udivmodhi4)
/usr/lib/gcc/avr/5.4.0/avr5/libgcc.a(_divmodhi4.o)
                              /home/jared/SER486-EmbeddedC/Final_Project/lib_projd.a(log.o) (__divmodhi4)
/usr/lib/gcc/avr/5.4.0/avr5/libgcc.a(_udivmodsi4.o)
                              /home/jared/SER486-EmbeddedC/Final_Project/lib_projd.a(Dhcp.o) (__udivmodsi4)
/usr/lib/gcc/avr/5.4.0/avr5/libgcc.a(_divmodsi4.o)
                              /home/jared/SER486-EmbeddedC/Final_Project/lib_projd.a(socket.o) (__divmodsi4)
/usr/lib/gcc/avr/5.4.0/avr5/libgcc.a(_negsi2.o)
                              /usr/lib/gcc/avr/5.4.0/avr5/libgcc.a(_divmodsi4.o) (__negsi2)
/usr/lib/gcc/avr/5.4.0/avr5/libgcc.a(_exit.o)
                              /usr/lib/gcc/avr/5.4.0/../../../avr/lib/avr5/crtatmega328p.o (exit)
/usr/lib/gcc/avr/5.4.0/avr5/libgcc.a(_tablejump2.o)
                              obj/Debug/httpfsm.o (__tablejump2__)
/usr/lib/gcc/avr/5.4.0/avr5/libgcc.a(_copy_data.o)
                              obj/Debug/httpfsm.o (__do_copy_data)
/usr/lib/gcc/avr/5.4.0/avr5/libgcc.a(_clear_bss.o)
                              obj/Debug/httpfsm.o (__do_clear_bss)
/usr/lib/gcc/avr/5.4.0/avr5/libgcc.a(_bswapsi2.o)
                              /home/jared/SER486-EmbeddedC/Final_Project/lib_projd.a(Dhcp.o) (__bswapsi2)
/usr/lib/gcc/avr/5.4.0/avr5/libgcc.a(_umulhisi3.o)
                              /home/jared/SER486-EmbeddedC/Final_Project/lib_projd.a(rtc.o) (__umulhisi3)
/usr/lib/gcc/avr/5.4.0/avr5/libgcc.a(_muluhisi3.o)
                              /home/jared/SER486-EmbeddedC/Final_Project/lib_projd.a(rtc.o) (__muluhisi3)

[...]
Memory Configuration

Name             Origin             Length             Attributes
text             0x0000000000000000 0x0000000000020000 xr
data             0x0000000000800060 0x000000000000ffa0 rw !x
eeprom           0x0000000000810000 0x0000000000010000 rw !x
fuse             0x0000000000820000 0x0000000000000003 rw !x
lock             0x0000000000830000 0x0000000000000400 rw !x
signature        0x0000000000840000 0x0000000000000400 rw !x
user_signatures  0x0000000000850000 0x0000000000000400 rw !x
*default*        0x0000000000000000 0xffffffffffffffff

Linker script and memory map

Address of section .data set to 0x800100
LOAD /usr/lib/gcc/avr/5.4.0/../../../avr/lib/avr5/crtatmega328p.o
LOAD obj/Debug/httpfsm.o
LOAD obj/Debug/main.o
LOAD obj/Debug/temputil.o
LOAD /home/jared/SER486-EmbeddedC/Final_Project/lib_projd.a
LOAD /usr/lib/gcc/avr/5.4.0/avr5/libgcc.a
LOAD /usr/lib/gcc/avr/5.4.0/../../../avr/lib/avr5/libm.a
START GROUP
LOAD /usr/lib/gcc/avr/5.4.0/avr5/libgcc.a
LOAD /usr/lib/gcc/avr/5.4.0/../../../avr/lib/avr5/libm.a
LOAD /usr/lib/gcc/avr/5.4.0/../../../avr/lib/avr5/libc.a
LOAD /usr/lib/gcc/avr/5.4.0/../../../avr/lib/avr5/libatmega328p.a
END GROUP
                0x0000000000020000                __TEXT_REGION_LENGTH__ = DEFINED (__TEXT_REGION_LENGTH__)?__TEXT_REGION_LENGTH__:0x20000
                0x000000000000ffa0                __DATA_REGION_LENGTH__ = DEFINED (__DATA_REGION_LENGTH__)?__DATA_REGION_LENGTH__:0xffa0
                0x0000000000010000                __EEPROM_REGION_LENGTH__ = DEFINED (__EEPROM_REGION_LENGTH__)?__EEPROM_REGION_LENGTH__:0x10000
                [0x0000000000000003]                __FUSE_REGION_LENGTH__ = DEFINED (__FUSE_REGION_LENGTH__)?__FUSE_REGION_LENGTH__:0x400
                0x0000000000000400                __LOCK_REGION_LENGTH__ = DEFINED (__LOCK_REGION_LENGTH__)?__LOCK_REGION_LENGTH__:0x400
                0x0000000000000400                __SIGNATURE_REGION_LENGTH__ = DEFINED (__SIGNATURE_REGION_LENGTH__)?__SIGNATURE_REGION_LENGTH__:0x400
                0x0000000000000400                __USER_SIGNATURE_REGION_LENGTH__ = DEFINED (__USER_SIGNATURE_REGION_LENGTH__)?__USER_SIGNATURE_REGION_LENGTH__:0x400

.hash
 *(.hash)

.dynsym
 *(.dynsym)

.dynstr
 *(.dynstr)

.gnu.version
 *(.gnu.version)

.gnu.version_d
 *(.gnu.version_d)

.gnu.version_r
 *(.gnu.version_r)

.rel.init
 *(.rel.init)

.rela.init
 *(.rela.init)

.rel.text
 *(.rel.text)
 *(.rel.text.*)
 *(.rel.gnu.linkonce.t*)

.rela.text
 *(.rela.text)
 *(.rela.text.*)
 *(.rela.gnu.linkonce.t*)

.rel.fini
 *(.rel.fini)

.rela.fini
 *(.rela.fini)

.rel.rodata
 *(.rel.rodata)
 *(.rel.rodata.*)
 *(.rel.gnu.linkonce.r*)

.rela.rodata
 *(.rela.rodata)
 *(.rela.rodata.*)
 *(.rela.gnu.linkonce.r*)

.rel.data
 *(.rel.data)
 *(.rel.data.*)
 *(.rel.gnu.linkonce.d*)

.rela.data
 *(.rela.data)
 *(.rela.data.*)
 *(.rela.gnu.linkonce.d*)

.rel.ctors
 *(.rel.ctors)

.rela.ctors
 *(.rela.ctors)

.rel.dtors
 *(.rel.dtors)

.rela.dtors
 *(.rela.dtors)

.rel.got
 *(.rel.got)

.rela.got
 *(.rela.got)

.rel.bss
 *(.rel.bss)

.rela.bss
 *(.rela.bss)

.rel.plt
 *(.rel.plt)

.rela.plt
 *(.rela.plt)

.text           0x0000000000000000     0x524a
 *(.vectors)
 .vectors       0x0000000000000000       0x68 /usr/lib/gcc/avr/5.4.0/../../../avr/lib/avr5/crtatmega328p.o
                0x0000000000000000                __vectors
                0x0000000000000000                __vector_default
 *(.vectors)
 *(.progmem.gcc*)
 .progmem.gcc_sw_table
                0x0000000000000068       0x14 obj/Debug/httpfsm.o
 .progmem.gcc_sw_table
                0x000000000000007c       0x12 /home/jared/SER486-EmbeddedC/Final_Project/lib_projd.a(tempfsm.o)
                0x000000000000008e                . = ALIGN (0x2)
                0x000000000000008e                __trampolines_start = .
 *(.trampolines)
 .trampolines   0x000000000000008e        0x0 linker stubs
 *(.trampolines*)
                0x000000000000008e                __trampolines_end = .
 *libprintf_flt.a:*(.progmem.data)
 *libc.a:*(.progmem.data)
 *(.progmem*)
                0x000000000000008e                . = ALIGN (0x2)
 *(.jumptables)
 *(.jumptables*)
 *(.lowtext)
 *(.lowtext*)
                0x000000000000008e                __ctors_start = .
 *(.ctors)
                0x000000000000008e                __ctors_end = .
                0x000000000000008e                __dtors_start = .
 *(.dtors)
                0x000000000000008e                __dtors_end = .
 SORT(*)(.ctors)
 SORT(*)(.dtors)
 *(.init0)
 .init0         0x000000000000008e        0x0 /usr/lib/gcc/avr/5.4.0/../../../avr/lib/avr5/crtatmega328p.o
                0x000000000000008e                __init
 *(.init0)
 *(.init1)
 *(.init1)
 *(.init2)
 .init2         0x000000000000008e        0xc /usr/lib/gcc/avr/5.4.0/../../../avr/lib/avr5/crtatmega328p.o
 *(.init2)
 *(.init3)
 *(.init3)
 *(.init4)
 .init4         0x000000000000009a       0x16 /usr/lib/gcc/avr/5.4.0/avr5/libgcc.a(_copy_data.o)
                0x000000000000009a                __do_copy_data
 .init4         0x00000000000000b0       0x10 /usr/lib/gcc/avr/5.4.0/avr5/libgcc.a(_clear_bss.o)
                0x00000000000000b0                __do_clear_bss
 *(.init4)
 *(.init5)
 *(.init5)
 *(.init6)
 *(.init6)
 *(.init7)
 *(.init7)
 *(.init8)
 *(.init8)
 *(.init9)
 .init9         0x00000000000000c0        0x8 /usr/lib/gcc/avr/5.4.0/../../../avr/lib/avr5/crtatmega328p.o
 *(.init9)
 *(.text)
 .text          0x00000000000000c8        0x4 /usr/lib/gcc/avr/5.4.0/../../../avr/lib/avr5/crtatmega328p.o
                0x00000000000000c8                __vector_1
                0x00000000000000c8                __vector_24
                0x00000000000000c8                __vector_12
                0x00000000000000c8                __bad_interrupt
                0x00000000000000c8                __vector_3
                0x00000000000000c8                __vector_23
                0x00000000000000c8                __vector_25
                0x00000000000000c8                __vector_13
                0x00000000000000c8                __vector_17
                0x00000000000000c8                __vector_7
                0x00000000000000c8                __vector_5
                0x00000000000000c8                __vector_4
                0x00000000000000c8                __vector_9
                0x00000000000000c8                __vector_2
                0x00000000000000c8                __vector_21
                0x00000000000000c8                __vector_15
                0x00000000000000c8                __vector_8
                0x00000000000000c8                __vector_10
                0x00000000000000c8                __vector_16
                0x00000000000000c8                __vector_20
 .text          0x00000000000000cc      0x938 obj/Debug/httpfsm.o
                0x0000000000000836                httpfsm_update
                0x00000000000009d6                httpfsm_init
                0x00000000000009ee                httpfsm_reset
 .text          0x0000000000000a04      0x19e obj/Debug/main.o
                0x0000000000000a04                main
 .text          0x0000000000000ba2      0x144 obj/Debug/temputil.o
                0x0000000000000ba2                update_tcrit_hi
                0x0000000000000bea                update_twarn_hi
                0x0000000000000c44                update_tcrit_lo
                0x0000000000000c8c                update_twarn_lo
 .text          0x0000000000000ce6      0x18c /home/jared/SER486-EmbeddedC/Final_Project/lib_projd.a(alarm.o)
                0x0000000000000ce6                alarm_init
                0x0000000000000ce8                alarm_send
 .text          0x0000000000000e72       0xf0 /home/jared/SER486-EmbeddedC/Final_Project/lib_projd.a(config.o)
                0x0000000000000e72                config_set_modified
                0x0000000000000e7a                config_is_data_valid
                0x0000000000000eba                config_write_defaults
                0x0000000000000ed4                config_init
                0x0000000000000f0a                config_update
                0x0000000000000f3a                config_update_noisr
 .text          0x0000000000000f62      0x19e /home/jared/SER486-EmbeddedC/Final_Project/lib_projd.a(delay.o)
                0x0000000000000f62                __vector_14
                0x0000000000001004                delay_init
                0x0000000000001028                delay_get
                0x0000000000001048                delay_isdone
                0x000000000000107a                delay_set
                0x00000000000010ce                millis
 .text          0x0000000000001100      0xbfc /home/jared/SER486-EmbeddedC/Final_Project/lib_projd.a(Dhcp.o)
                0x0000000000001100                dhcp_getLocalIp
                0x0000000000001106                dhcp_getSubnetMask
                0x000000000000110c                dhcp_getGatewayIp
                0x0000000000001112                dhcp_getDhcpServerIp
                0x0000000000001118                dhcp_getDnsServerIp
                0x000000000000111e                _ZN9DhcpClass16reset_DHCP_leaseEv
                0x000000000000112a                _ZN9DhcpClass12presend_DHCPEv
                0x000000000000112c                _ZN9DhcpClass17parseDHCPResponseEmRm
                0x0000000000001562                _ZN9DhcpClass10getLocalIpEv
                0x0000000000001566                _ZN9DhcpClass13getSubnetMaskEv
                0x000000000000156a                _ZN9DhcpClass12getGatewayIpEv
                0x000000000000156e                _ZN9DhcpClass15getDhcpServerIpEv
                0x0000000000001572                _ZN9DhcpClass14getDnsServerIpEv
                0x0000000000001576                _ZN9DhcpClass9printByteEPch
                0x00000000000015a0                _ZN9DhcpClass17send_DHCP_MESSAGEEhj
                0x000000000000181c                _ZN9DhcpClass18request_DHCP_leaseEv
                0x0000000000001b18                _ZN9DhcpClass13beginWithDHCPEPhmm
                0x0000000000001b96                dhcp_start
                0x0000000000001bba                _ZN9DhcpClass10checkLeaseEv
                0x0000000000001cf4                dhcp_checkLease
 .text          0x0000000000001cfc      0x12c /home/jared/SER486-EmbeddedC/Final_Project/lib_projd.a(eeprom.o)
                0x0000000000001cfc                eeprom_startwrite
                0x0000000000001d02                __vector_22
                0x0000000000001d8e                eeprom_writebuf
                0x0000000000001dc8                eeprom_writebuf_noisr
                0x0000000000001df6                eeprom_readbuf
                0x0000000000001e20                eeprom_isbusy
 .text          0x0000000000001e28       0xfc /home/jared/SER486-EmbeddedC/Final_Project/lib_projd.a(led.o)
                0x0000000000001e28                led_init
                0x0000000000001e3a                led_on
                0x0000000000001e3e                led_off
                0x0000000000001e42                led_set_blink
                0x0000000000001e66                led_update
                0x0000000000001f1a                led_is_on
 .text          0x0000000000001f24      0x43c /home/jared/SER486-EmbeddedC/Final_Project/lib_projd.a(log.o)
                0x0000000000001f24                log_is_data_valid
                0x0000000000001f70                log_init
                0x00000000000020fa                log_update
                0x0000000000002166                log_update_noisr
                0x00000000000021ca                log_add_record
                0x000000000000226c                log_clear
                0x00000000000022a6                log_get_num_entries
                0x00000000000022d8                log_get_record
 .text          0x0000000000002360      0x1be /home/jared/SER486-EmbeddedC/Final_Project/lib_projd.a(ntp.o)
                0x0000000000002360                ntp_sync_network_time
 .text          0x000000000000251e      0x5d8 /home/jared/SER486-EmbeddedC/Final_Project/lib_projd.a(rtc.o)
                0x000000000000251e                rtc_init
                0x0000000000002522                rtc_get_date
                0x0000000000002526                rtc_set_date
                0x000000000000253a                is_leapyear
                0x000000000000256e                rtc_set_by_datestr
                0x0000000000002838                get_month
                0x00000000000028c8                rtc_num2datestr
                0x0000000000002ace                rtc_get_date_string
 .text          0x0000000000002af6       0xea /home/jared/SER486-EmbeddedC/Final_Project/lib_projd.a(signature.o)
                0x0000000000002af6                signature_set
                0x0000000000002bbe                check_for_test_start
 .text          0x0000000000002be0      0xb78 /home/jared/SER486-EmbeddedC/Final_Project/lib_projd.a(socket.o)
                0x0000000000002be0                udpsocket_open_multicast
                0x0000000000002c66                udpsocket_is_open
                0x0000000000002c76                socket_is_active
                0x0000000000002c92                socket_is_listening
                0x0000000000002ca2                socket_is_established
                0x0000000000002cb2                socket_is_closed
                0x0000000000002cc0                udpsocket_is_closed
                0x0000000000002cc4                socket_close
                0x0000000000002d2a                udpsocket_open
                0x0000000000002d32                socket_open
                0x0000000000002d3a                udpsocket_close
                0x0000000000002d3e                socket_listen
                0x0000000000002d5c                socket_connect
                0x0000000000002dc4                socket_disconnect
                0x0000000000002dca                socket_send
                0x0000000000002e56                socket_recv
                0x0000000000002eca                socket_recv_available
                0x0000000000002ece                udpsocket_recv_available
                0x0000000000002ed2                socket_peek
                0x0000000000002ee2                udpsocket_sendto
                0x0000000000002f86                udpsocket_recv_data
                0x0000000000002fc8                udpsocket_recvfrom
                0x000000000000311a                socket_igmpsend
                0x0000000000003178                udpsocket_add_to_datagram
                0x00000000000031be                socket_writestr
                0x00000000000031de                socket_writechar
                0x0000000000003200                socket_writequotedstring
                0x0000000000003226                socket_writedate
                0x0000000000003240                socket_writehex8
                0x000000000000327c                socket_write_macaddress
                0x00000000000032ce                socket_writehex16
                0x00000000000032e8                socket_writedec32
                0x000000000000340e                udpsocket_start_datagram
                0x0000000000003458                udpsocket_send_datagram
                0x0000000000003494                socket_received_line
                0x00000000000034f0                socket_is_blank_line
                0x0000000000003534                socket_recv_compare
                0x00000000000035e0                socket_flush_line
                0x0000000000003672                socket_recv_int
 .text          0x0000000000003758       0x5c /home/jared/SER486-EmbeddedC/Final_Project/lib_projd.a(spi.o)
                0x0000000000003758                spi_init
                0x000000000000377c                spi_is_locked
                0x0000000000003782                spi_begin_transfer
                0x000000000000379e                spi_transfer
                0x00000000000037ac                spi_end_transfer
 .text          0x00000000000037b4      0x144 /home/jared/SER486-EmbeddedC/Final_Project/lib_projd.a(str.o)
                0x00000000000037b4                mem_cpy
                0x00000000000037cc                mem_set
                0x00000000000037e0                mem_cmp
                0x000000000000380e                str_cpy
                0x0000000000003822                str_len
                0x0000000000003834                str_writeudec16
 .text          0x00000000000038f8       0x6e /home/jared/SER486-EmbeddedC/Final_Project/lib_projd.a(temp.o)
                0x00000000000038f8                temp_init
                0x0000000000003906                temp_is_data_ready
                0x000000000000391c                temp_start
                0x0000000000003928                temp_get
 .text          0x0000000000003966      0x170 /home/jared/SER486-EmbeddedC/Final_Project/lib_projd.a(tempfsm.o)
                0x0000000000003966                tempfsm_init
                0x0000000000003968                tempfsm_update
                0x0000000000003acc                tempfsm_reset
 .text          0x0000000000003ad6       0x9a /home/jared/SER486-EmbeddedC/Final_Project/lib_projd.a(timer1.o)
                0x0000000000003ad6                __vector_11
                0x0000000000003b20                timer1_init
                0x0000000000003b40                timer1_get
                0x0000000000003b58                timer1_clear
 .text          0x0000000000003b70      0x23c /home/jared/SER486-EmbeddedC/Final_Project/lib_projd.a(uart.o)
                0x0000000000003b70                uart_init
                0x0000000000003b78                uart_writechar
                0x0000000000003b7c                uart_writestr
                0x0000000000003b94                uart_writehex8
                0x0000000000003bc6                uart_writehex16
                0x0000000000003bd8                uart_writedec32
                0x0000000000003d00                uart_is_connected
                0x0000000000003d04                uart_is_packet_available
                0x0000000000003d08                uart_readpacket
                0x0000000000003d68                uart_writeip
 .text          0x0000000000003dac      0x214 /home/jared/SER486-EmbeddedC/Final_Project/lib_projd.a(util.o)
                0x0000000000003dac                str_cmp
                0x0000000000003de2                update_checksum
                0x0000000000003e0a                random_seed
                0x0000000000003e40                random
                0x0000000000003f42                strtoi
 .text          0x0000000000003fc0       0xc6 /home/jared/SER486-EmbeddedC/Final_Project/lib_projd.a(vpd.o)
                0x0000000000003fc0                vpd_is_data_valid
                0x0000000000004000                vpd_write_defaults
                0x0000000000004054                vpd_init
 .text          0x0000000000004086      0xbfe /home/jared/SER486-EmbeddedC/Final_Project/lib_projd.a(w5x00.o)
                0x0000000000004086                W5x_writebuf
                0x000000000000418c                W5x_write
                0x00000000000041ae                W5x_config
                0x000000000000434a                W5x_readbuf
                0x0000000000004454                W5x_read
                0x0000000000004476                W5x_readSn
                0x0000000000004486                W5x_writeSn
                0x000000000000449c                W5x_readbufSn
                0x00000000000044b2                W5x_writebufSn
                0x00000000000044c8                W5x_read_data
                0x000000000000454e                W5x_writeMR
                0x0000000000004558                W5x_readMR
                0x0000000000004560                isW5100
                0x00000000000045d6                isW5500
                0x000000000000464c                W5x_init
                0x000000000000465a                W5x_writebufGAR
                0x0000000000004668                W5x_readbufGAR
                0x0000000000004676                W5x_writebufSUBR
                0x0000000000004684                W5x_readbufSUBR
                0x0000000000004692                W5x_writebufSHAR
                0x00000000000046a0                W5x_readbufSHAR
                0x00000000000046ae                W5x_writebufSIPR
                0x00000000000046bc                W5x_readbufSIPR
                0x00000000000046ca                W5x_writeIR
                0x00000000000046d4                W5x_readIR
                0x00000000000046dc                W5x_writeRTR
                0x00000000000046f6                W5x_readRTR
                0x0000000000004720                W5x_writebufUIPR
                0x000000000000472e                W5x_readbufUIPR
                0x000000000000473c                W5x_writeUPORT
                0x0000000000004756                W5x_readUPORT
                0x0000000000004780                W5x_writeSnMR
                0x000000000000478a                W5x_readSnMR
                0x0000000000004792                W5x_writeSnCR
                0x000000000000479c                W5x_readSnCR
                0x00000000000047a4                W5x_execCmdSn
                0x00000000000047ba                W5x_writeSnIR
                0x00000000000047c4                W5x_readSnIR
                0x00000000000047cc                W5x_writeSnSR
                0x00000000000047d6                W5x_readSnSR
                0x00000000000047de                W5x_writeSnPORT
                0x0000000000004800                W5x_readSnPORT
                0x0000000000004830                W5x_writeSnDHAR
                0x000000000000483e                W5x_readSnDHAR
                0x000000000000484c                W5x_writeSnDIPR
                0x000000000000485a                W5x_readSnDIPR
                0x0000000000004868                W5x_writeSnDPORT
                0x000000000000488a                W5x_readSnDPORT
                0x00000000000048ba                W5x_writeSnMSSR
                0x00000000000048dc                W5x_readSnMSSR
                0x000000000000490c                W5x_writeSnTX_FSR
                0x000000000000492e                W5x_readSnTX_FSR
                0x000000000000495e                W5x_getTXFreeSize
                0x0000000000004996                W5x_writeSnTX_RD
                0x00000000000049b8                W5x_readSnTX_RD
                0x00000000000049e8                W5x_writeSnTX_WR
                0x0000000000004a0a                W5x_send_data_processing_offset
                0x0000000000004aa0                W5x_send_data_processing
                0x0000000000004aac                W5x_readSnTX_WR
                0x0000000000004adc                W5x_writeSnRX_RSR
                0x0000000000004afe                W5x_readSnRX_RSR
                0x0000000000004b2e                W5x_getRXReceivedSize
                0x0000000000004b66                W5x_writeSnRX_RD
                0x0000000000004b88                W5x_readSnRX_RD
                0x0000000000004bb8                W5x_recv_data_processing_offset
                0x0000000000004c22                W5x_recv_data_processing
                0x0000000000004c32                W5x_writeSnRX_WR
                0x0000000000004c54                W5x_readSnRX_WR
 .text          0x0000000000004c84       0x46 /home/jared/SER486-EmbeddedC/Final_Project/lib_projd.a(wdt.o)
                0x0000000000004c84                __vector_6
                0x0000000000004ca2                wdt_init
                0x0000000000004cba                wdt_reset
                0x0000000000004cbe                wdt_force_restart
 .text          0x0000000000004cca      0x43c /home/jared/SER486-EmbeddedC/Final_Project/lib_projd.a(serial.o)
                0x0000000000004cca                serial_init
                0x0000000000004cf0                __vector_18
                0x0000000000004f40                __vector_19
                0x0000000000004fa6                serial_rxchars
                0x0000000000004fb4                serial_popchar
                0x0000000000004ffe                serial_isconnected
                0x000000000000504c                serial_is_packet_ready
                0x0000000000005052                serial_writechar
                0x00000000000050b2                serial_writestr
                0x00000000000050dc                serial_writestr_P
 .text          0x0000000000005106        0x0 /usr/lib/gcc/avr/5.4.0/avr5/libgcc.a(_mulsi3.o)
 .text          0x0000000000005106        0x0 /usr/lib/gcc/avr/5.4.0/avr5/libgcc.a(_udivmodhi4.o)
 .text          0x0000000000005106        0x0 /usr/lib/gcc/avr/5.4.0/avr5/libgcc.a(_divmodhi4.o)
 .text          0x0000000000005106        0x0 /usr/lib/gcc/avr/5.4.0/avr5/libgcc.a(_udivmodsi4.o)
 .text          0x0000000000005106        0x0 /usr/lib/gcc/avr/5.4.0/avr5/libgcc.a(_divmodsi4.o)
 .text          0x0000000000005106        0x0 /usr/lib/gcc/avr/5.4.0/avr5/libgcc.a(_negsi2.o)
 .text          0x0000000000005106        0x0 /usr/lib/gcc/avr/5.4.0/avr5/libgcc.a(_exit.o)
 .text          0x0000000000005106        0x0 /usr/lib/gcc/avr/5.4.0/avr5/libgcc.a(_tablejump2.o)
 .text          0x0000000000005106        0x0 /usr/lib/gcc/avr/5.4.0/avr5/libgcc.a(_copy_data.o)
 .text          0x0000000000005106        0x0 /usr/lib/gcc/avr/5.4.0/avr5/libgcc.a(_clear_bss.o)
 .text          0x0000000000005106        0x0 /usr/lib/gcc/avr/5.4.0/avr5/libgcc.a(_bswapsi2.o)
 .text          0x0000000000005106        0x0 /usr/lib/gcc/avr/5.4.0/avr5/libgcc.a(_umulhisi3.o)
 .text          0x0000000000005106        0x0 /usr/lib/gcc/avr/5.4.0/avr5/libgcc.a(_muluhisi3.o)
                0x0000000000005106                . = ALIGN (0x2)
 *(.text.*)
 .text.libgcc.mul
                0x0000000000005106       0x20 /usr/lib/gcc/avr/5.4.0/avr5/libgcc.a(_mulsi3.o)
                0x0000000000005106                __mulsi3
 .text.libgcc.div
                0x0000000000005126        0x0 /usr/lib/gcc/avr/5.4.0/avr5/libgcc.a(_mulsi3.o)
 .text.libgcc   0x0000000000005126        0x0 /usr/lib/gcc/avr/5.4.0/avr5/libgcc.a(_mulsi3.o)
 .text.libgcc.prologue
                0x0000000000005126        0x0 /usr/lib/gcc/avr/5.4.0/avr5/libgcc.a(_mulsi3.o)
 .text.libgcc.builtins
                0x0000000000005126        0x0 /usr/lib/gcc/avr/5.4.0/avr5/libgcc.a(_mulsi3.o)
 .text.libgcc.fmul
                0x0000000000005126        0x0 /usr/lib/gcc/avr/5.4.0/avr5/libgcc.a(_mulsi3.o)
 .text.libgcc.fixed
                0x0000000000005126        0x0 /usr/lib/gcc/avr/5.4.0/avr5/libgcc.a(_mulsi3.o)
 .text.libgcc.mul
                0x0000000000005126        0x0 /usr/lib/gcc/avr/5.4.0/avr5/libgcc.a(_udivmodhi4.o)
 .text.libgcc.div
                0x0000000000005126       0x28 /usr/lib/gcc/avr/5.4.0/avr5/libgcc.a(_udivmodhi4.o)
                0x0000000000005126                __udivmodhi4
 .text.libgcc   0x000000000000514e        0x0 /usr/lib/gcc/avr/5.4.0/avr5/libgcc.a(_udivmodhi4.o)
 .text.libgcc.prologue
                0x000000000000514e        0x0 /usr/lib/gcc/avr/5.4.0/avr5/libgcc.a(_udivmodhi4.o)
 .text.libgcc.builtins
                0x000000000000514e        0x0 /usr/lib/gcc/avr/5.4.0/avr5/libgcc.a(_udivmodhi4.o)
 .text.libgcc.fmul
                0x000000000000514e        0x0 /usr/lib/gcc/avr/5.4.0/avr5/libgcc.a(_udivmodhi4.o)
 .text.libgcc.fixed
                0x000000000000514e        0x0 /usr/lib/gcc/avr/5.4.0/avr5/libgcc.a(_udivmodhi4.o)
 .text.libgcc.mul
                0x000000000000514e        0x0 /usr/lib/gcc/avr/5.4.0/avr5/libgcc.a(_divmodhi4.o)
 .text.libgcc.div
                0x000000000000514e       0x28 /usr/lib/gcc/avr/5.4.0/avr5/libgcc.a(_divmodhi4.o)
                0x000000000000514e                __divmodhi4
                0x000000000000514e                _div
 .text.libgcc   0x0000000000005176        0x0 /usr/lib/gcc/avr/5.4.0/avr5/libgcc.a(_divmodhi4.o)
 .text.libgcc.prologue
                0x0000000000005176        0x0 /usr/lib/gcc/avr/5.4.0/avr5/libgcc.a(_divmodhi4.o)
 .text.libgcc.builtins
                0x0000000000005176        0x0 /usr/lib/gcc/avr/5.4.0/avr5/libgcc.a(_divmodhi4.o)
 .text.libgcc.fmul
                0x0000000000005176        0x0 /usr/lib/gcc/avr/5.4.0/avr5/libgcc.a(_divmodhi4.o)
 .text.libgcc.fixed
                0x0000000000005176        0x0 /usr/lib/gcc/avr/5.4.0/avr5/libgcc.a(_divmodhi4.o)
 .text.libgcc.mul
                0x0000000000005176        0x0 /usr/lib/gcc/avr/5.4.0/avr5/libgcc.a(_udivmodsi4.o)
 .text.libgcc.div
                0x0000000000005176       0x44 /usr/lib/gcc/avr/5.4.0/avr5/libgcc.a(_udivmodsi4.o)
                0x0000000000005176                __udivmodsi4
 .text.libgcc   0x00000000000051ba        0x0 /usr/lib/gcc/avr/5.4.0/avr5/libgcc.a(_udivmodsi4.o)
 .text.libgcc.prologue
                0x00000000000051ba        0x0 /usr/lib/gcc/avr/5.4.0/avr5/libgcc.a(_udivmodsi4.o)
 .text.libgcc.builtins
                0x00000000000051ba        0x0 /usr/lib/gcc/avr/5.4.0/avr5/libgcc.a(_udivmodsi4.o)
 .text.libgcc.fmul
                0x00000000000051ba        0x0 /usr/lib/gcc/avr/5.4.0/avr5/libgcc.a(_udivmodsi4.o)
 .text.libgcc.fixed
                0x00000000000051ba        0x0 /usr/lib/gcc/avr/5.4.0/avr5/libgcc.a(_udivmodsi4.o)
 .text.libgcc.mul
                0x00000000000051ba        0x0 /usr/lib/gcc/avr/5.4.0/avr5/libgcc.a(_divmodsi4.o)
 .text.libgcc.div
                0x00000000000051ba       0x2e /usr/lib/gcc/avr/5.4.0/avr5/libgcc.a(_divmodsi4.o)
                0x00000000000051ba                __divmodsi4
 .text.libgcc   0x00000000000051e8        0x0 /usr/lib/gcc/avr/5.4.0/avr5/libgcc.a(_divmodsi4.o)
 .text.libgcc.prologue
                0x00000000000051e8        0x0 /usr/lib/gcc/avr/5.4.0/avr5/libgcc.a(_divmodsi4.o)
 .text.libgcc.builtins
                0x00000000000051e8        0x0 /usr/lib/gcc/avr/5.4.0/avr5/libgcc.a(_divmodsi4.o)
 .text.libgcc.fmul
                0x00000000000051e8        0x0 /usr/lib/gcc/avr/5.4.0/avr5/libgcc.a(_divmodsi4.o)
 .text.libgcc.fixed
                0x00000000000051e8        0x0 /usr/lib/gcc/avr/5.4.0/avr5/libgcc.a(_divmodsi4.o)
 .text.libgcc.mul
                0x00000000000051e8        0x0 /usr/lib/gcc/avr/5.4.0/avr5/libgcc.a(_negsi2.o)
 .text.libgcc.div
                0x00000000000051e8       0x10 /usr/lib/gcc/avr/5.4.0/avr5/libgcc.a(_negsi2.o)
                0x00000000000051e8                __negsi2
 .text.libgcc   0x00000000000051f8        0x0 /usr/lib/gcc/avr/5.4.0/avr5/libgcc.a(_negsi2.o)
 .text.libgcc.prologue
                0x00000000000051f8        0x0 /usr/lib/gcc/avr/5.4.0/avr5/libgcc.a(_negsi2.o)
 .text.libgcc.builtins
                0x00000000000051f8        0x0 /usr/lib/gcc/avr/5.4.0/avr5/libgcc.a(_negsi2.o)
 .text.libgcc.fmul
                0x00000000000051f8        0x0 /usr/lib/gcc/avr/5.4.0/avr5/libgcc.a(_negsi2.o)
 .text.libgcc.fixed
                0x00000000000051f8        0x0 /usr/lib/gcc/avr/5.4.0/avr5/libgcc.a(_negsi2.o)
 .text.libgcc.mul
                0x00000000000051f8        0x0 /usr/lib/gcc/avr/5.4.0/avr5/libgcc.a(_exit.o)
 .text.libgcc.div
                0x00000000000051f8        0x0 /usr/lib/gcc/avr/5.4.0/avr5/libgcc.a(_exit.o)
 .text.libgcc   0x00000000000051f8        0x0 /usr/lib/gcc/avr/5.4.0/avr5/libgcc.a(_exit.o)
 .text.libgcc.prologue
                0x00000000000051f8        0x0 /usr/lib/gcc/avr/5.4.0/avr5/libgcc.a(_exit.o)
 .text.libgcc.builtins
                0x00000000000051f8        0x0 /usr/lib/gcc/avr/5.4.0/avr5/libgcc.a(_exit.o)
 .text.libgcc.fmul
                0x00000000000051f8        0x0 /usr/lib/gcc/avr/5.4.0/avr5/libgcc.a(_exit.o)
 .text.libgcc.fixed
                0x00000000000051f8        0x0 /usr/lib/gcc/avr/5.4.0/avr5/libgcc.a(_exit.o)
 .text.libgcc.mul
                0x00000000000051f8        0x0 /usr/lib/gcc/avr/5.4.0/avr5/libgcc.a(_tablejump2.o)
 .text.libgcc.div
                0x00000000000051f8        0x0 /usr/lib/gcc/avr/5.4.0/avr5/libgcc.a(_tablejump2.o)
 .text.libgcc   0x00000000000051f8        0xc /usr/lib/gcc/avr/5.4.0/avr5/libgcc.a(_tablejump2.o)
                0x00000000000051f8                __tablejump2__
 .text.libgcc.prologue
                0x0000000000005204        0x0 /usr/lib/gcc/avr/5.4.0/avr5/libgcc.a(_tablejump2.o)
 .text.libgcc.builtins
                0x0000000000005204        0x0 /usr/lib/gcc/avr/5.4.0/avr5/libgcc.a(_tablejump2.o)
 .text.libgcc.fmul
                0x0000000000005204        0x0 /usr/lib/gcc/avr/5.4.0/avr5/libgcc.a(_tablejump2.o)
 .text.libgcc.fixed
                0x0000000000005204        0x0 /usr/lib/gcc/avr/5.4.0/avr5/libgcc.a(_tablejump2.o)
 .text.libgcc.mul
                0x0000000000005204        0x0 /usr/lib/gcc/avr/5.4.0/avr5/libgcc.a(_copy_data.o)
 .text.libgcc.div
                0x0000000000005204        0x0 /usr/lib/gcc/avr/5.4.0/avr5/libgcc.a(_copy_data.o)
 .text.libgcc   0x0000000000005204        0x0 /usr/lib/gcc/avr/5.4.0/avr5/libgcc.a(_copy_data.o)
 .text.libgcc.prologue
                0x0000000000005204        0x0 /usr/lib/gcc/avr/5.4.0/avr5/libgcc.a(_copy_data.o)
 .text.libgcc.builtins
                0x0000000000005204        0x0 /usr/lib/gcc/avr/5.4.0/avr5/libgcc.a(_copy_data.o)
 .text.libgcc.fmul
                0x0000000000005204        0x0 /usr/lib/gcc/avr/5.4.0/avr5/libgcc.a(_copy_data.o)
 .text.libgcc.fixed
                0x0000000000005204        0x0 /usr/lib/gcc/avr/5.4.0/avr5/libgcc.a(_copy_data.o)
 .text.libgcc.mul
                0x0000000000005204        0x0 /usr/lib/gcc/avr/5.4.0/avr5/libgcc.a(_clear_bss.o)
 .text.libgcc.div
                0x0000000000005204        0x0 /usr/lib/gcc/avr/5.4.0/avr5/libgcc.a(_clear_bss.o)
 .text.libgcc   0x0000000000005204        0x0 /usr/lib/gcc/avr/5.4.0/avr5/libgcc.a(_clear_bss.o)
 .text.libgcc.prologue
                0x0000000000005204        0x0 /usr/lib/gcc/avr/5.4.0/avr5/libgcc.a(_clear_bss.o)
 .text.libgcc.builtins
                0x0000000000005204        0x0 /usr/lib/gcc/avr/5.4.0/avr5/libgcc.a(_clear_bss.o)
 .text.libgcc.fmul
                0x0000000000005204        0x0 /usr/lib/gcc/avr/5.4.0/avr5/libgcc.a(_clear_bss.o)
 .text.libgcc.fixed
                0x0000000000005204        0x0 /usr/lib/gcc/avr/5.4.0/avr5/libgcc.a(_clear_bss.o)
 .text.libgcc.mul
                0x0000000000005204        0x0 /usr/lib/gcc/avr/5.4.0/avr5/libgcc.a(_bswapsi2.o)
 .text.libgcc.div
                0x0000000000005204        0x0 /usr/lib/gcc/avr/5.4.0/avr5/libgcc.a(_bswapsi2.o)
 .text.libgcc   0x0000000000005204        0x0 /usr/lib/gcc/avr/5.4.0/avr5/libgcc.a(_bswapsi2.o)
 .text.libgcc.prologue
                0x0000000000005204        0x0 /usr/lib/gcc/avr/5.4.0/avr5/libgcc.a(_bswapsi2.o)
 .text.libgcc.builtins
                0x0000000000005204        0xe /usr/lib/gcc/avr/5.4.0/avr5/libgcc.a(_bswapsi2.o)
                0x0000000000005204                __bswapsi2
 .text.libgcc.fmul
                0x0000000000005212        0x0 /usr/lib/gcc/avr/5.4.0/avr5/libgcc.a(_bswapsi2.o)
 .text.libgcc.fixed
                0x0000000000005212        0x0 /usr/lib/gcc/avr/5.4.0/avr5/libgcc.a(_bswapsi2.o)
 .text.libgcc.mul
                0x0000000000005212       0x1e /usr/lib/gcc/avr/5.4.0/avr5/libgcc.a(_umulhisi3.o)
                0x0000000000005212                __umulhisi3
 .text.libgcc.div
                0x0000000000005230        0x0 /usr/lib/gcc/avr/5.4.0/avr5/libgcc.a(_umulhisi3.o)
 .text.libgcc   0x0000000000005230        0x0 /usr/lib/gcc/avr/5.4.0/avr5/libgcc.a(_umulhisi3.o)
 .text.libgcc.prologue
                0x0000000000005230        0x0 /usr/lib/gcc/avr/5.4.0/avr5/libgcc.a(_umulhisi3.o)
 .text.libgcc.builtins
                0x0000000000005230        0x0 /usr/lib/gcc/avr/5.4.0/avr5/libgcc.a(_umulhisi3.o)
 .text.libgcc.fmul
                0x0000000000005230        0x0 /usr/lib/gcc/avr/5.4.0/avr5/libgcc.a(_umulhisi3.o)
 .text.libgcc.fixed
                0x0000000000005230        0x0 /usr/lib/gcc/avr/5.4.0/avr5/libgcc.a(_umulhisi3.o)
 .text.libgcc.mul
                0x0000000000005230       0x16 /usr/lib/gcc/avr/5.4.0/avr5/libgcc.a(_muluhisi3.o)
                0x0000000000005230                __muluhisi3
 .text.libgcc.div
                0x0000000000005246        0x0 /usr/lib/gcc/avr/5.4.0/avr5/libgcc.a(_muluhisi3.o)
 .text.libgcc   0x0000000000005246        0x0 /usr/lib/gcc/avr/5.4.0/avr5/libgcc.a(_muluhisi3.o)
 .text.libgcc.prologue
                0x0000000000005246        0x0 /usr/lib/gcc/avr/5.4.0/avr5/libgcc.a(_muluhisi3.o)
 .text.libgcc.builtins
                0x0000000000005246        0x0 /usr/lib/gcc/avr/5.4.0/avr5/libgcc.a(_muluhisi3.o)
 .text.libgcc.fmul
                0x0000000000005246        0x0 /usr/lib/gcc/avr/5.4.0/avr5/libgcc.a(_muluhisi3.o)
 .text.libgcc.fixed
                0x0000000000005246        0x0 /usr/lib/gcc/avr/5.4.0/avr5/libgcc.a(_muluhisi3.o)
                0x0000000000005246                . = ALIGN (0x2)
 *(.fini9)
 .fini9         0x0000000000005246        0x0 /usr/lib/gcc/avr/5.4.0/avr5/libgcc.a(_exit.o)
                0x0000000000005246                exit
                0x0000000000005246                _exit
 *(.fini9)
 *(.fini8)
 *(.fini8)
 *(.fini7)
 *(.fini7)
 *(.fini6)
 *(.fini6)
 *(.fini5)
 *(.fini5)
 *(.fini4)
 *(.fini4)
 *(.fini3)
 *(.fini3)
 *(.fini2)
 *(.fini2)
 *(.fini1)
 *(.fini1)
 *(.fini0)
 .fini0         0x0000000000005246        0x4 /usr/lib/gcc/avr/5.4.0/avr5/libgcc.a(_exit.o)
 *(.fini0)
                0x000000000000524a                _etext = .

.siminfo        0x000000000000524a       0x28
 .siminfo       0x000000000000524a       0x28 /home/jared/SER486-EmbeddedC/Final_Project/lib_projd.a(uart.o)
                0x000000000000524a                siminfo_serial_out
                0x0000000000005255                siminfo_serial_in
                0x0000000000005260                siminfo_cpufrequency
                0x0000000000005266                siminfo_device

.data           0x0000000000800100      0x3ba load address 0x0000000000005272
                0x0000000000800100                PROVIDE (__data_start, .)
 *(.data)
 .data          0x0000000000800100        0x0 /usr/lib/gcc/avr/5.4.0/../../../avr/lib/avr5/crtatmega328p.o
 .data          0x0000000000800100        0x0 obj/Debug/httpfsm.o
 .data          0x0000000000800100        0x2 obj/Debug/main.o
                0x0000000000800100                current_temperature
 .data          0x0000000000800102        0x0 obj/Debug/temputil.o
 .data          0x0000000000800102        0x0 /home/jared/SER486-EmbeddedC/Final_Project/lib_projd.a(alarm.o)
 .data          0x0000000000800102       0x12 /home/jared/SER486-EmbeddedC/Final_Project/lib_projd.a(config.o)
 .data          0x0000000000800114        0x0 /home/jared/SER486-EmbeddedC/Final_Project/lib_projd.a(delay.o)
 .data          0x0000000000800114        0x0 /home/jared/SER486-EmbeddedC/Final_Project/lib_projd.a(Dhcp.o)
 .data          0x0000000000800114        0x0 /home/jared/SER486-EmbeddedC/Final_Project/lib_projd.a(eeprom.o)
 .data          0x0000000000800114        0x0 /home/jared/SER486-EmbeddedC/Final_Project/lib_projd.a(led.o)
 .data          0x0000000000800114        0x0 /home/jared/SER486-EmbeddedC/Final_Project/lib_projd.a(log.o)
 .data          0x0000000000800114        0x0 /home/jared/SER486-EmbeddedC/Final_Project/lib_projd.a(ntp.o)
 .data          0x0000000000800114       0x14 /home/jared/SER486-EmbeddedC/Final_Project/lib_projd.a(rtc.o)
 .data          0x0000000000800128        0x0 /home/jared/SER486-EmbeddedC/Final_Project/lib_projd.a(signature.o)
 .data          0x0000000000800128        0x0 /home/jared/SER486-EmbeddedC/Final_Project/lib_projd.a(socket.o)
 .data          0x0000000000800128        0x0 /home/jared/SER486-EmbeddedC/Final_Project/lib_projd.a(spi.o)
 .data          0x0000000000800128        0x0 /home/jared/SER486-EmbeddedC/Final_Project/lib_projd.a(str.o)
 .data          0x0000000000800128        0x0 /home/jared/SER486-EmbeddedC/Final_Project/lib_projd.a(temp.o)
 .data          0x0000000000800128        0x0 /home/jared/SER486-EmbeddedC/Final_Project/lib_projd.a(tempfsm.o)
 .data          0x0000000000800128        0x0 /home/jared/SER486-EmbeddedC/Final_Project/lib_projd.a(timer1.o)
 .data          0x0000000000800128        0x0 /home/jared/SER486-EmbeddedC/Final_Project/lib_projd.a(uart.o)
 .data          0x0000000000800128        0x8 /home/jared/SER486-EmbeddedC/Final_Project/lib_projd.a(util.o)
 .data          0x0000000000800130        0x0 /home/jared/SER486-EmbeddedC/Final_Project/lib_projd.a(vpd.o)
 .data          0x0000000000800130        0x0 /home/jared/SER486-EmbeddedC/Final_Project/lib_projd.a(w5x00.o)
 .data          0x0000000000800130        0x0 /home/jared/SER486-EmbeddedC/Final_Project/lib_projd.a(wdt.o)
 .data          0x0000000000800130        0x0 /home/jared/SER486-EmbeddedC/Final_Project/lib_projd.a(serial.o)
 .data          0x0000000000800130        0x0 /usr/lib/gcc/avr/5.4.0/avr5/libgcc.a(_mulsi3.o)
 .data          0x0000000000800130        0x0 /usr/lib/gcc/avr/5.4.0/avr5/libgcc.a(_udivmodhi4.o)
 .data          0x0000000000800130        0x0 /usr/lib/gcc/avr/5.4.0/avr5/libgcc.a(_divmodhi4.o)
 .data          0x0000000000800130        0x0 /usr/lib/gcc/avr/5.4.0/avr5/libgcc.a(_udivmodsi4.o)
 .data          0x0000000000800130        0x0 /usr/lib/gcc/avr/5.4.0/avr5/libgcc.a(_divmodsi4.o)
 .data          0x0000000000800130        0x0 /usr/lib/gcc/avr/5.4.0/avr5/libgcc.a(_negsi2.o)
 .data          0x0000000000800130        0x0 /usr/lib/gcc/avr/5.4.0/avr5/libgcc.a(_exit.o)
 .data          0x0000000000800130        0x0 /usr/lib/gcc/avr/5.4.0/avr5/libgcc.a(_tablejump2.o)
 .data          0x0000000000800130        0x0 /usr/lib/gcc/avr/5.4.0/avr5/libgcc.a(_copy_data.o)
 .data          0x0000000000800130        0x0 /usr/lib/gcc/avr/5.4.0/avr5/libgcc.a(_clear_bss.o)
 .data          0x0000000000800130        0x0 /usr/lib/gcc/avr/5.4.0/avr5/libgcc.a(_bswapsi2.o)
 .data          0x0000000000800130        0x0 /usr/lib/gcc/avr/5.4.0/avr5/libgcc.a(_umulhisi3.o)
 .data          0x0000000000800130        0x0 /usr/lib/gcc/avr/5.4.0/avr5/libgcc.a(_muluhisi3.o)
 *(.data*)
 *(.rodata)
 .rodata        0x0000000000800130      0x293 obj/Debug/httpfsm.o
 .rodata        0x00000000008003c3       0x1c obj/Debug/main.o
 .rodata        0x00000000008003df        0x4 /home/jared/SER486-EmbeddedC/Final_Project/lib_projd.a(alarm.o)
 .rodata        0x00000000008003e3        0x4 /home/jared/SER486-EmbeddedC/Final_Project/lib_projd.a(Dhcp.o)
 .rodata        0x00000000008003e7        0x4 /home/jared/SER486-EmbeddedC/Final_Project/lib_projd.a(ntp.o)
 .rodata        0x00000000008003eb        0xc /home/jared/SER486-EmbeddedC/Final_Project/lib_projd.a(rtc.o)
 .rodata        0x00000000008003f7        0x6 /home/jared/SER486-EmbeddedC/Final_Project/lib_projd.a(socket.o)
 .rodata        0x00000000008003fd       0x37 /home/jared/SER486-EmbeddedC/Final_Project/lib_projd.a(vpd.o)
 .rodata        0x0000000000800434       0x10 /home/jared/SER486-EmbeddedC/Final_Project/lib_projd.a(w5x00.o)
 *(.rodata*)
 .rodata.str1.1
                0x0000000000800444        0xa /home/jared/SER486-EmbeddedC/Final_Project/lib_projd.a(alarm.o)
                                          0xf (size before relaxing)
 .rodata.str1.1
                0x000000000080044e        0x7 /home/jared/SER486-EmbeddedC/Final_Project/lib_projd.a(Dhcp.o)
 .rodata.str1.1
                0x0000000000800455       0x13 /home/jared/SER486-EmbeddedC/Final_Project/lib_projd.a(ntp.o)
 .rodata.str1.1
                0x0000000000800468       0x14 /home/jared/SER486-EmbeddedC/Final_Project/lib_projd.a(rtc.o)
 .rodata.str1.1
                0x000000000080047c       0x3a /home/jared/SER486-EmbeddedC/Final_Project/lib_projd.a(signature.o)
 .rodata.str1.1
                0x00000000008004b6        0x4 /home/jared/SER486-EmbeddedC/Final_Project/lib_projd.a(tempfsm.o)
                                          0x6 (size before relaxing)
 .rodata.str1.1
                0x00000000008004ba        0x3 /home/jared/SER486-EmbeddedC/Final_Project/lib_projd.a(uart.o)
 *(.gnu.linkonce.d*)
                0x00000000008004be                . = ALIGN (0x2)
                0x00000000008004be                _edata = .
                0x00000000008004be                PROVIDE (__data_end, .)

.bss            0x00000000008004ba      0x203
                0x00000000008004ba                PROVIDE (__bss_start, .)
 *(.bss)
 .bss           0x00000000008004ba        0x0 /usr/lib/gcc/avr/5.4.0/../../../avr/lib/avr5/crtatmega328p.o
 .bss           0x00000000008004ba        0x6 obj/Debug/httpfsm.o
 .bss           0x00000000008004c0        0x0 obj/Debug/main.o
 .bss           0x00000000008004c0        0x0 obj/Debug/temputil.o
 .bss           0x00000000008004c0        0x0 /home/jared/SER486-EmbeddedC/Final_Project/lib_projd.a(alarm.o)
 .bss           0x00000000008004c0        0x1 /home/jared/SER486-EmbeddedC/Final_Project/lib_projd.a(config.o)
 .bss           0x00000000008004c1        0xe /home/jared/SER486-EmbeddedC/Final_Project/lib_projd.a(delay.o)
 .bss           0x00000000008004cf       0x43 /home/jared/SER486-EmbeddedC/Final_Project/lib_projd.a(Dhcp.o)
 .bss           0x0000000000800512        0x0 /home/jared/SER486-EmbeddedC/Final_Project/lib_projd.a(eeprom.o)
 .bss           0x0000000000800512        0x5 /home/jared/SER486-EmbeddedC/Final_Project/lib_projd.a(led.o)
 .bss           0x0000000000800517       0x83 /home/jared/SER486-EmbeddedC/Final_Project/lib_projd.a(log.o)
 .bss           0x000000000080059a        0x0 /home/jared/SER486-EmbeddedC/Final_Project/lib_projd.a(ntp.o)
 .bss           0x000000000080059a        0x0 /home/jared/SER486-EmbeddedC/Final_Project/lib_projd.a(rtc.o)
 .bss           0x000000000080059a        0x0 /home/jared/SER486-EmbeddedC/Final_Project/lib_projd.a(signature.o)
 .bss           0x000000000080059a        0x2 /home/jared/SER486-EmbeddedC/Final_Project/lib_projd.a(socket.o)
 .bss           0x000000000080059c        0x1 /home/jared/SER486-EmbeddedC/Final_Project/lib_projd.a(spi.o)
 .bss           0x000000000080059d        0x0 /home/jared/SER486-EmbeddedC/Final_Project/lib_projd.a(str.o)
 .bss           0x000000000080059d        0x0 /home/jared/SER486-EmbeddedC/Final_Project/lib_projd.a(temp.o)
 .bss           0x000000000080059d        0x2 /home/jared/SER486-EmbeddedC/Final_Project/lib_projd.a(tempfsm.o)
 .bss           0x000000000080059f        0x4 /home/jared/SER486-EmbeddedC/Final_Project/lib_projd.a(timer1.o)
 .bss           0x00000000008005a3        0x0 /home/jared/SER486-EmbeddedC/Final_Project/lib_projd.a(uart.o)
 .bss           0x00000000008005a3        0x0 /home/jared/SER486-EmbeddedC/Final_Project/lib_projd.a(util.o)
 .bss           0x00000000008005a3        0x0 /home/jared/SER486-EmbeddedC/Final_Project/lib_projd.a(vpd.o)
 .bss           0x00000000008005a3        0x1 /home/jared/SER486-EmbeddedC/Final_Project/lib_projd.a(w5x00.o)
 .bss           0x00000000008005a4        0x0 /home/jared/SER486-EmbeddedC/Final_Project/lib_projd.a(wdt.o)
 .bss           0x00000000008005a4        0x7 /home/jared/SER486-EmbeddedC/Final_Project/lib_projd.a(serial.o)
                0x00000000008005a4                txtail
                0x00000000008005a5                txhead
                0x00000000008005a6                rxtail
                0x00000000008005a7                rxhead
 .bss           0x00000000008005ab        0x0 /usr/lib/gcc/avr/5.4.0/avr5/libgcc.a(_mulsi3.o)
 .bss           0x00000000008005ab        0x0 /usr/lib/gcc/avr/5.4.0/avr5/libgcc.a(_udivmodhi4.o)
 .bss           0x00000000008005ab        0x0 /usr/lib/gcc/avr/5.4.0/avr5/libgcc.a(_divmodhi4.o)
 .bss           0x00000000008005ab        0x0 /usr/lib/gcc/avr/5.4.0/avr5/libgcc.a(_udivmodsi4.o)
 .bss           0x00000000008005ab        0x0 /usr/lib/gcc/avr/5.4.0/avr5/libgcc.a(_divmodsi4.o)
 .bss           0x00000000008005ab        0x0 /usr/lib/gcc/avr/5.4.0/avr5/libgcc.a(_negsi2.o)
 .bss           0x00000000008005ab        0x0 /usr/lib/gcc/avr/5.4.0/avr5/libgcc.a(_exit.o)
 .bss           0x00000000008005ab        0x0 /usr/lib/gcc/avr/5.4.0/avr5/libgcc.a(_tablejump2.o)
 .bss           0x00000000008005ab        0x0 /usr/lib/gcc/avr/5.4.0/avr5/libgcc.a(_copy_data.o)
 .bss           0x00000000008005ab        0x0 /usr/lib/gcc/avr/5.4.0/avr5/libgcc.a(_clear_bss.o)
 .bss           0x00000000008005ab        0x0 /usr/lib/gcc/avr/5.4.0/avr5/libgcc.a(_bswapsi2.o)
 .bss           0x00000000008005ab        0x0 /usr/lib/gcc/avr/5.4.0/avr5/libgcc.a(_umulhisi3.o)
 .bss           0x00000000008005ab        0x0 /usr/lib/gcc/avr/5.4.0/avr5/libgcc.a(_muluhisi3.o)
 *(.bss*)
 *(COMMON)
 COMMON         0x00000000008005ab       0x12 /home/jared/SER486-EmbeddedC/Final_Project/lib_projd.a(config.o)
                0x00000000008005ab                config
 COMMON         0x00000000008005bd       0x45 /home/jared/SER486-EmbeddedC/Final_Project/lib_projd.a(eeprom.o)
                0x00000000008005bd                write_busy
                0x00000000008005be                writeaddr
                0x00000000008005c0                writesize
                0x00000000008005c1                writebuf
                0x0000000000800601                bufidx
 COMMON         0x0000000000800602        0x4 /home/jared/SER486-EmbeddedC/Final_Project/lib_projd.a(rtc.o)
                0x0000000000800602                rtc_base
 COMMON         0x0000000000800606       0x37 /home/jared/SER486-EmbeddedC/Final_Project/lib_projd.a(vpd.o)
                0x0000000000800606                vpd
 COMMON         0x000000000080063d       0x80 /home/jared/SER486-EmbeddedC/Final_Project/lib_projd.a(serial.o)
                0x000000000080063d                rxbuf
                0x000000000080067d                txbuf
                0x00000000008006bd                PROVIDE (__bss_end, .)
                0x0000000000005272                __data_load_start = LOADADDR (.data)
                0x000000000000562c                __data_load_end = (__data_load_start + SIZEOF (.data))

.noinit         0x00000000008006bd        0x0
                [!provide]                        PROVIDE (__noinit_start, .)
 *(.noinit*)
                [!provide]                        PROVIDE (__noinit_end, .)
                0x00000000008006bd                _end = .
                [!provide]                        PROVIDE (__heap_start, .)

.eeprom         0x0000000000810000        0x0
 *(.eeprom*)
                0x0000000000810000                __eeprom_end = .

.fuse
 *(.fuse)
 *(.lfuse)
 *(.hfuse)
 *(.efuse)

.lock
 *(.lock*)

.signature
 *(.signature*)

.user_signatures
 *(.user_signatures*)

.stab           0x0000000000000000     0x1bd8
 *(.stab)
 .stab          0x0000000000000000     0x1134 obj/Debug/httpfsm.o
 .stab          0x0000000000001134      0x594 obj/Debug/main.o
                                        0x5a0 (size before relaxing)
 .stab          0x00000000000016c8      0x510 obj/Debug/temputil.o
                                        0x534 (size before relaxing)

.stabstr        0x0000000000000000     0x1027
 *(.stabstr)
 .stabstr       0x0000000000000000     0x1027 obj/Debug/httpfsm.o

.stab.excl
 *(.stab.excl)

.stab.exclstr
 *(.stab.exclstr)

.stab.index
 *(.stab.index)

.stab.indexstr
 *(.stab.indexstr)

.comment        0x0000000000000000       0x11
 *(.comment)
 .comment       0x0000000000000000       0x11 obj/Debug/httpfsm.o
                                         0x12 (size before relaxing)
 .comment       0x0000000000000011       0x12 obj/Debug/main.o
 .comment       0x0000000000000011       0x12 obj/Debug/temputil.o
 .comment       0x0000000000000011       0x12 /home/jared/SER486-EmbeddedC/Final_Project/lib_projd.a(alarm.o)
 .comment       0x0000000000000011       0x12 /home/jared/SER486-EmbeddedC/Final_Project/lib_projd.a(config.o)
 .comment       0x0000000000000011       0x12 /home/jared/SER486-EmbeddedC/Final_Project/lib_projd.a(delay.o)
 .comment       0x0000000000000011       0x12 /home/jared/SER486-EmbeddedC/Final_Project/lib_projd.a(Dhcp.o)
 .comment       0x0000000000000011       0x12 /home/jared/SER486-EmbeddedC/Final_Project/lib_projd.a(eeprom.o)
 .comment       0x0000000000000011       0x12 /home/jared/SER486-EmbeddedC/Final_Project/lib_projd.a(led.o)
 .comment       0x0000000000000011       0x12 /home/jared/SER486-EmbeddedC/Final_Project/lib_projd.a(log.o)
 .comment       0x0000000000000011       0x12 /home/jared/SER486-EmbeddedC/Final_Project/lib_projd.a(ntp.o)
 .comment       0x0000000000000011       0x12 /home/jared/SER486-EmbeddedC/Final_Project/lib_projd.a(rtc.o)
 .comment       0x0000000000000011       0x12 /home/jared/SER486-EmbeddedC/Final_Project/lib_projd.a(signature.o)
 .comment       0x0000000000000011       0x12 /home/jared/SER486-EmbeddedC/Final_Project/lib_projd.a(socket.o)
 .comment       0x0000000000000011       0x12 /home/jared/SER486-EmbeddedC/Final_Project/lib_projd.a(spi.o)
 .comment       0x0000000000000011       0x12 /home/jared/SER486-EmbeddedC/Final_Project/lib_projd.a(str.o)
 .comment       0x0000000000000011       0x12 /home/jared/SER486-EmbeddedC/Final_Project/lib_projd.a(temp.o)
 .comment       0x0000000000000011       0x12 /home/jared/SER486-EmbeddedC/Final_Project/lib_projd.a(tempfsm.o)
 .comment       0x0000000000000011       0x12 /home/jared/SER486-EmbeddedC/Final_Project/lib_projd.a(timer1.o)
 .comment       0x0000000000000011       0x12 /home/jared/SER486-EmbeddedC/Final_Project/lib_projd.a(uart.o)
 .comment       0x0000000000000011       0x12 /home/jared/SER486-EmbeddedC/Final_Project/lib_projd.a(util.o)
 .comment       0x0000000000000011       0x12 /home/jared/SER486-EmbeddedC/Final_Project/lib_projd.a(vpd.o)
 .comment       0x0000000000000011       0x12 /home/jared/SER486-EmbeddedC/Final_Project/lib_projd.a(w5x00.o)
 .comment       0x0000000000000011       0x12 /home/jared/SER486-EmbeddedC/Final_Project/lib_projd.a(wdt.o)
 .comment       0x0000000000000011       0x12 /home/jared/SER486-EmbeddedC/Final_Project/lib_projd.a(serial.o)

.note.gnu.avr.deviceinfo
                0x0000000000000000       0x40
 .note.gnu.avr.deviceinfo
                0x0000000000000000       0x40 /usr/lib/gcc/avr/5.4.0/../../../avr/lib/avr5/crtatmega328p.o

.note.gnu.build-id
 *(.note.gnu.build-id)

.debug
 *(.debug)

.line
 *(.line)

.debug_srcinfo
 *(.debug_srcinfo)

.debug_sfnames
 *(.debug_sfnames)

.debug_aranges
 *(.debug_aranges)

.debug_pubnames
 *(.debug_pubnames)

.debug_info     0x0000000000000000      0x5f4
 *(.debug_info .gnu.linkonce.wi.*)
 .debug_info    0x0000000000000000      0x5f4 /usr/lib/gcc/avr/5.4.0/../../../avr/lib/avr5/crtatmega328p.o

.debug_abbrev   0x0000000000000000      0x5a2
 *(.debug_abbrev)
 .debug_abbrev  0x0000000000000000      0x5a2 /usr/lib/gcc/avr/5.4.0/../../../avr/lib/avr5/crtatmega328p.o

.debug_line     0x0000000000000000       0x1a
 *(.debug_line .debug_line.* .debug_line_end)
 .debug_line    0x0000000000000000       0x1a /usr/lib/gcc/avr/5.4.0/../../../avr/lib/avr5/crtatmega328p.o

.debug_frame
 *(.debug_frame)

.debug_str      0x0000000000000000      0x208
 *(.debug_str)
 .debug_str     0x0000000000000000      0x208 /usr/lib/gcc/avr/5.4.0/../../../avr/lib/avr5/crtatmega328p.o

.debug_loc
 *(.debug_loc)

.debug_macinfo
 *(.debug_macinfo)

.debug_weaknames
 *(.debug_weaknames)

.debug_funcnames
 *(.debug_funcnames)

.debug_typenames
 *(.debug_typenames)

.debug_varnames
 *(.debug_varnames)

.debug_pubtypes
 *(.debug_pubtypes)

.debug_ranges
 *(.debug_ranges)

.debug_macro
 *(.debug_macro)
OUTPUT(bin/Debug/Final_Project.elf elf32-avr)
LOAD linker stubs

Cross Reference Table

Symbol                                            File
W5x_config                                        /home/jared/SER486-EmbeddedC/Final_Project/lib_projd.a(w5x00.o)
                                                  obj/Debug/main.o
W5x_execCmdSn                                     /home/jared/SER486-EmbeddedC/Final_Project/lib_projd.a(w5x00.o)
                                                  /home/jared/SER486-EmbeddedC/Final_Project/lib_projd.a(socket.o)
W5x_getRXReceivedSize                             /home/jared/SER486-EmbeddedC/Final_Project/lib_projd.a(w5x00.o)
                                                  /home/jared/SER486-EmbeddedC/Final_Project/lib_projd.a(socket.o)
W5x_getTXFreeSize                                 /home/jared/SER486-EmbeddedC/Final_Project/lib_projd.a(w5x00.o)
                                                  /home/jared/SER486-EmbeddedC/Final_Project/lib_projd.a(socket.o)
W5x_init                                          /home/jared/SER486-EmbeddedC/Final_Project/lib_projd.a(w5x00.o)
                                                  obj/Debug/main.o
W5x_read                                          /home/jared/SER486-EmbeddedC/Final_Project/lib_projd.a(w5x00.o)
W5x_readIR                                        /home/jared/SER486-EmbeddedC/Final_Project/lib_projd.a(w5x00.o)
W5x_readMR                                        /home/jared/SER486-EmbeddedC/Final_Project/lib_projd.a(w5x00.o)
W5x_readRTR                                       /home/jared/SER486-EmbeddedC/Final_Project/lib_projd.a(w5x00.o)
W5x_readSn                                        /home/jared/SER486-EmbeddedC/Final_Project/lib_projd.a(w5x00.o)
W5x_readSnCR                                      /home/jared/SER486-EmbeddedC/Final_Project/lib_projd.a(w5x00.o)
W5x_readSnDHAR                                    /home/jared/SER486-EmbeddedC/Final_Project/lib_projd.a(w5x00.o)
W5x_readSnDIPR                                    /home/jared/SER486-EmbeddedC/Final_Project/lib_projd.a(w5x00.o)
W5x_readSnDPORT                                   /home/jared/SER486-EmbeddedC/Final_Project/lib_projd.a(w5x00.o)
W5x_readSnIR                                      /home/jared/SER486-EmbeddedC/Final_Project/lib_projd.a(w5x00.o)
                                                  /home/jared/SER486-EmbeddedC/Final_Project/lib_projd.a(socket.o)
W5x_readSnMR                                      /home/jared/SER486-EmbeddedC/Final_Project/lib_projd.a(w5x00.o)
                                                  /home/jared/SER486-EmbeddedC/Final_Project/lib_projd.a(socket.o)
W5x_readSnMSSR                                    /home/jared/SER486-EmbeddedC/Final_Project/lib_projd.a(w5x00.o)
W5x_readSnPORT                                    /home/jared/SER486-EmbeddedC/Final_Project/lib_projd.a(w5x00.o)
W5x_readSnRX_RD                                   /home/jared/SER486-EmbeddedC/Final_Project/lib_projd.a(w5x00.o)
                                                  /home/jared/SER486-EmbeddedC/Final_Project/lib_projd.a(socket.o)
W5x_readSnRX_RSR                                  /home/jared/SER486-EmbeddedC/Final_Project/lib_projd.a(w5x00.o)
W5x_readSnRX_WR                                   /home/jared/SER486-EmbeddedC/Final_Project/lib_projd.a(w5x00.o)
W5x_readSnSR                                      /home/jared/SER486-EmbeddedC/Final_Project/lib_projd.a(w5x00.o)
                                                  /home/jared/SER486-EmbeddedC/Final_Project/lib_projd.a(socket.o)
W5x_readSnTX_FSR                                  /home/jared/SER486-EmbeddedC/Final_Project/lib_projd.a(w5x00.o)
W5x_readSnTX_RD                                   /home/jared/SER486-EmbeddedC/Final_Project/lib_projd.a(w5x00.o)
W5x_readSnTX_WR                                   /home/jared/SER486-EmbeddedC/Final_Project/lib_projd.a(w5x00.o)
W5x_readUPORT                                     /home/jared/SER486-EmbeddedC/Final_Project/lib_projd.a(w5x00.o)
W5x_read_data                                     /home/jared/SER486-EmbeddedC/Final_Project/lib_projd.a(w5x00.o)
                                                  /home/jared/SER486-EmbeddedC/Final_Project/lib_projd.a(socket.o)
W5x_readbuf                                       /home/jared/SER486-EmbeddedC/Final_Project/lib_projd.a(w5x00.o)
W5x_readbufGAR                                    /home/jared/SER486-EmbeddedC/Final_Project/lib_projd.a(w5x00.o)
W5x_readbufSHAR                                   /home/jared/SER486-EmbeddedC/Final_Project/lib_projd.a(w5x00.o)
W5x_readbufSIPR                                   /home/jared/SER486-EmbeddedC/Final_Project/lib_projd.a(w5x00.o)
W5x_readbufSUBR                                   /home/jared/SER486-EmbeddedC/Final_Project/lib_projd.a(w5x00.o)
W5x_readbufSn                                     /home/jared/SER486-EmbeddedC/Final_Project/lib_projd.a(w5x00.o)
W5x_readbufUIPR                                   /home/jared/SER486-EmbeddedC/Final_Project/lib_projd.a(w5x00.o)
W5x_recv_data_processing                          /home/jared/SER486-EmbeddedC/Final_Project/lib_projd.a(w5x00.o)
                                                  /home/jared/SER486-EmbeddedC/Final_Project/lib_projd.a(socket.o)
W5x_recv_data_processing_offset                   /home/jared/SER486-EmbeddedC/Final_Project/lib_projd.a(w5x00.o)
                                                  /home/jared/SER486-EmbeddedC/Final_Project/lib_projd.a(socket.o)
W5x_send_data_processing                          /home/jared/SER486-EmbeddedC/Final_Project/lib_projd.a(w5x00.o)
                                                  /home/jared/SER486-EmbeddedC/Final_Project/lib_projd.a(socket.o)
W5x_send_data_processing_offset                   /home/jared/SER486-EmbeddedC/Final_Project/lib_projd.a(w5x00.o)
                                                  /home/jared/SER486-EmbeddedC/Final_Project/lib_projd.a(socket.o)
W5x_write                                         /home/jared/SER486-EmbeddedC/Final_Project/lib_projd.a(w5x00.o)
W5x_writeIR                                       /home/jared/SER486-EmbeddedC/Final_Project/lib_projd.a(w5x00.o)
W5x_writeMR                                       /home/jared/SER486-EmbeddedC/Final_Project/lib_projd.a(w5x00.o)
W5x_writeRTR                                      /home/jared/SER486-EmbeddedC/Final_Project/lib_projd.a(w5x00.o)
W5x_writeSn                                       /home/jared/SER486-EmbeddedC/Final_Project/lib_projd.a(w5x00.o)
W5x_writeSnCR                                     /home/jared/SER486-EmbeddedC/Final_Project/lib_projd.a(w5x00.o)
W5x_writeSnDHAR                                   /home/jared/SER486-EmbeddedC/Final_Project/lib_projd.a(w5x00.o)
                                                  /home/jared/SER486-EmbeddedC/Final_Project/lib_projd.a(socket.o)
W5x_writeSnDIPR                                   /home/jared/SER486-EmbeddedC/Final_Project/lib_projd.a(w5x00.o)
                                                  /home/jared/SER486-EmbeddedC/Final_Project/lib_projd.a(socket.o)
W5x_writeSnDPORT                                  /home/jared/SER486-EmbeddedC/Final_Project/lib_projd.a(w5x00.o)
                                                  /home/jared/SER486-EmbeddedC/Final_Project/lib_projd.a(socket.o)
W5x_writeSnIR                                     /home/jared/SER486-EmbeddedC/Final_Project/lib_projd.a(w5x00.o)
                                                  /home/jared/SER486-EmbeddedC/Final_Project/lib_projd.a(socket.o)
W5x_writeSnMR                                     /home/jared/SER486-EmbeddedC/Final_Project/lib_projd.a(w5x00.o)
                                                  /home/jared/SER486-EmbeddedC/Final_Project/lib_projd.a(socket.o)
W5x_writeSnMSSR                                   /home/jared/SER486-EmbeddedC/Final_Project/lib_projd.a(w5x00.o)
W5x_writeSnPORT                                   /home/jared/SER486-EmbeddedC/Final_Project/lib_projd.a(w5x00.o)
                                                  /home/jared/SER486-EmbeddedC/Final_Project/lib_projd.a(socket.o)
W5x_writeSnRX_RD                                  /home/jared/SER486-EmbeddedC/Final_Project/lib_projd.a(w5x00.o)
                                                  /home/jared/SER486-EmbeddedC/Final_Project/lib_projd.a(socket.o)
W5x_writeSnRX_RSR                                 /home/jared/SER486-EmbeddedC/Final_Project/lib_projd.a(w5x00.o)
W5x_writeSnRX_WR                                  /home/jared/SER486-EmbeddedC/Final_Project/lib_projd.a(w5x00.o)
W5x_writeSnSR                                     /home/jared/SER486-EmbeddedC/Final_Project/lib_projd.a(w5x00.o)
W5x_writeSnTX_FSR                                 /home/jared/SER486-EmbeddedC/Final_Project/lib_projd.a(w5x00.o)
W5x_writeSnTX_RD                                  /home/jared/SER486-EmbeddedC/Final_Project/lib_projd.a(w5x00.o)
W5x_writeSnTX_WR                                  /home/jared/SER486-EmbeddedC/Final_Project/lib_projd.a(w5x00.o)
W5x_writeUPORT                                    /home/jared/SER486-EmbeddedC/Final_Project/lib_projd.a(w5x00.o)
W5x_writebuf                                      /home/jared/SER486-EmbeddedC/Final_Project/lib_projd.a(w5x00.o)
W5x_writebufGAR                                   /home/jared/SER486-EmbeddedC/Final_Project/lib_projd.a(w5x00.o)
W5x_writebufSHAR                                  /home/jared/SER486-EmbeddedC/Final_Project/lib_projd.a(w5x00.o)
W5x_writebufSIPR                                  /home/jared/SER486-EmbeddedC/Final_Project/lib_projd.a(w5x00.o)
W5x_writebufSUBR                                  /home/jared/SER486-EmbeddedC/Final_Project/lib_projd.a(w5x00.o)
W5x_writebufSn                                    /home/jared/SER486-EmbeddedC/Final_Project/lib_projd.a(w5x00.o)
W5x_writebufUIPR                                  /home/jared/SER486-EmbeddedC/Final_Project/lib_projd.a(w5x00.o)
_ZN9DhcpClass10checkLeaseEv                       /home/jared/SER486-EmbeddedC/Final_Project/lib_projd.a(Dhcp.o)
_ZN9DhcpClass10getLocalIpEv                       /home/jared/SER486-EmbeddedC/Final_Project/lib_projd.a(Dhcp.o)
_ZN9DhcpClass12getGatewayIpEv                     /home/jared/SER486-EmbeddedC/Final_Project/lib_projd.a(Dhcp.o)
_ZN9DhcpClass12presend_DHCPEv                     /home/jared/SER486-EmbeddedC/Final_Project/lib_projd.a(Dhcp.o)
_ZN9DhcpClass13beginWithDHCPEPhmm                 /home/jared/SER486-EmbeddedC/Final_Project/lib_projd.a(Dhcp.o)
_ZN9DhcpClass13getSubnetMaskEv                    /home/jared/SER486-EmbeddedC/Final_Project/lib_projd.a(Dhcp.o)
_ZN9DhcpClass14getDnsServerIpEv                   /home/jared/SER486-EmbeddedC/Final_Project/lib_projd.a(Dhcp.o)
_ZN9DhcpClass15getDhcpServerIpEv                  /home/jared/SER486-EmbeddedC/Final_Project/lib_projd.a(Dhcp.o)
_ZN9DhcpClass16reset_DHCP_leaseEv                 /home/jared/SER486-EmbeddedC/Final_Project/lib_projd.a(Dhcp.o)
_ZN9DhcpClass17parseDHCPResponseEmRm              /home/jared/SER486-EmbeddedC/Final_Project/lib_projd.a(Dhcp.o)
_ZN9DhcpClass17send_DHCP_MESSAGEEhj               /home/jared/SER486-EmbeddedC/Final_Project/lib_projd.a(Dhcp.o)
_ZN9DhcpClass18request_DHCP_leaseEv               /home/jared/SER486-EmbeddedC/Final_Project/lib_projd.a(Dhcp.o)
_ZN9DhcpClass9printByteEPch                       /home/jared/SER486-EmbeddedC/Final_Project/lib_projd.a(Dhcp.o)
__FUSE_REGION_LENGTH__                            /usr/lib/gcc/avr/5.4.0/../../../avr/lib/avr5/crtatmega328p.o
__bad_interrupt                                   /usr/lib/gcc/avr/5.4.0/../../../avr/lib/avr5/crtatmega328p.o
__bss_end                                         /usr/lib/gcc/avr/5.4.0/avr5/libgcc.a(_clear_bss.o)
__bss_start                                       /usr/lib/gcc/avr/5.4.0/avr5/libgcc.a(_clear_bss.o)
__bswapsi2                                        /usr/lib/gcc/avr/5.4.0/avr5/libgcc.a(_bswapsi2.o)
                                                  /home/jared/SER486-EmbeddedC/Final_Project/lib_projd.a(Dhcp.o)
__data_end                                        /usr/lib/gcc/avr/5.4.0/avr5/libgcc.a(_copy_data.o)
__data_load_start                                 /usr/lib/gcc/avr/5.4.0/avr5/libgcc.a(_copy_data.o)
__data_start                                      /usr/lib/gcc/avr/5.4.0/avr5/libgcc.a(_copy_data.o)
__divmodhi4                                       /usr/lib/gcc/avr/5.4.0/avr5/libgcc.a(_divmodhi4.o)
                                                  /home/jared/SER486-EmbeddedC/Final_Project/lib_projd.a(log.o)
__divmodsi4                                       /usr/lib/gcc/avr/5.4.0/avr5/libgcc.a(_divmodsi4.o)
                                                  /home/jared/SER486-EmbeddedC/Final_Project/lib_projd.a(uart.o)
                                                  /home/jared/SER486-EmbeddedC/Final_Project/lib_projd.a(temp.o)
                                                  /home/jared/SER486-EmbeddedC/Final_Project/lib_projd.a(socket.o)
__do_clear_bss                                    /usr/lib/gcc/avr/5.4.0/avr5/libgcc.a(_clear_bss.o)
                                                  /home/jared/SER486-EmbeddedC/Final_Project/lib_projd.a(serial.o)
                                                  /home/jared/SER486-EmbeddedC/Final_Project/lib_projd.a(w5x00.o)
                                                  /home/jared/SER486-EmbeddedC/Final_Project/lib_projd.a(vpd.o)
                                                  /home/jared/SER486-EmbeddedC/Final_Project/lib_projd.a(timer1.o)
                                                  /home/jared/SER486-EmbeddedC/Final_Project/lib_projd.a(tempfsm.o)
                                                  /home/jared/SER486-EmbeddedC/Final_Project/lib_projd.a(spi.o)
                                                  /home/jared/SER486-EmbeddedC/Final_Project/lib_projd.a(socket.o)
                                                  /home/jared/SER486-EmbeddedC/Final_Project/lib_projd.a(rtc.o)
                                                  /home/jared/SER486-EmbeddedC/Final_Project/lib_projd.a(log.o)
                                                  /home/jared/SER486-EmbeddedC/Final_Project/lib_projd.a(led.o)
                                                  /home/jared/SER486-EmbeddedC/Final_Project/lib_projd.a(eeprom.o)
                                                  /home/jared/SER486-EmbeddedC/Final_Project/lib_projd.a(Dhcp.o)
                                                  /home/jared/SER486-EmbeddedC/Final_Project/lib_projd.a(delay.o)
                                                  /home/jared/SER486-EmbeddedC/Final_Project/lib_projd.a(config.o)
                                                  obj/Debug/httpfsm.o
__do_copy_data                                    /usr/lib/gcc/avr/5.4.0/avr5/libgcc.a(_copy_data.o)
                                                  /home/jared/SER486-EmbeddedC/Final_Project/lib_projd.a(w5x00.o)
                                                  /home/jared/SER486-EmbeddedC/Final_Project/lib_projd.a(vpd.o)
                                                  /home/jared/SER486-EmbeddedC/Final_Project/lib_projd.a(util.o)
                                                  /home/jared/SER486-EmbeddedC/Final_Project/lib_projd.a(uart.o)
                                                  /home/jared/SER486-EmbeddedC/Final_Project/lib_projd.a(tempfsm.o)
                                                  /home/jared/SER486-EmbeddedC/Final_Project/lib_projd.a(socket.o)
                                                  /home/jared/SER486-EmbeddedC/Final_Project/lib_projd.a(signature.o)
                                                  /home/jared/SER486-EmbeddedC/Final_Project/lib_projd.a(rtc.o)
                                                  /home/jared/SER486-EmbeddedC/Final_Project/lib_projd.a(ntp.o)
                                                  /home/jared/SER486-EmbeddedC/Final_Project/lib_projd.a(Dhcp.o)
                                                  /home/jared/SER486-EmbeddedC/Final_Project/lib_projd.a(config.o)
                                                  /home/jared/SER486-EmbeddedC/Final_Project/lib_projd.a(alarm.o)
                                                  obj/Debug/main.o
                                                  obj/Debug/httpfsm.o
__heap_end                                        /usr/lib/gcc/avr/5.4.0/../../../avr/lib/avr5/crtatmega328p.o
__init                                            /usr/lib/gcc/avr/5.4.0/../../../avr/lib/avr5/crtatmega328p.o
__mulsi3                                          /usr/lib/gcc/avr/5.4.0/avr5/libgcc.a(_mulsi3.o)
                                                  /home/jared/SER486-EmbeddedC/Final_Project/lib_projd.a(rtc.o)
__muluhisi3                                       /usr/lib/gcc/avr/5.4.0/avr5/libgcc.a(_muluhisi3.o)
                                                  /usr/lib/gcc/avr/5.4.0/avr5/libgcc.a(_mulsi3.o)
                                                  /home/jared/SER486-EmbeddedC/Final_Project/lib_projd.a(util.o)
                                                  /home/jared/SER486-EmbeddedC/Final_Project/lib_projd.a(uart.o)
                                                  /home/jared/SER486-EmbeddedC/Final_Project/lib_projd.a(temp.o)
                                                  /home/jared/SER486-EmbeddedC/Final_Project/lib_projd.a(socket.o)
                                                  /home/jared/SER486-EmbeddedC/Final_Project/lib_projd.a(rtc.o)
__negsi2                                          /usr/lib/gcc/avr/5.4.0/avr5/libgcc.a(_negsi2.o)
                                                  /usr/lib/gcc/avr/5.4.0/avr5/libgcc.a(_divmodsi4.o)
__stack                                           /usr/lib/gcc/avr/5.4.0/../../../avr/lib/avr5/crtatmega328p.o
__tablejump2__                                    /usr/lib/gcc/avr/5.4.0/avr5/libgcc.a(_tablejump2.o)
                                                  /home/jared/SER486-EmbeddedC/Final_Project/lib_projd.a(tempfsm.o)
                                                  obj/Debug/httpfsm.o
__udivmodhi4                                      /usr/lib/gcc/avr/5.4.0/avr5/libgcc.a(_udivmodhi4.o)
                                                  /usr/lib/gcc/avr/5.4.0/avr5/libgcc.a(_divmodhi4.o)
                                                  /home/jared/SER486-EmbeddedC/Final_Project/lib_projd.a(str.o)
                                                  /home/jared/SER486-EmbeddedC/Final_Project/lib_projd.a(rtc.o)
__udivmodsi4                                      /usr/lib/gcc/avr/5.4.0/avr5/libgcc.a(_udivmodsi4.o)
                                                  /usr/lib/gcc/avr/5.4.0/avr5/libgcc.a(_divmodsi4.o)
                                                  /home/jared/SER486-EmbeddedC/Final_Project/lib_projd.a(util.o)
                                                  /home/jared/SER486-EmbeddedC/Final_Project/lib_projd.a(rtc.o)
                                                  /home/jared/SER486-EmbeddedC/Final_Project/lib_projd.a(Dhcp.o)
__umulhisi3                                       /usr/lib/gcc/avr/5.4.0/avr5/libgcc.a(_umulhisi3.o)
                                                  /usr/lib/gcc/avr/5.4.0/avr5/libgcc.a(_muluhisi3.o)
                                                  /home/jared/SER486-EmbeddedC/Final_Project/lib_projd.a(rtc.o)
__vector_1                                        /usr/lib/gcc/avr/5.4.0/../../../avr/lib/avr5/crtatmega328p.o
__vector_10                                       /usr/lib/gcc/avr/5.4.0/../../../avr/lib/avr5/crtatmega328p.o
__vector_11                                       /home/jared/SER486-EmbeddedC/Final_Project/lib_projd.a(timer1.o)
                                                  /usr/lib/gcc/avr/5.4.0/../../../avr/lib/avr5/crtatmega328p.o
__vector_12                                       /usr/lib/gcc/avr/5.4.0/../../../avr/lib/avr5/crtatmega328p.o
__vector_13                                       /usr/lib/gcc/avr/5.4.0/../../../avr/lib/avr5/crtatmega328p.o
__vector_14                                       /home/jared/SER486-EmbeddedC/Final_Project/lib_projd.a(delay.o)
                                                  /usr/lib/gcc/avr/5.4.0/../../../avr/lib/avr5/crtatmega328p.o
__vector_15                                       /usr/lib/gcc/avr/5.4.0/../../../avr/lib/avr5/crtatmega328p.o
__vector_16                                       /usr/lib/gcc/avr/5.4.0/../../../avr/lib/avr5/crtatmega328p.o
__vector_17                                       /usr/lib/gcc/avr/5.4.0/../../../avr/lib/avr5/crtatmega328p.o
__vector_18                                       /home/jared/SER486-EmbeddedC/Final_Project/lib_projd.a(serial.o)
                                                  /usr/lib/gcc/avr/5.4.0/../../../avr/lib/avr5/crtatmega328p.o
__vector_19                                       /home/jared/SER486-EmbeddedC/Final_Project/lib_projd.a(serial.o)
                                                  /usr/lib/gcc/avr/5.4.0/../../../avr/lib/avr5/crtatmega328p.o
__vector_2                                        /usr/lib/gcc/avr/5.4.0/../../../avr/lib/avr5/crtatmega328p.o
__vector_20                                       /usr/lib/gcc/avr/5.4.0/../../../avr/lib/avr5/crtatmega328p.o
__vector_21                                       /usr/lib/gcc/avr/5.4.0/../../../avr/lib/avr5/crtatmega328p.o
__vector_22                                       /home/jared/SER486-EmbeddedC/Final_Project/lib_projd.a(eeprom.o)
                                                  /usr/lib/gcc/avr/5.4.0/../../../avr/lib/avr5/crtatmega328p.o
__vector_23                                       /usr/lib/gcc/avr/5.4.0/../../../avr/lib/avr5/crtatmega328p.o
__vector_24                                       /usr/lib/gcc/avr/5.4.0/../../../avr/lib/avr5/crtatmega328p.o
__vector_25                                       /usr/lib/gcc/avr/5.4.0/../../../avr/lib/avr5/crtatmega328p.o
__vector_3                                        /usr/lib/gcc/avr/5.4.0/../../../avr/lib/avr5/crtatmega328p.o
__vector_4                                        /usr/lib/gcc/avr/5.4.0/../../../avr/lib/avr5/crtatmega328p.o
__vector_5                                        /usr/lib/gcc/avr/5.4.0/../../../avr/lib/avr5/crtatmega328p.o
__vector_6                                        /home/jared/SER486-EmbeddedC/Final_Project/lib_projd.a(wdt.o)
                                                  /usr/lib/gcc/avr/5.4.0/../../../avr/lib/avr5/crtatmega328p.o
__vector_7                                        /usr/lib/gcc/avr/5.4.0/../../../avr/lib/avr5/crtatmega328p.o
__vector_8                                        /usr/lib/gcc/avr/5.4.0/../../../avr/lib/avr5/crtatmega328p.o
__vector_9                                        /usr/lib/gcc/avr/5.4.0/../../../avr/lib/avr5/crtatmega328p.o
__vector_default                                  /usr/lib/gcc/avr/5.4.0/../../../avr/lib/avr5/crtatmega328p.o
__vectors                                         /usr/lib/gcc/avr/5.4.0/../../../avr/lib/avr5/crtatmega328p.o
_div                                              /usr/lib/gcc/avr/5.4.0/avr5/libgcc.a(_divmodhi4.o)
_exit                                             /usr/lib/gcc/avr/5.4.0/avr5/libgcc.a(_exit.o)
alarm_init                                        /home/jared/SER486-EmbeddedC/Final_Project/lib_projd.a(alarm.o)
alarm_send                                        /home/jared/SER486-EmbeddedC/Final_Project/lib_projd.a(alarm.o)
                                                  /home/jared/SER486-EmbeddedC/Final_Project/lib_projd.a(tempfsm.o)
                                                  /home/jared/SER486-EmbeddedC/Final_Project/lib_projd.a(signature.o)
                                                  obj/Debug/main.o
bufidx                                            /home/jared/SER486-EmbeddedC/Final_Project/lib_projd.a(eeprom.o)
check_for_test_start                              /home/jared/SER486-EmbeddedC/Final_Project/lib_projd.a(signature.o)
                                                  obj/Debug/main.o
config                                            /home/jared/SER486-EmbeddedC/Final_Project/lib_projd.a(config.o)
                                                  obj/Debug/temputil.o
                                                  obj/Debug/main.o
                                                  obj/Debug/httpfsm.o
config_init                                       /home/jared/SER486-EmbeddedC/Final_Project/lib_projd.a(config.o)
                                                  obj/Debug/main.o
config_is_data_valid                              /home/jared/SER486-EmbeddedC/Final_Project/lib_projd.a(config.o)
config_set_modified                               /home/jared/SER486-EmbeddedC/Final_Project/lib_projd.a(config.o)
                                                  obj/Debug/temputil.o
config_update                                     /home/jared/SER486-EmbeddedC/Final_Project/lib_projd.a(config.o)
                                                  obj/Debug/temputil.o
                                                  obj/Debug/main.o
config_update_noisr                               /home/jared/SER486-EmbeddedC/Final_Project/lib_projd.a(config.o)
                                                  /home/jared/SER486-EmbeddedC/Final_Project/lib_projd.a(wdt.o)
config_write_defaults                             /home/jared/SER486-EmbeddedC/Final_Project/lib_projd.a(config.o)
current_temperature                               obj/Debug/main.o
delay_get                                         /home/jared/SER486-EmbeddedC/Final_Project/lib_projd.a(delay.o)
delay_init                                        /home/jared/SER486-EmbeddedC/Final_Project/lib_projd.a(delay.o)
delay_isdone                                      /home/jared/SER486-EmbeddedC/Final_Project/lib_projd.a(delay.o)
                                                  /home/jared/SER486-EmbeddedC/Final_Project/lib_projd.a(led.o)
                                                  obj/Debug/main.o
delay_set                                         /home/jared/SER486-EmbeddedC/Final_Project/lib_projd.a(delay.o)
                                                  /home/jared/SER486-EmbeddedC/Final_Project/lib_projd.a(led.o)
                                                  obj/Debug/main.o
dhcp_checkLease                                   /home/jared/SER486-EmbeddedC/Final_Project/lib_projd.a(Dhcp.o)
dhcp_getDhcpServerIp                              /home/jared/SER486-EmbeddedC/Final_Project/lib_projd.a(Dhcp.o)
dhcp_getDnsServerIp                               /home/jared/SER486-EmbeddedC/Final_Project/lib_projd.a(Dhcp.o)
dhcp_getGatewayIp                                 /home/jared/SER486-EmbeddedC/Final_Project/lib_projd.a(Dhcp.o)
                                                  obj/Debug/main.o
dhcp_getLocalIp                                   /home/jared/SER486-EmbeddedC/Final_Project/lib_projd.a(Dhcp.o)
                                                  obj/Debug/main.o
dhcp_getSubnetMask                                /home/jared/SER486-EmbeddedC/Final_Project/lib_projd.a(Dhcp.o)
                                                  obj/Debug/main.o
dhcp_start                                        /home/jared/SER486-EmbeddedC/Final_Project/lib_projd.a(Dhcp.o)
                                                  obj/Debug/main.o
eeprom_isbusy                                     /home/jared/SER486-EmbeddedC/Final_Project/lib_projd.a(eeprom.o)
                                                  /home/jared/SER486-EmbeddedC/Final_Project/lib_projd.a(vpd.o)
                                                  /home/jared/SER486-EmbeddedC/Final_Project/lib_projd.a(log.o)
                                                  /home/jared/SER486-EmbeddedC/Final_Project/lib_projd.a(config.o)
                                                  obj/Debug/main.o
eeprom_readbuf                                    /home/jared/SER486-EmbeddedC/Final_Project/lib_projd.a(eeprom.o)
                                                  /home/jared/SER486-EmbeddedC/Final_Project/lib_projd.a(vpd.o)
                                                  /home/jared/SER486-EmbeddedC/Final_Project/lib_projd.a(log.o)
                                                  /home/jared/SER486-EmbeddedC/Final_Project/lib_projd.a(config.o)
eeprom_startwrite                                 /home/jared/SER486-EmbeddedC/Final_Project/lib_projd.a(eeprom.o)
eeprom_writebuf                                   /home/jared/SER486-EmbeddedC/Final_Project/lib_projd.a(eeprom.o)
                                                  /home/jared/SER486-EmbeddedC/Final_Project/lib_projd.a(vpd.o)
                                                  /home/jared/SER486-EmbeddedC/Final_Project/lib_projd.a(log.o)
                                                  /home/jared/SER486-EmbeddedC/Final_Project/lib_projd.a(config.o)
eeprom_writebuf_noisr                             /home/jared/SER486-EmbeddedC/Final_Project/lib_projd.a(eeprom.o)
                                                  /home/jared/SER486-EmbeddedC/Final_Project/lib_projd.a(log.o)
                                                  /home/jared/SER486-EmbeddedC/Final_Project/lib_projd.a(config.o)
exit                                              /usr/lib/gcc/avr/5.4.0/avr5/libgcc.a(_exit.o)
                                                  /usr/lib/gcc/avr/5.4.0/../../../avr/lib/avr5/crtatmega328p.o
get_month                                         /home/jared/SER486-EmbeddedC/Final_Project/lib_projd.a(rtc.o)
httpfsm_init                                      obj/Debug/httpfsm.o
                                                  obj/Debug/main.o
httpfsm_reset                                     obj/Debug/httpfsm.o
httpfsm_update                                    obj/Debug/httpfsm.o
                                                  obj/Debug/main.o
isW5100                                           /home/jared/SER486-EmbeddedC/Final_Project/lib_projd.a(w5x00.o)
isW5500                                           /home/jared/SER486-EmbeddedC/Final_Project/lib_projd.a(w5x00.o)
is_leapyear                                       /home/jared/SER486-EmbeddedC/Final_Project/lib_projd.a(rtc.o)
led_init                                          /home/jared/SER486-EmbeddedC/Final_Project/lib_projd.a(led.o)
                                                  obj/Debug/main.o
led_is_on                                         /home/jared/SER486-EmbeddedC/Final_Project/lib_projd.a(led.o)
led_off                                           /home/jared/SER486-EmbeddedC/Final_Project/lib_projd.a(led.o)
led_on                                            /home/jared/SER486-EmbeddedC/Final_Project/lib_projd.a(led.o)
                                                  /home/jared/SER486-EmbeddedC/Final_Project/lib_projd.a(wdt.o)
led_set_blink                                     /home/jared/SER486-EmbeddedC/Final_Project/lib_projd.a(led.o)
                                                  /home/jared/SER486-EmbeddedC/Final_Project/lib_projd.a(tempfsm.o)
led_update                                        /home/jared/SER486-EmbeddedC/Final_Project/lib_projd.a(led.o)
                                                  obj/Debug/main.o
log_add_record                                    /home/jared/SER486-EmbeddedC/Final_Project/lib_projd.a(log.o)
                                                  /home/jared/SER486-EmbeddedC/Final_Project/lib_projd.a(wdt.o)
                                                  /home/jared/SER486-EmbeddedC/Final_Project/lib_projd.a(tempfsm.o)
                                                  obj/Debug/main.o
log_clear                                         /home/jared/SER486-EmbeddedC/Final_Project/lib_projd.a(log.o)
                                                  obj/Debug/main.o
                                                  obj/Debug/httpfsm.o
log_get_num_entries                               /home/jared/SER486-EmbeddedC/Final_Project/lib_projd.a(log.o)
                                                  obj/Debug/httpfsm.o
log_get_record                                    /home/jared/SER486-EmbeddedC/Final_Project/lib_projd.a(log.o)
                                                  obj/Debug/httpfsm.o
log_init                                          /home/jared/SER486-EmbeddedC/Final_Project/lib_projd.a(log.o)
                                                  obj/Debug/main.o
log_is_data_valid                                 /home/jared/SER486-EmbeddedC/Final_Project/lib_projd.a(log.o)
log_update                                        /home/jared/SER486-EmbeddedC/Final_Project/lib_projd.a(log.o)
                                                  obj/Debug/main.o
log_update_noisr                                  /home/jared/SER486-EmbeddedC/Final_Project/lib_projd.a(log.o)
                                                  /home/jared/SER486-EmbeddedC/Final_Project/lib_projd.a(wdt.o)
main                                              obj/Debug/main.o
                                                  /usr/lib/gcc/avr/5.4.0/../../../avr/lib/avr5/crtatmega328p.o
mem_cmp                                           /home/jared/SER486-EmbeddedC/Final_Project/lib_projd.a(str.o)
                                                  /home/jared/SER486-EmbeddedC/Final_Project/lib_projd.a(Dhcp.o)
mem_cpy                                           /home/jared/SER486-EmbeddedC/Final_Project/lib_projd.a(str.o)
                                                  /home/jared/SER486-EmbeddedC/Final_Project/lib_projd.a(signature.o)
                                                  /home/jared/SER486-EmbeddedC/Final_Project/lib_projd.a(Dhcp.o)
mem_set                                           /home/jared/SER486-EmbeddedC/Final_Project/lib_projd.a(str.o)
                                                  /home/jared/SER486-EmbeddedC/Final_Project/lib_projd.a(Dhcp.o)
millis                                            /home/jared/SER486-EmbeddedC/Final_Project/lib_projd.a(delay.o)
                                                  /home/jared/SER486-EmbeddedC/Final_Project/lib_projd.a(w5x00.o)
                                                  /home/jared/SER486-EmbeddedC/Final_Project/lib_projd.a(ntp.o)
                                                  /home/jared/SER486-EmbeddedC/Final_Project/lib_projd.a(Dhcp.o)
                                                  /home/jared/SER486-EmbeddedC/Final_Project/lib_projd.a(alarm.o)
ntp_sync_network_time                             /home/jared/SER486-EmbeddedC/Final_Project/lib_projd.a(ntp.o)
                                                  obj/Debug/main.o
random                                            /home/jared/SER486-EmbeddedC/Final_Project/lib_projd.a(util.o)
                                                  /home/jared/SER486-EmbeddedC/Final_Project/lib_projd.a(Dhcp.o)
random_seed                                       /home/jared/SER486-EmbeddedC/Final_Project/lib_projd.a(util.o)
rtc_base                                          /home/jared/SER486-EmbeddedC/Final_Project/lib_projd.a(rtc.o)
rtc_get_date                                      /home/jared/SER486-EmbeddedC/Final_Project/lib_projd.a(rtc.o)
                                                  /home/jared/SER486-EmbeddedC/Final_Project/lib_projd.a(log.o)
rtc_get_date_string                               /home/jared/SER486-EmbeddedC/Final_Project/lib_projd.a(rtc.o)
                                                  /home/jared/SER486-EmbeddedC/Final_Project/lib_projd.a(ntp.o)
                                                  /home/jared/SER486-EmbeddedC/Final_Project/lib_projd.a(alarm.o)
rtc_init                                          /home/jared/SER486-EmbeddedC/Final_Project/lib_projd.a(rtc.o)
                                                  obj/Debug/main.o
rtc_num2datestr                                   /home/jared/SER486-EmbeddedC/Final_Project/lib_projd.a(rtc.o)
                                                  /home/jared/SER486-EmbeddedC/Final_Project/lib_projd.a(socket.o)
                                                  /home/jared/SER486-EmbeddedC/Final_Project/lib_projd.a(ntp.o)
                                                  obj/Debug/httpfsm.o
rtc_set_by_datestr                                /home/jared/SER486-EmbeddedC/Final_Project/lib_projd.a(rtc.o)
                                                  /home/jared/SER486-EmbeddedC/Final_Project/lib_projd.a(ntp.o)
rtc_set_date                                      /home/jared/SER486-EmbeddedC/Final_Project/lib_projd.a(rtc.o)
rxbuf                                             /home/jared/SER486-EmbeddedC/Final_Project/lib_projd.a(serial.o)
rxhead                                            /home/jared/SER486-EmbeddedC/Final_Project/lib_projd.a(serial.o)
rxtail                                            /home/jared/SER486-EmbeddedC/Final_Project/lib_projd.a(serial.o)
serial_init                                       /home/jared/SER486-EmbeddedC/Final_Project/lib_projd.a(serial.o)
                                                  /home/jared/SER486-EmbeddedC/Final_Project/lib_projd.a(uart.o)
serial_is_packet_ready                            /home/jared/SER486-EmbeddedC/Final_Project/lib_projd.a(serial.o)
                                                  /home/jared/SER486-EmbeddedC/Final_Project/lib_projd.a(uart.o)
serial_isconnected                                /home/jared/SER486-EmbeddedC/Final_Project/lib_projd.a(serial.o)
                                                  /home/jared/SER486-EmbeddedC/Final_Project/lib_projd.a(uart.o)
serial_popchar                                    /home/jared/SER486-EmbeddedC/Final_Project/lib_projd.a(serial.o)
                                                  /home/jared/SER486-EmbeddedC/Final_Project/lib_projd.a(uart.o)
                                                  /home/jared/SER486-EmbeddedC/Final_Project/lib_projd.a(signature.o)
serial_rxchars                                    /home/jared/SER486-EmbeddedC/Final_Project/lib_projd.a(serial.o)
                                                  /home/jared/SER486-EmbeddedC/Final_Project/lib_projd.a(uart.o)
                                                  /home/jared/SER486-EmbeddedC/Final_Project/lib_projd.a(signature.o)
serial_writechar                                  /home/jared/SER486-EmbeddedC/Final_Project/lib_projd.a(serial.o)
                                                  /home/jared/SER486-EmbeddedC/Final_Project/lib_projd.a(uart.o)
serial_writestr                                   /home/jared/SER486-EmbeddedC/Final_Project/lib_projd.a(serial.o)
serial_writestr_P                                 /home/jared/SER486-EmbeddedC/Final_Project/lib_projd.a(serial.o)